#
# There is insufficient memory for the Java Runtime Environment to continue.
# Native memory allocation (mmap) failed to map 54525952 bytes. Error detail: G1 virtual space
# Possible reasons:
#   The system is out of physical RAM or swap space
#   This process is running with CompressedOops enabled, and the Java Heap may be blocking the growth of the native heap
# Possible solutions:
#   Reduce memory load on the system
#   Increase physical memory or swap space
#   Check if swap backing store is full
#   Decrease Java heap size (-Xmx/-Xms)
#   Decrease number of Java threads
#   Decrease Java thread stack sizes (-Xss)
#   Set larger code cache with -XX:ReservedCodeCacheSize=
#   JVM is running with Unscaled Compressed Oops mode in which the Java heap is
#     placed in the first 4GB address space. The Java Heap base address is the
#     maximum limit for the native heap growth. Please use -XX:HeapBaseMinAddress
#     to set the Java Heap base and to place the Java Heap above 4GB virtual address.
# This output file may be truncated or incomplete.
#
#  Out of Memory Error (os_windows.cpp:3732), pid=28116, tid=28576
#
# JRE version: OpenJDK Runtime Environment Temurin-21.0.12.1+1 (21.0.12.1+1) (build 21.0.12.1+1-LTS)
# Java VM: OpenJDK 64-Bit Server VM Temurin-21.0.12.1+1 (21.0.12.1+1-LTS, mixed mode, sharing, tiered, compressed oops, compressed class ptrs, g1 gc, windows-amd64)
# No core dump will be written. Minidumps are not enabled by default on client versions of Windows
#

---------------  S U M M A R Y ------------

Command Line: --add-opens=java.base/java.lang=ALL-UNNAMED --add-opens=java.base/java.lang.invoke=ALL-UNNAMED --add-opens=java.base/java.util=ALL-UNNAMED --add-opens=java.prefs/java.util.prefs=ALL-UNNAMED --add-exports=jdk.compiler/com.sun.tools.javac.api=ALL-UNNAMED --add-exports=jdk.compiler/com.sun.tools.javac.util=ALL-UNNAMED --add-opens=java.base/java.nio.charset=ALL-UNNAMED --add-opens=java.base/java.net=ALL-UNNAMED --add-opens=java.base/java.util.concurrent=ALL-UNNAMED --add-opens=java.base/java.util.concurrent.atomic=ALL-UNNAMED --add-opens=java.xml/javax.xml.namespace=ALL-UNNAMED --add-opens=java.base/java.time=ALL-UNNAMED -XX:MaxMetaspaceSize=384m -XX:+HeapDumpOnOutOfMemoryError -Xms256m -Xmx512m -Dfile.encoding=UTF-8 -Duser.country=KR -Duser.language=ko -Duser.variant -javaagent:C:\Users\pjoo6\.gradle\wrapper\dists\gradle-9.7.1-bin\1w1c7tv4s851m17nbqdsro2tv\gradle-9.7.1\lib\agents\gradle-instrumentation-agent-9.7.1.jar org.gradle.launcher.daemon.bootstrap.GradleDaemon 9.7.1

Host: 13th Gen Intel(R) Core(TM) i5-1335U, 12 cores, 15G,  Windows 11 , 64 bit Build 26100 (10.0.26100.9444)
Time: Tue Oct  6 02:09:38 2026 elapsed time: 15360.567866 seconds (0d 4h 16m 0s)

---------------  T H R E A D  ---------------

Current thread (0x000002d2e253a1e0):  VMThread "VM Thread"          [id=28576, stack(0x000000dd24a00000,0x000000dd24b00000) (1024K)]

Stack: [0x000000dd24a00000,0x000000dd24b00000]
Native frames: (J=compiled Java code, j=interpreted, Vv=VM code, C=native code)
V  [jvm.dll+0x6d83e9]
V  [jvm.dll+0x8b5736]
V  [jvm.dll+0x8b7cee]
V  [jvm.dll+0x8b83d3]
V  [jvm.dll+0x284596]
V  [jvm.dll+0x6d4d05]
V  [jvm.dll+0x6c898a]
V  [jvm.dll+0x35f2f8]
V  [jvm.dll+0x366f36]
V  [jvm.dll+0x3b804e]
V  [jvm.dll+0x3b82f8]
V  [jvm.dll+0x33320c]
V  [jvm.dll+0x33329a]
V  [jvm.dll+0x377382]
V  [jvm.dll+0x375b1a]
V  [jvm.dll+0x332951]
V  [jvm.dll+0x37517a]
V  [jvm.dll+0x8be0c0]
V  [jvm.dll+0x8bf434]
V  [jvm.dll+0x8bf960]
V  [jvm.dll+0x8bfc03]
V  [jvm.dll+0x8600cd]
V  [jvm.dll+0x6d6c1d]
C  [ucrtbase.dll+0x2cd30]
C  [KERNEL32.DLL+0x2cd87]
C  [ntdll.dll+0xacaec]

VM_Operation (0x000000dd25efe020): G1CollectForAllocation, mode: safepoint, requested by thread 0x000002d2fd99ba50


---------------  P R O C E S S  ---------------

Threads class SMR info:
_java_thread_list=0x000002d2fdc937a0, length=50, elements={
0x000002d2caa31110, 0x000002d2e25649b0, 0x000002d2e2566230, 0x000002d2e256bad0,
0x000002d2e256c530, 0x000002d2e256cf90, 0x000002d2e256d9f0, 0x000002d2e256e780,
0x000002d2e256f220, 0x000002d2e26481a0, 0x000002d2e26f7b80, 0x000002d2fca12ba0,
0x000002d2fc27f780, 0x000002d2fd99ba50, 0x000002d2fddb6d80, 0x000002d2fda63990,
0x000002d2fc8bf530, 0x000002d2fcb66880, 0x000002d2fdc2da50, 0x000002d2fdc2f490,
0x000002d2fdc2e770, 0x000002d2fdc301b0, 0x000002d2fdc2ee00, 0x000002d2fdc2e0e0,
0x000002d2fdf3fd60, 0x000002d2fdf40a80, 0x000002d2fdf3e9b0, 0x000002d2fdf41110,
0x000002d2fdf3f6d0, 0x000002d2fdf3e320, 0x000002d2fdf417a0, 0x000002d2fdf41e30,
0x000002d2fdf424c0, 0x000002d2fdf3f040, 0x000002d2fdf42b50, 0x000002d2fdf452b0,
0x000002d2fdf43f00, 0x000002d2fdf43870, 0x000002d2fdf44c20, 0x000002d2808357b0,
0x000002d280837f10, 0x000002d280838c30, 0x000002d2808371f0, 0x000002d2808385a0,
0x000002d2808392c0, 0x000002d280835e40, 0x000002d280839950, 0x000002d2808364d0,
0x000002d280839fe0, 0x000002d280836b60
}

Java Threads: ( => current thread )
  0x000002d2caa31110 JavaThread "main"                              [_thread_blocked, id=28452, stack(0x000000dd24200000,0x000000dd24300000) (1024K)]
  0x000002d2e25649b0 JavaThread "Reference Handler"          daemon [_thread_blocked, id=27888, stack(0x000000dd24b00000,0x000000dd24c00000) (1024K)]
  0x000002d2e2566230 JavaThread "Finalizer"                  daemon [_thread_blocked, id=17324, stack(0x000000dd24c00000,0x000000dd24d00000) (1024K)]
  0x000002d2e256bad0 JavaThread "Signal Dispatcher"          daemon [_thread_blocked, id=27988, stack(0x000000dd24d00000,0x000000dd24e00000) (1024K)]
  0x000002d2e256c530 JavaThread "Attach Listener"            daemon [_thread_blocked, id=28004, stack(0x000000dd24e00000,0x000000dd24f00000) (1024K)]
  0x000002d2e256cf90 JavaThread "Service Thread"             daemon [_thread_blocked, id=28020, stack(0x000000dd24f00000,0x000000dd25000000) (1024K)]
  0x000002d2e256d9f0 JavaThread "Monitor Deflation Thread"   daemon [_thread_blocked, id=27984, stack(0x000000dd25000000,0x000000dd25100000) (1024K)]
  0x000002d2e256e780 JavaThread "C2 CompilerThread0"         daemon [_thread_blocked, id=28044, stack(0x000000dd25100000,0x000000dd25200000) (1024K)]
  0x000002d2e256f220 JavaThread "C1 CompilerThread0"         daemon [_thread_blocked, id=28068, stack(0x000000dd25200000,0x000000dd25300000) (1024K)]
  0x000002d2e26481a0 JavaThread "Common-Cleaner"             daemon [_thread_blocked, id=28036, stack(0x000000dd25300000,0x000000dd25400000) (1024K)]
  0x000002d2e26f7b80 JavaThread "Notification Thread"        daemon [_thread_blocked, id=27748, stack(0x000000dd25400000,0x000000dd25500000) (1024K)]
  0x000002d2fca12ba0 JavaThread "Daemon health stats"               [_thread_blocked, id=24932, stack(0x000000dd25b00000,0x000000dd25c00000) (1024K)]
  0x000002d2fc27f780 JavaThread "Incoming local TCP Connector on port 49802"        [_thread_in_native, id=35088, stack(0x000000dd25d00000,0x000000dd25e00000) (1024K)]
  0x000002d2fd99ba50 JavaThread "Daemon periodic checks"            [_thread_blocked, id=35384, stack(0x000000dd25e00000,0x000000dd25f00000) (1024K)]
  0x000002d2fddb6d80 JavaThread "Daemon"                            [_thread_blocked, id=24268, stack(0x000000dd25900000,0x000000dd25a00000) (1024K)]
  0x000002d2fda63990 JavaThread "Handler for socket connection from /127.0.0.1:49802 to /127.0.0.1:52860"        [_thread_in_native, id=23408, stack(0x000000dd25f00000,0x000000dd26000000) (1024K)]
  0x000002d2fc8bf530 JavaThread "Cancel handler"                    [_thread_blocked, id=6080, stack(0x000000dd26000000,0x000000dd26100000) (1024K)]
  0x000002d2fcb66880 JavaThread "Daemon worker"                     [_thread_blocked, id=36436, stack(0x000000dd25800000,0x000000dd25900000) (1024K)]
  0x000002d2fdc2da50 JavaThread "Asynchronous log dispatcher for DefaultDaemonConnection: socket connection from /127.0.0.1:49802 to /127.0.0.1:52860"        [_thread_blocked, id=2840, stack(0x000000dd25a00000,0x000000dd25b00000) (1024K)]
  0x000002d2fdc2f490 JavaThread "Stdin handler"                     [_thread_blocked, id=9060, stack(0x000000dd25c00000,0x000000dd25d00000) (1024K)]
  0x000002d2fdc2e770 JavaThread "Daemon client event forwarder"        [_thread_blocked, id=36568, stack(0x000000dd26100000,0x000000dd26200000) (1024K)]
  0x000002d2fdc301b0 JavaThread "Cache worker for journal cache (C:\Users\pjoo6\.gradle\caches\journal-1)"        [_thread_blocked, id=36044, stack(0x000000dd26200000,0x000000dd26300000) (1024K)]
  0x000002d2fdc2ee00 JavaThread "File lock request listener"        [_thread_in_native, id=1196, stack(0x000000dd26300000,0x000000dd26400000) (1024K)]
  0x000002d2fdc2e0e0 JavaThread "Cache worker for file hash cache (C:\Users\pjoo6\.gradle\caches\9.7.1\fileHashes)"        [_thread_blocked, id=34972, stack(0x000000dd26400000,0x000000dd26500000) (1024K)]
  0x000002d2fdf3fd60 JavaThread "Cache worker for file hash cache (C:\RegularProject1\oncare_backend\.gradle\9.7.1\fileHashes)"        [_thread_blocked, id=27100, stack(0x000000dd26c00000,0x000000dd26d00000) (1024K)]
  0x000002d2fdf40a80 JavaThread "Cache worker for Build Output Cleanup Cache (C:\RegularProject1\oncare_backend\.gradle\buildOutputCleanup)"        [_thread_blocked, id=28392, stack(0x000000dd26d00000,0x000000dd26e00000) (1024K)]
  0x000002d2fdf3e9b0 JavaThread "File watcher server"        daemon [_thread_in_native, id=36816, stack(0x000000dd26e00000,0x000000dd26f00000) (1024K)]
  0x000002d2fdf41110 JavaThread "File watcher consumer"      daemon [_thread_blocked, id=36180, stack(0x000000dd26f00000,0x000000dd27000000) (1024K)]
  0x000002d2fdf3f6d0 JavaThread "Cache worker for file content cache (C:\Users\pjoo6\.gradle\caches\9.7.1\fileContent)"        [_thread_blocked, id=14936, stack(0x000000dd27000000,0x000000dd27100000) (1024K)]
  0x000002d2fdf3e320 JavaThread "Cache worker for checksums cache (C:\RegularProject1\oncare_backend\.gradle\9.7.1\checksums)"        [_thread_blocked, id=35992, stack(0x000000dd27100000,0x000000dd27200000) (1024K)]
  0x000002d2fdf417a0 JavaThread "Cache worker for cache directory md-supplier (C:\Users\pjoo6\.gradle\caches\9.7.1\md-supplier)"        [_thread_blocked, id=31124, stack(0x000000dd27200000,0x000000dd27300000) (1024K)]
  0x000002d2fdf41e30 JavaThread "Cache worker for cache directory md-rule (C:\Users\pjoo6\.gradle\caches\9.7.1\md-rule)"        [_thread_blocked, id=28632, stack(0x000000dd27300000,0x000000dd27400000) (1024K)]
  0x000002d2fdf424c0 JavaThread "jar transforms"                    [_thread_blocked, id=21588, stack(0x000000dd27400000,0x000000dd27500000) (1024K)]
  0x000002d2fdf3f040 JavaThread "jar transforms Thread 2"           [_thread_blocked, id=9420, stack(0x000000dd27500000,0x000000dd27600000) (1024K)]
  0x000002d2fdf42b50 JavaThread "jar transforms Thread 3"           [_thread_blocked, id=40756, stack(0x000000dd27700000,0x000000dd27800000) (1024K)]
  0x000002d2fdf452b0 JavaThread "jar transforms Thread 4"           [_thread_blocked, id=41640, stack(0x000000dd27900000,0x000000dd27a00000) (1024K)]
  0x000002d2fdf43f00 JavaThread "jar transforms Thread 5"           [_thread_blocked, id=39068, stack(0x000000dd27a00000,0x000000dd27b00000) (1024K)]
  0x000002d2fdf43870 JavaThread "Build operations"                  [_thread_blocked, id=38448, stack(0x000000dd27b00000,0x000000dd27c00000) (1024K)]
  0x000002d2fdf44c20 JavaThread "Build operations Thread 2"         [_thread_blocked, id=43560, stack(0x000000dd27c00000,0x000000dd27d00000) (1024K)]
  0x000002d2808357b0 JavaThread "Build operations Thread 3"         [_thread_blocked, id=43552, stack(0x000000dd27d00000,0x000000dd27e00000) (1024K)]
  0x000002d280837f10 JavaThread "Build operations Thread 4"         [_thread_blocked, id=19700, stack(0x000000dd27e00000,0x000000dd27f00000) (1024K)]
  0x000002d280838c30 JavaThread "Build operations Thread 5"         [_thread_blocked, id=9880, stack(0x000000dd27f00000,0x000000dd28000000) (1024K)]
  0x000002d2808371f0 JavaThread "Build operations Thread 6"         [_thread_blocked, id=43524, stack(0x000000dd28000000,0x000000dd28100000) (1024K)]
  0x000002d2808385a0 JavaThread "Build operations Thread 7"         [_thread_blocked, id=1292, stack(0x000000dd28100000,0x000000dd28200000) (1024K)]
  0x000002d2808392c0 JavaThread "Build operations Thread 8"         [_thread_blocked, id=42712, stack(0x000000dd28200000,0x000000dd28300000) (1024K)]
  0x000002d280835e40 JavaThread "Build operations Thread 9"         [_thread_blocked, id=42604, stack(0x000000dd28300000,0x000000dd28400000) (1024K)]
  0x000002d280839950 JavaThread "Build operations Thread 10"        [_thread_blocked, id=40608, stack(0x000000dd28400000,0x000000dd28500000) (1024K)]
  0x000002d2808364d0 JavaThread "Build operations Thread 11"        [_thread_blocked, id=40916, stack(0x000000dd28500000,0x000000dd28600000) (1024K)]
  0x000002d280839fe0 JavaThread "Build operations Thread 12"        [_thread_blocked, id=39104, stack(0x000000dd28600000,0x000000dd28700000) (1024K)]
  0x000002d280836b60 JavaThread "Memory manager"                    [_thread_blocked, id=6336, stack(0x000000dd27800000,0x000000dd27900000) (1024K)]
Total: 50

Other Threads:
=>0x000002d2e253a1e0 VMThread "VM Thread"                           [id=28576, stack(0x000000dd24a00000,0x000000dd24b00000) (1024K)]
  0x000002d2e252a1c0 WatcherThread "VM Periodic Task Thread"        [id=28572, stack(0x000000dd24900000,0x000000dd24a00000) (1024K)]
  0x000002d2caa5bf40 WorkerThread "GC Thread#0"                     [id=28544, stack(0x000000dd24400000,0x000000dd24500000) (1024K)]
  0x000002d2e27d9ea0 WorkerThread "GC Thread#1"                     [id=32404, stack(0x000000dd24100000,0x000000dd24200000) (1024K)]
  0x000002d2e27da250 WorkerThread "GC Thread#2"                     [id=34076, stack(0x000000dd24300000,0x000000dd24400000) (1024K)]
  0x000002d2e27da600 WorkerThread "GC Thread#3"                     [id=23712, stack(0x000000dd25500000,0x000000dd25600000) (1024K)]
  0x000002d2e27da9b0 WorkerThread "GC Thread#4"                     [id=19900, stack(0x000000dd25600000,0x000000dd25700000) (1024K)]
  0x000002d2e27dad60 WorkerThread "GC Thread#5"                     [id=28304, stack(0x000000dd25700000,0x000000dd25800000) (1024K)]
  0x000002d2fdd94c80 WorkerThread "GC Thread#6"                     [id=34992, stack(0x000000dd26500000,0x000000dd26600000) (1024K)]
  0x000002d2fdd95030 WorkerThread "GC Thread#7"                     [id=9940, stack(0x000000dd26600000,0x000000dd26700000) (1024K)]
  0x000002d2fdd948d0 WorkerThread "GC Thread#8"                     [id=33892, stack(0x000000dd26700000,0x000000dd26800000) (1024K)]
  0x000002d2fdd95790 WorkerThread "GC Thread#9"                     [id=36696, stack(0x000000dd26800000,0x000000dd26900000) (1024K)]
  0x000002d2caa60e40 ConcurrentGCThread "G1 Main Marker"            [id=28548, stack(0x000000dd24500000,0x000000dd24600000) (1024K)]
  0x000002d2caa61860 WorkerThread "G1 Conc#0"                       [id=28552, stack(0x000000dd24600000,0x000000dd24700000) (1024K)]
  0x000002d2e28d7bc0 WorkerThread "G1 Conc#1"                       [id=36520, stack(0x000000dd26a00000,0x000000dd26b00000) (1024K)]
  0x000002d2e28d86d0 WorkerThread "G1 Conc#2"                       [id=30000, stack(0x000000dd26b00000,0x000000dd26c00000) (1024K)]
  0x000002d2e23fc230 ConcurrentGCThread "G1 Refine#0"               [id=28556, stack(0x000000dd24700000,0x000000dd24800000) (1024K)]
  0x000002d2e23fca60 ConcurrentGCThread "G1 Service"                [id=28560, stack(0x000000dd24800000,0x000000dd24900000) (1024K)]
Total: 18

Threads with active compile tasks:
C2 CompilerThread0  15362166 7486   !   4       org.gradle.launcher.daemon.server.health.gc.GarbageCollectionCheck::run (213 bytes)
C1 CompilerThread0  15362166 7501       3       java.io.FilterInputStream::close (8 bytes)
Total: 2

VM state: at safepoint (normal execution)

VM Mutex/Monitor currently owned by a thread:  ([mutex/lock_event])
[0x00007ffdabbdf5b0] Threads_lock - owner thread: 0x000002d2e253a1e0
[0x00007ffdabbdf6b0] Heap_lock - owner thread: 0x000002d2fd99ba50

Heap address: 0x00000000e0000000, size: 512 MB, Compressed Oops mode: 32-bit

CDS archive(s) mapped at: [0x000002d2e3000000-0x000002d2e3ba0000-0x000002d2e3ba0000), size 12189696, SharedBaseAddress: 0x000002d2e3000000, ArchiveRelocationMode: 1.
Compressed class space mapped at: 0x000002d2e4000000-0x000002d2f8000000, reserved size: 335544320
Narrow klass base: 0x000002d2e3000000, Narrow klass shift: 0, Narrow klass range: 0x100000000

GC Precious Log:
 CardTable entry size: 512
 Card Set container configuration: InlinePtr #cards 5 size 8 Array Of Cards #cards 12 size 40 Howl #buckets 4 coarsen threshold 1843 Howl Bitmap #cards 512 size 80 coarsen threshold 460 Card regions per heap region 1 cards per card region 2048
 CPUs: 12 total, 12 available
 Memory: 16027M
 Large Page Support: Disabled
 NUMA Support: Disabled
 Compressed Oops: Enabled (32-bit)
 Heap Region Size: 1M
 Heap Min Capacity: 256M
 Heap Initial Capacity: 256M
 Heap Max Capacity: 512M
 Pre-touch: Disabled
 Parallel Workers: 10
 Concurrent Workers: 3
 Concurrent Refinement Workers: 10
 Periodic GC: Disabled

Heap:
 garbage-first heap   total 262144K, used 43665K [0x00000000e0000000, 0x0000000100000000)
  region size 1024K, 1 young (1024K), 1 survivors (1024K)
 Metaspace       used 52708K, committed 54848K, reserved 393216K
  class space    used 8009K, committed 9088K, reserved 327680K

Heap Regions: E=young(eden), S=young(survivor), O=old, HS=humongous(starts), HC=humongous(continues), CS=collection set, F=free, TAMS=top-at-mark-start, PB=parsable bottom
|   0|0x00000000e0000000, 0x00000000e0100000, 0x00000000e0100000|100%|HS|  |TAMS 0x00000000e0000000| PB 0x00000000e0000000| Complete 
|   1|0x00000000e0100000, 0x00000000e0200000, 0x00000000e0200000|100%|HC|  |TAMS 0x00000000e0100000| PB 0x00000000e0100000| Complete 
|   2|0x00000000e0200000, 0x00000000e0300000, 0x00000000e0300000|100%|HC|  |TAMS 0x00000000e0200000| PB 0x00000000e0200000| Complete 
|   3|0x00000000e0300000, 0x00000000e0400000, 0x00000000e0400000|100%|HC|  |TAMS 0x00000000e0300000| PB 0x00000000e0300000| Complete 
|   4|0x00000000e0400000, 0x00000000e0500000, 0x00000000e0500000|100%| O|  |TAMS 0x00000000e0400000| PB 0x00000000e0400000| Untracked 
|   5|0x00000000e0500000, 0x00000000e0600000, 0x00000000e0600000|100%| O|  |TAMS 0x00000000e0500000| PB 0x00000000e0500000| Untracked 
|   6|0x00000000e0600000, 0x00000000e0700000, 0x00000000e0700000|100%| O|  |TAMS 0x00000000e0600000| PB 0x00000000e0600000| Untracked 
|   7|0x00000000e0700000, 0x00000000e0800000, 0x00000000e0800000|100%| O|  |TAMS 0x00000000e0700000| PB 0x00000000e0700000| Untracked 
|   8|0x00000000e0800000, 0x00000000e0900000, 0x00000000e0900000|100%| O|  |TAMS 0x00000000e0800000| PB 0x00000000e0800000| Untracked 
|   9|0x00000000e0900000, 0x00000000e0a00000, 0x00000000e0a00000|100%| O|  |TAMS 0x00000000e0900000| PB 0x00000000e0900000| Untracked 
|  10|0x00000000e0a00000, 0x00000000e0b00000, 0x00000000e0b00000|100%| O|  |TAMS 0x00000000e0a00000| PB 0x00000000e0a00000| Untracked 
|  11|0x00000000e0b00000, 0x00000000e0c00000, 0x00000000e0c00000|100%| O|  |TAMS 0x00000000e0b00000| PB 0x00000000e0b00000| Untracked 
|  12|0x00000000e0c00000, 0x00000000e0d00000, 0x00000000e0d00000|100%|HS|  |TAMS 0x00000000e0c00000| PB 0x00000000e0c00000| Complete 
|  13|0x00000000e0d00000, 0x00000000e0e00000, 0x00000000e0e00000|100%| O|  |TAMS 0x00000000e0d00000| PB 0x00000000e0d00000| Untracked 
|  14|0x00000000e0e00000, 0x00000000e0f00000, 0x00000000e0f00000|100%| O|  |TAMS 0x00000000e0e00000| PB 0x00000000e0e00000| Untracked 
|  15|0x00000000e0f00000, 0x00000000e1000000, 0x00000000e1000000|100%| O|  |TAMS 0x00000000e0f00000| PB 0x00000000e0f00000| Untracked 
|  16|0x00000000e1000000, 0x00000000e1100000, 0x00000000e1100000|100%| O|  |TAMS 0x00000000e1000000| PB 0x00000000e1000000| Untracked 
|  17|0x00000000e1100000, 0x00000000e1200000, 0x00000000e1200000|100%| O|  |TAMS 0x00000000e1100000| PB 0x00000000e1100000| Untracked 
|  18|0x00000000e1200000, 0x00000000e1300000, 0x00000000e1300000|100%| O|  |TAMS 0x00000000e1200000| PB 0x00000000e1200000| Untracked 
|  19|0x00000000e1300000, 0x00000000e1400000, 0x00000000e1400000|100%| O|  |TAMS 0x00000000e1300000| PB 0x00000000e1300000| Untracked 
|  20|0x00000000e1400000, 0x00000000e1500000, 0x00000000e1500000|100%| O|  |TAMS 0x00000000e1400000| PB 0x00000000e1400000| Untracked 
|  21|0x00000000e1500000, 0x00000000e1600000, 0x00000000e1600000|100%| O|  |TAMS 0x00000000e1500000| PB 0x00000000e1500000| Untracked 
|  22|0x00000000e1600000, 0x00000000e1700000, 0x00000000e1700000|100%| O|  |TAMS 0x00000000e1600000| PB 0x00000000e1600000| Untracked 
|  23|0x00000000e1700000, 0x00000000e1800000, 0x00000000e1800000|100%| O|  |TAMS 0x00000000e1700000| PB 0x00000000e1700000| Untracked 
|  24|0x00000000e1800000, 0x00000000e1900000, 0x00000000e1900000|100%| O|  |TAMS 0x00000000e1800000| PB 0x00000000e1800000| Untracked 
|  25|0x00000000e1900000, 0x00000000e1a00000, 0x00000000e1a00000|100%| O|  |TAMS 0x00000000e1900000| PB 0x00000000e1900000| Untracked 
|  26|0x00000000e1a00000, 0x00000000e1b00000, 0x00000000e1b00000|100%| O|  |TAMS 0x00000000e1a00000| PB 0x00000000e1a00000| Untracked 
|  27|0x00000000e1b00000, 0x00000000e1c00000, 0x00000000e1c00000|100%| O|  |TAMS 0x00000000e1b00000| PB 0x00000000e1b00000| Untracked 
|  28|0x00000000e1c00000, 0x00000000e1d00000, 0x00000000e1d00000|100%| O|  |TAMS 0x00000000e1c00000| PB 0x00000000e1c00000| Untracked 
|  29|0x00000000e1d00000, 0x00000000e1e00000, 0x00000000e1e00000|100%| O|  |TAMS 0x00000000e1d00000| PB 0x00000000e1d00000| Untracked 
|  30|0x00000000e1e00000, 0x00000000e1f00000, 0x00000000e1f00000|100%| O|  |TAMS 0x00000000e1e00000| PB 0x00000000e1e00000| Untracked 
|  31|0x00000000e1f00000, 0x00000000e2000000, 0x00000000e2000000|100%| O|  |TAMS 0x00000000e1f00000| PB 0x00000000e1f00000| Untracked 
|  32|0x00000000e2000000, 0x00000000e2100000, 0x00000000e2100000|100%| O|  |TAMS 0x00000000e2000000| PB 0x00000000e2000000| Untracked 
|  33|0x00000000e2100000, 0x00000000e2200000, 0x00000000e2200000|100%| O|  |TAMS 0x00000000e2100000| PB 0x00000000e2100000| Untracked 
|  34|0x00000000e2200000, 0x00000000e2300000, 0x00000000e2300000|100%| O|  |TAMS 0x00000000e2200000| PB 0x00000000e2200000| Untracked 
|  35|0x00000000e2300000, 0x00000000e2400000, 0x00000000e2400000|100%| O|  |TAMS 0x00000000e2300000| PB 0x00000000e2300000| Untracked 
|  36|0x00000000e2400000, 0x00000000e2500000, 0x00000000e2500000|100%| O|  |TAMS 0x00000000e2400000| PB 0x00000000e2400000| Untracked 
|  37|0x00000000e2500000, 0x00000000e2600000, 0x00000000e2600000|100%| O|  |TAMS 0x00000000e2500000| PB 0x00000000e2500000| Untracked 
|  38|0x00000000e2600000, 0x00000000e2700000, 0x00000000e2700000|100%| O|  |TAMS 0x00000000e2600000| PB 0x00000000e2600000| Untracked 
|  39|0x00000000e2700000, 0x00000000e2800000, 0x00000000e2800000|100%| O|  |TAMS 0x00000000e2700000| PB 0x00000000e2700000| Untracked 
|  40|0x00000000e2800000, 0x00000000e2900000, 0x00000000e2900000|100%| O|  |TAMS 0x00000000e2800000| PB 0x00000000e2800000| Untracked 
|  41|0x00000000e2900000, 0x00000000e2a00000, 0x00000000e2a00000|100%| O|  |TAMS 0x00000000e2900000| PB 0x00000000e2900000| Untracked 
|  42|0x00000000e2a00000, 0x00000000e2a78240, 0x00000000e2b00000| 46%| O|  |TAMS 0x00000000e2a00000| PB 0x00000000e2a00000| Untracked 
|  43|0x00000000e2b00000, 0x00000000e2b00000, 0x00000000e2c00000|  0%| F|  |TAMS 0x00000000e2b00000| PB 0x00000000e2b00000| Untracked 
|  44|0x00000000e2c00000, 0x00000000e2c00000, 0x00000000e2d00000|  0%| F|  |TAMS 0x00000000e2c00000| PB 0x00000000e2c00000| Untracked 
|  45|0x00000000e2d00000, 0x00000000e2d00000, 0x00000000e2e00000|  0%| F|  |TAMS 0x00000000e2d00000| PB 0x00000000e2d00000| Untracked 
|  46|0x00000000e2e00000, 0x00000000e2e00000, 0x00000000e2f00000|  0%| F|  |TAMS 0x00000000e2e00000| PB 0x00000000e2e00000| Untracked 
|  47|0x00000000e2f00000, 0x00000000e2f00000, 0x00000000e3000000|  0%| F|  |TAMS 0x00000000e2f00000| PB 0x00000000e2f00000| Untracked 
|  48|0x00000000e3000000, 0x00000000e3000000, 0x00000000e3100000|  0%| F|  |TAMS 0x00000000e3000000| PB 0x00000000e3000000| Untracked 
|  49|0x00000000e3100000, 0x00000000e3100000, 0x00000000e3200000|  0%| F|  |TAMS 0x00000000e3100000| PB 0x00000000e3100000| Untracked 
|  50|0x00000000e3200000, 0x00000000e3200000, 0x00000000e3300000|  0%| F|  |TAMS 0x00000000e3200000| PB 0x00000000e3200000| Untracked 
|  51|0x00000000e3300000, 0x00000000e3300000, 0x00000000e3400000|  0%| F|  |TAMS 0x00000000e3300000| PB 0x00000000e3300000| Untracked 
|  52|0x00000000e3400000, 0x00000000e3400000, 0x00000000e3500000|  0%| F|  |TAMS 0x00000000e3400000| PB 0x00000000e3400000| Untracked 
|  53|0x00000000e3500000, 0x00000000e3500000, 0x00000000e3600000|  0%| F|  |TAMS 0x00000000e3500000| PB 0x00000000e3500000| Untracked 
|  54|0x00000000e3600000, 0x00000000e3600000, 0x00000000e3700000|  0%| F|  |TAMS 0x00000000e3600000| PB 0x00000000e3600000| Untracked 
|  55|0x00000000e3700000, 0x00000000e3700000, 0x00000000e3800000|  0%| F|  |TAMS 0x00000000e3700000| PB 0x00000000e3700000| Untracked 
|  56|0x00000000e3800000, 0x00000000e3800000, 0x00000000e3900000|  0%| F|  |TAMS 0x00000000e3800000| PB 0x00000000e3800000| Untracked 
|  57|0x00000000e3900000, 0x00000000e3900000, 0x00000000e3a00000|  0%| F|  |TAMS 0x00000000e3900000| PB 0x00000000e3900000| Untracked 
|  58|0x00000000e3a00000, 0x00000000e3a00000, 0x00000000e3b00000|  0%| F|  |TAMS 0x00000000e3a00000| PB 0x00000000e3a00000| Untracked 
|  59|0x00000000e3b00000, 0x00000000e3b00000, 0x00000000e3c00000|  0%| F|  |TAMS 0x00000000e3b00000| PB 0x00000000e3b00000| Untracked 
|  60|0x00000000e3c00000, 0x00000000e3c00000, 0x00000000e3d00000|  0%| F|  |TAMS 0x00000000e3c00000| PB 0x00000000e3c00000| Untracked 
|  61|0x00000000e3d00000, 0x00000000e3d00000, 0x00000000e3e00000|  0%| F|  |TAMS 0x00000000e3d00000| PB 0x00000000e3d00000| Untracked 
|  62|0x00000000e3e00000, 0x00000000e3e00000, 0x00000000e3f00000|  0%| F|  |TAMS 0x00000000e3e00000| PB 0x00000000e3e00000| Untracked 
|  63|0x00000000e3f00000, 0x00000000e3f00000, 0x00000000e4000000|  0%| F|  |TAMS 0x00000000e3f00000| PB 0x00000000e3f00000| Untracked 
|  64|0x00000000e4000000, 0x00000000e4000000, 0x00000000e4100000|  0%| F|  |TAMS 0x00000000e4000000| PB 0x00000000e4000000| Untracked 
|  65|0x00000000e4100000, 0x00000000e4100000, 0x00000000e4200000|  0%| F|  |TAMS 0x00000000e4100000| PB 0x00000000e4100000| Untracked 
|  66|0x00000000e4200000, 0x00000000e4200000, 0x00000000e4300000|  0%| F|  |TAMS 0x00000000e4200000| PB 0x00000000e4200000| Untracked 
|  67|0x00000000e4300000, 0x00000000e4300000, 0x00000000e4400000|  0%| F|  |TAMS 0x00000000e4300000| PB 0x00000000e4300000| Untracked 
|  68|0x00000000e4400000, 0x00000000e4400000, 0x00000000e4500000|  0%| F|  |TAMS 0x00000000e4400000| PB 0x00000000e4400000| Untracked 
|  69|0x00000000e4500000, 0x00000000e4500000, 0x00000000e4600000|  0%| F|  |TAMS 0x00000000e4500000| PB 0x00000000e4500000| Untracked 
|  70|0x00000000e4600000, 0x00000000e4600000, 0x00000000e4700000|  0%| F|  |TAMS 0x00000000e4600000| PB 0x00000000e4600000| Untracked 
|  71|0x00000000e4700000, 0x00000000e4700000, 0x00000000e4800000|  0%| F|  |TAMS 0x00000000e4700000| PB 0x00000000e4700000| Untracked 
|  72|0x00000000e4800000, 0x00000000e4800000, 0x00000000e4900000|  0%| F|  |TAMS 0x00000000e4800000| PB 0x00000000e4800000| Untracked 
|  73|0x00000000e4900000, 0x00000000e4900000, 0x00000000e4a00000|  0%| F|  |TAMS 0x00000000e4900000| PB 0x00000000e4900000| Untracked 
|  74|0x00000000e4a00000, 0x00000000e4a00000, 0x00000000e4b00000|  0%| F|  |TAMS 0x00000000e4a00000| PB 0x00000000e4a00000| Untracked 
|  75|0x00000000e4b00000, 0x00000000e4b00000, 0x00000000e4c00000|  0%| F|  |TAMS 0x00000000e4b00000| PB 0x00000000e4b00000| Untracked 
|  76|0x00000000e4c00000, 0x00000000e4c00000, 0x00000000e4d00000|  0%| F|  |TAMS 0x00000000e4c00000| PB 0x00000000e4c00000| Untracked 
|  77|0x00000000e4d00000, 0x00000000e4d00000, 0x00000000e4e00000|  0%| F|  |TAMS 0x00000000e4d00000| PB 0x00000000e4d00000| Untracked 
|  78|0x00000000e4e00000, 0x00000000e4e00000, 0x00000000e4f00000|  0%| F|  |TAMS 0x00000000e4e00000| PB 0x00000000e4e00000| Untracked 
|  79|0x00000000e4f00000, 0x00000000e4f00000, 0x00000000e5000000|  0%| F|  |TAMS 0x00000000e4f00000| PB 0x00000000e4f00000| Untracked 
|  80|0x00000000e5000000, 0x00000000e5000000, 0x00000000e5100000|  0%| F|  |TAMS 0x00000000e5000000| PB 0x00000000e5000000| Untracked 
|  81|0x00000000e5100000, 0x00000000e5100000, 0x00000000e5200000|  0%| F|  |TAMS 0x00000000e5100000| PB 0x00000000e5100000| Untracked 
|  82|0x00000000e5200000, 0x00000000e5200000, 0x00000000e5300000|  0%| F|  |TAMS 0x00000000e5200000| PB 0x00000000e5200000| Untracked 
|  83|0x00000000e5300000, 0x00000000e5300000, 0x00000000e5400000|  0%| F|  |TAMS 0x00000000e5300000| PB 0x00000000e5300000| Untracked 
|  84|0x00000000e5400000, 0x00000000e5400000, 0x00000000e5500000|  0%| F|  |TAMS 0x00000000e5400000| PB 0x00000000e5400000| Untracked 
|  85|0x00000000e5500000, 0x00000000e5500000, 0x00000000e5600000|  0%| F|  |TAMS 0x00000000e5500000| PB 0x00000000e5500000| Untracked 
|  86|0x00000000e5600000, 0x00000000e5600000, 0x00000000e5700000|  0%| F|  |TAMS 0x00000000e5600000| PB 0x00000000e5600000| Untracked 
|  87|0x00000000e5700000, 0x00000000e5700000, 0x00000000e5800000|  0%| F|  |TAMS 0x00000000e5700000| PB 0x00000000e5700000| Untracked 
|  88|0x00000000e5800000, 0x00000000e5800000, 0x00000000e5900000|  0%| F|  |TAMS 0x00000000e5800000| PB 0x00000000e5800000| Untracked 
|  89|0x00000000e5900000, 0x00000000e5900000, 0x00000000e5a00000|  0%| F|  |TAMS 0x00000000e5900000| PB 0x00000000e5900000| Untracked 
|  90|0x00000000e5a00000, 0x00000000e5a00000, 0x00000000e5b00000|  0%| F|  |TAMS 0x00000000e5a00000| PB 0x00000000e5a00000| Untracked 
|  91|0x00000000e5b00000, 0x00000000e5b00000, 0x00000000e5c00000|  0%| F|  |TAMS 0x00000000e5b00000| PB 0x00000000e5b00000| Untracked 
|  92|0x00000000e5c00000, 0x00000000e5c00000, 0x00000000e5d00000|  0%| F|  |TAMS 0x00000000e5c00000| PB 0x00000000e5c00000| Untracked 
|  93|0x00000000e5d00000, 0x00000000e5d00000, 0x00000000e5e00000|  0%| F|  |TAMS 0x00000000e5d00000| PB 0x00000000e5d00000| Untracked 
|  94|0x00000000e5e00000, 0x00000000e5e00000, 0x00000000e5f00000|  0%| F|  |TAMS 0x00000000e5e00000| PB 0x00000000e5e00000| Untracked 
|  95|0x00000000e5f00000, 0x00000000e5f00000, 0x00000000e6000000|  0%| F|  |TAMS 0x00000000e5f00000| PB 0x00000000e5f00000| Untracked 
|  96|0x00000000e6000000, 0x00000000e6000000, 0x00000000e6100000|  0%| F|  |TAMS 0x00000000e6000000| PB 0x00000000e6000000| Untracked 
|  97|0x00000000e6100000, 0x00000000e6100000, 0x00000000e6200000|  0%| F|  |TAMS 0x00000000e6100000| PB 0x00000000e6100000| Untracked 
|  98|0x00000000e6200000, 0x00000000e6200000, 0x00000000e6300000|  0%| F|  |TAMS 0x00000000e6200000| PB 0x00000000e6200000| Untracked 
|  99|0x00000000e6300000, 0x00000000e6300000, 0x00000000e6400000|  0%| F|  |TAMS 0x00000000e6300000| PB 0x00000000e6300000| Untracked 
| 100|0x00000000e6400000, 0x00000000e6400000, 0x00000000e6500000|  0%| F|  |TAMS 0x00000000e6400000| PB 0x00000000e6400000| Untracked 
| 101|0x00000000e6500000, 0x00000000e6500000, 0x00000000e6600000|  0%| F|  |TAMS 0x00000000e6500000| PB 0x00000000e6500000| Untracked 
| 102|0x00000000e6600000, 0x00000000e6600000, 0x00000000e6700000|  0%| F|  |TAMS 0x00000000e6600000| PB 0x00000000e6600000| Untracked 
| 103|0x00000000e6700000, 0x00000000e6700000, 0x00000000e6800000|  0%| F|  |TAMS 0x00000000e6700000| PB 0x00000000e6700000| Untracked 
| 104|0x00000000e6800000, 0x00000000e6800000, 0x00000000e6900000|  0%| F|  |TAMS 0x00000000e6800000| PB 0x00000000e6800000| Untracked 
| 105|0x00000000e6900000, 0x00000000e6900000, 0x00000000e6a00000|  0%| F|  |TAMS 0x00000000e6900000| PB 0x00000000e6900000| Untracked 
| 106|0x00000000e6a00000, 0x00000000e6a00000, 0x00000000e6b00000|  0%| F|  |TAMS 0x00000000e6a00000| PB 0x00000000e6a00000| Untracked 
| 107|0x00000000e6b00000, 0x00000000e6b00000, 0x00000000e6c00000|  0%| F|  |TAMS 0x00000000e6b00000| PB 0x00000000e6b00000| Untracked 
| 108|0x00000000e6c00000, 0x00000000e6c00000, 0x00000000e6d00000|  0%| F|  |TAMS 0x00000000e6c00000| PB 0x00000000e6c00000| Untracked 
| 109|0x00000000e6d00000, 0x00000000e6d00000, 0x00000000e6e00000|  0%| F|  |TAMS 0x00000000e6d00000| PB 0x00000000e6d00000| Untracked 
| 110|0x00000000e6e00000, 0x00000000e6e00000, 0x00000000e6f00000|  0%| F|  |TAMS 0x00000000e6e00000| PB 0x00000000e6e00000| Untracked 
| 111|0x00000000e6f00000, 0x00000000e6f00000, 0x00000000e7000000|  0%| F|  |TAMS 0x00000000e6f00000| PB 0x00000000e6f00000| Untracked 
| 112|0x00000000e7000000, 0x00000000e7000000, 0x00000000e7100000|  0%| F|  |TAMS 0x00000000e7000000| PB 0x00000000e7000000| Untracked 
| 113|0x00000000e7100000, 0x00000000e7100000, 0x00000000e7200000|  0%| F|  |TAMS 0x00000000e7100000| PB 0x00000000e7100000| Untracked 
| 114|0x00000000e7200000, 0x00000000e7200000, 0x00000000e7300000|  0%| F|  |TAMS 0x00000000e7200000| PB 0x00000000e7200000| Untracked 
| 115|0x00000000e7300000, 0x00000000e7300000, 0x00000000e7400000|  0%| F|  |TAMS 0x00000000e7300000| PB 0x00000000e7300000| Untracked 
| 116|0x00000000e7400000, 0x00000000e7400000, 0x00000000e7500000|  0%| F|  |TAMS 0x00000000e7400000| PB 0x00000000e7400000| Untracked 
| 117|0x00000000e7500000, 0x00000000e7500000, 0x00000000e7600000|  0%| F|  |TAMS 0x00000000e7500000| PB 0x00000000e7500000| Untracked 
| 118|0x00000000e7600000, 0x00000000e7600000, 0x00000000e7700000|  0%| F|  |TAMS 0x00000000e7600000| PB 0x00000000e7600000| Untracked 
| 119|0x00000000e7700000, 0x00000000e7700000, 0x00000000e7800000|  0%| F|  |TAMS 0x00000000e7700000| PB 0x00000000e7700000| Untracked 
| 120|0x00000000e7800000, 0x00000000e7800000, 0x00000000e7900000|  0%| F|  |TAMS 0x00000000e7800000| PB 0x00000000e7800000| Untracked 
| 121|0x00000000e7900000, 0x00000000e7900000, 0x00000000e7a00000|  0%| F|  |TAMS 0x00000000e7900000| PB 0x00000000e7900000| Untracked 
| 122|0x00000000e7a00000, 0x00000000e7a00000, 0x00000000e7b00000|  0%| F|  |TAMS 0x00000000e7a00000| PB 0x00000000e7a00000| Untracked 
| 123|0x00000000e7b00000, 0x00000000e7b00000, 0x00000000e7c00000|  0%| F|  |TAMS 0x00000000e7b00000| PB 0x00000000e7b00000| Untracked 
| 124|0x00000000e7c00000, 0x00000000e7c00000, 0x00000000e7d00000|  0%| F|  |TAMS 0x00000000e7c00000| PB 0x00000000e7c00000| Untracked 
| 125|0x00000000e7d00000, 0x00000000e7d00000, 0x00000000e7e00000|  0%| F|  |TAMS 0x00000000e7d00000| PB 0x00000000e7d00000| Untracked 
| 126|0x00000000e7e00000, 0x00000000e7e00000, 0x00000000e7f00000|  0%| F|  |TAMS 0x00000000e7e00000| PB 0x00000000e7e00000| Untracked 
| 127|0x00000000e7f00000, 0x00000000e7f00000, 0x00000000e8000000|  0%| F|  |TAMS 0x00000000e7f00000| PB 0x00000000e7f00000| Untracked 
| 128|0x00000000e8000000, 0x00000000e8000000, 0x00000000e8100000|  0%| F|  |TAMS 0x00000000e8000000| PB 0x00000000e8000000| Untracked 
| 129|0x00000000e8100000, 0x00000000e8100000, 0x00000000e8200000|  0%| F|  |TAMS 0x00000000e8100000| PB 0x00000000e8100000| Untracked 
| 130|0x00000000e8200000, 0x00000000e8200000, 0x00000000e8300000|  0%| F|  |TAMS 0x00000000e8200000| PB 0x00000000e8200000| Untracked 
| 131|0x00000000e8300000, 0x00000000e8300000, 0x00000000e8400000|  0%| F|  |TAMS 0x00000000e8300000| PB 0x00000000e8300000| Untracked 
| 132|0x00000000e8400000, 0x00000000e8400000, 0x00000000e8500000|  0%| F|  |TAMS 0x00000000e8400000| PB 0x00000000e8400000| Untracked 
| 133|0x00000000e8500000, 0x00000000e8500000, 0x00000000e8600000|  0%| F|  |TAMS 0x00000000e8500000| PB 0x00000000e8500000| Untracked 
| 134|0x00000000e8600000, 0x00000000e8600000, 0x00000000e8700000|  0%| F|  |TAMS 0x00000000e8600000| PB 0x00000000e8600000| Untracked 
| 135|0x00000000e8700000, 0x00000000e8700000, 0x00000000e8800000|  0%| F|  |TAMS 0x00000000e8700000| PB 0x00000000e8700000| Untracked 
| 136|0x00000000e8800000, 0x00000000e8800000, 0x00000000e8900000|  0%| F|  |TAMS 0x00000000e8800000| PB 0x00000000e8800000| Untracked 
| 137|0x00000000e8900000, 0x00000000e8900000, 0x00000000e8a00000|  0%| F|  |TAMS 0x00000000e8900000| PB 0x00000000e8900000| Untracked 
| 138|0x00000000e8a00000, 0x00000000e8a00000, 0x00000000e8b00000|  0%| F|  |TAMS 0x00000000e8a00000| PB 0x00000000e8a00000| Untracked 
| 139|0x00000000e8b00000, 0x00000000e8b00000, 0x00000000e8c00000|  0%| F|  |TAMS 0x00000000e8b00000| PB 0x00000000e8b00000| Untracked 
| 140|0x00000000e8c00000, 0x00000000e8c00000, 0x00000000e8d00000|  0%| F|  |TAMS 0x00000000e8c00000| PB 0x00000000e8c00000| Untracked 
| 141|0x00000000e8d00000, 0x00000000e8d00000, 0x00000000e8e00000|  0%| F|  |TAMS 0x00000000e8d00000| PB 0x00000000e8d00000| Untracked 
| 142|0x00000000e8e00000, 0x00000000e8e00000, 0x00000000e8f00000|  0%| F|  |TAMS 0x00000000e8e00000| PB 0x00000000e8e00000| Untracked 
| 143|0x00000000e8f00000, 0x00000000e8f00000, 0x00000000e9000000|  0%| F|  |TAMS 0x00000000e8f00000| PB 0x00000000e8f00000| Untracked 
| 144|0x00000000e9000000, 0x00000000e9000000, 0x00000000e9100000|  0%| F|  |TAMS 0x00000000e9000000| PB 0x00000000e9000000| Untracked 
| 145|0x00000000e9100000, 0x00000000e9100000, 0x00000000e9200000|  0%| F|  |TAMS 0x00000000e9100000| PB 0x00000000e9100000| Untracked 
| 146|0x00000000e9200000, 0x00000000e9200000, 0x00000000e9300000|  0%| F|  |TAMS 0x00000000e9200000| PB 0x00000000e9200000| Untracked 
| 147|0x00000000e9300000, 0x00000000e9300000, 0x00000000e9400000|  0%| F|  |TAMS 0x00000000e9300000| PB 0x00000000e9300000| Untracked 
| 148|0x00000000e9400000, 0x00000000e9400000, 0x00000000e9500000|  0%| F|  |TAMS 0x00000000e9400000| PB 0x00000000e9400000| Untracked 
| 149|0x00000000e9500000, 0x00000000e9500000, 0x00000000e9600000|  0%| F|  |TAMS 0x00000000e9500000| PB 0x00000000e9500000| Untracked 
| 150|0x00000000e9600000, 0x00000000e9600000, 0x00000000e9700000|  0%| F|  |TAMS 0x00000000e9600000| PB 0x00000000e9600000| Untracked 
| 151|0x00000000e9700000, 0x00000000e9700000, 0x00000000e9800000|  0%| F|  |TAMS 0x00000000e9700000| PB 0x00000000e9700000| Untracked 
| 152|0x00000000e9800000, 0x00000000e9800000, 0x00000000e9900000|  0%| F|  |TAMS 0x00000000e9800000| PB 0x00000000e9800000| Untracked 
| 153|0x00000000e9900000, 0x00000000e9900000, 0x00000000e9a00000|  0%| F|  |TAMS 0x00000000e9900000| PB 0x00000000e9900000| Untracked 
| 154|0x00000000e9a00000, 0x00000000e9a00000, 0x00000000e9b00000|  0%| F|  |TAMS 0x00000000e9a00000| PB 0x00000000e9a00000| Untracked 
| 155|0x00000000e9b00000, 0x00000000e9b00000, 0x00000000e9c00000|  0%| F|  |TAMS 0x00000000e9b00000| PB 0x00000000e9b00000| Untracked 
| 156|0x00000000e9c00000, 0x00000000e9c00000, 0x00000000e9d00000|  0%| F|  |TAMS 0x00000000e9c00000| PB 0x00000000e9c00000| Untracked 
| 157|0x00000000e9d00000, 0x00000000e9d00000, 0x00000000e9e00000|  0%| F|  |TAMS 0x00000000e9d00000| PB 0x00000000e9d00000| Untracked 
| 158|0x00000000e9e00000, 0x00000000e9e00000, 0x00000000e9f00000|  0%| F|  |TAMS 0x00000000e9e00000| PB 0x00000000e9e00000| Untracked 
| 159|0x00000000e9f00000, 0x00000000e9f00000, 0x00000000ea000000|  0%| F|  |TAMS 0x00000000e9f00000| PB 0x00000000e9f00000| Untracked 
| 160|0x00000000ea000000, 0x00000000ea000000, 0x00000000ea100000|  0%| F|  |TAMS 0x00000000ea000000| PB 0x00000000ea000000| Untracked 
| 161|0x00000000ea100000, 0x00000000ea100000, 0x00000000ea200000|  0%| F|  |TAMS 0x00000000ea100000| PB 0x00000000ea100000| Untracked 
| 162|0x00000000ea200000, 0x00000000ea200000, 0x00000000ea300000|  0%| F|  |TAMS 0x00000000ea200000| PB 0x00000000ea200000| Untracked 
| 163|0x00000000ea300000, 0x00000000ea300000, 0x00000000ea400000|  0%| F|  |TAMS 0x00000000ea300000| PB 0x00000000ea300000| Untracked 
| 164|0x00000000ea400000, 0x00000000ea400000, 0x00000000ea500000|  0%| F|  |TAMS 0x00000000ea400000| PB 0x00000000ea400000| Untracked 
| 165|0x00000000ea500000, 0x00000000ea500000, 0x00000000ea600000|  0%| F|  |TAMS 0x00000000ea500000| PB 0x00000000ea500000| Untracked 
| 166|0x00000000ea600000, 0x00000000ea600000, 0x00000000ea700000|  0%| F|  |TAMS 0x00000000ea600000| PB 0x00000000ea600000| Untracked 
| 167|0x00000000ea700000, 0x00000000ea700000, 0x00000000ea800000|  0%| F|  |TAMS 0x00000000ea700000| PB 0x00000000ea700000| Untracked 
| 168|0x00000000ea800000, 0x00000000ea800000, 0x00000000ea900000|  0%| F|  |TAMS 0x00000000ea800000| PB 0x00000000ea800000| Untracked 
| 169|0x00000000ea900000, 0x00000000ea900000, 0x00000000eaa00000|  0%| F|  |TAMS 0x00000000ea900000| PB 0x00000000ea900000| Untracked 
| 170|0x00000000eaa00000, 0x00000000eaa00000, 0x00000000eab00000|  0%| F|  |TAMS 0x00000000eaa00000| PB 0x00000000eaa00000| Untracked 
| 171|0x00000000eab00000, 0x00000000eab00000, 0x00000000eac00000|  0%| F|  |TAMS 0x00000000eab00000| PB 0x00000000eab00000| Untracked 
| 172|0x00000000eac00000, 0x00000000eac00000, 0x00000000ead00000|  0%| F|  |TAMS 0x00000000eac00000| PB 0x00000000eac00000| Untracked 
| 173|0x00000000ead00000, 0x00000000ead00000, 0x00000000eae00000|  0%| F|  |TAMS 0x00000000ead00000| PB 0x00000000ead00000| Untracked 
| 174|0x00000000eae00000, 0x00000000eae00000, 0x00000000eaf00000|  0%| F|  |TAMS 0x00000000eae00000| PB 0x00000000eae00000| Untracked 
| 175|0x00000000eaf00000, 0x00000000eaf00000, 0x00000000eb000000|  0%| F|  |TAMS 0x00000000eaf00000| PB 0x00000000eaf00000| Untracked 
| 176|0x00000000eb000000, 0x00000000eb000000, 0x00000000eb100000|  0%| F|  |TAMS 0x00000000eb000000| PB 0x00000000eb000000| Untracked 
| 177|0x00000000eb100000, 0x00000000eb100000, 0x00000000eb200000|  0%| F|  |TAMS 0x00000000eb100000| PB 0x00000000eb100000| Untracked 
| 178|0x00000000eb200000, 0x00000000eb200000, 0x00000000eb300000|  0%| F|  |TAMS 0x00000000eb200000| PB 0x00000000eb200000| Untracked 
| 179|0x00000000eb300000, 0x00000000eb300000, 0x00000000eb400000|  0%| F|  |TAMS 0x00000000eb300000| PB 0x00000000eb300000| Untracked 
| 180|0x00000000eb400000, 0x00000000eb400000, 0x00000000eb500000|  0%| F|  |TAMS 0x00000000eb400000| PB 0x00000000eb400000| Untracked 
| 181|0x00000000eb500000, 0x00000000eb500000, 0x00000000eb600000|  0%| F|  |TAMS 0x00000000eb500000| PB 0x00000000eb500000| Untracked 
| 182|0x00000000eb600000, 0x00000000eb600000, 0x00000000eb700000|  0%| F|  |TAMS 0x00000000eb600000| PB 0x00000000eb600000| Untracked 
| 183|0x00000000eb700000, 0x00000000eb700000, 0x00000000eb800000|  0%| F|  |TAMS 0x00000000eb700000| PB 0x00000000eb700000| Untracked 
| 184|0x00000000eb800000, 0x00000000eb800000, 0x00000000eb900000|  0%| F|  |TAMS 0x00000000eb800000| PB 0x00000000eb800000| Untracked 
| 185|0x00000000eb900000, 0x00000000eb900000, 0x00000000eba00000|  0%| F|  |TAMS 0x00000000eb900000| PB 0x00000000eb900000| Untracked 
| 186|0x00000000eba00000, 0x00000000eba00000, 0x00000000ebb00000|  0%| F|  |TAMS 0x00000000eba00000| PB 0x00000000eba00000| Untracked 
| 187|0x00000000ebb00000, 0x00000000ebb00000, 0x00000000ebc00000|  0%| F|  |TAMS 0x00000000ebb00000| PB 0x00000000ebb00000| Untracked 
| 188|0x00000000ebc00000, 0x00000000ebc00000, 0x00000000ebd00000|  0%| F|  |TAMS 0x00000000ebc00000| PB 0x00000000ebc00000| Untracked 
| 189|0x00000000ebd00000, 0x00000000ebd00000, 0x00000000ebe00000|  0%| F|  |TAMS 0x00000000ebd00000| PB 0x00000000ebd00000| Untracked 
| 190|0x00000000ebe00000, 0x00000000ebe00000, 0x00000000ebf00000|  0%| F|  |TAMS 0x00000000ebe00000| PB 0x00000000ebe00000| Untracked 
| 191|0x00000000ebf00000, 0x00000000ebf00000, 0x00000000ec000000|  0%| F|  |TAMS 0x00000000ebf00000| PB 0x00000000ebf00000| Untracked 
| 192|0x00000000ec000000, 0x00000000ec000000, 0x00000000ec100000|  0%| F|  |TAMS 0x00000000ec000000| PB 0x00000000ec000000| Untracked 
| 193|0x00000000ec100000, 0x00000000ec100000, 0x00000000ec200000|  0%| F|  |TAMS 0x00000000ec100000| PB 0x00000000ec100000| Untracked 
| 194|0x00000000ec200000, 0x00000000ec200000, 0x00000000ec300000|  0%| F|  |TAMS 0x00000000ec200000| PB 0x00000000ec200000| Untracked 
| 195|0x00000000ec300000, 0x00000000ec300000, 0x00000000ec400000|  0%| F|  |TAMS 0x00000000ec300000| PB 0x00000000ec300000| Untracked 
| 196|0x00000000ec400000, 0x00000000ec400000, 0x00000000ec500000|  0%| F|  |TAMS 0x00000000ec400000| PB 0x00000000ec400000| Untracked 
| 197|0x00000000ec500000, 0x00000000ec500000, 0x00000000ec600000|  0%| F|  |TAMS 0x00000000ec500000| PB 0x00000000ec500000| Untracked 
| 198|0x00000000ec600000, 0x00000000ec600000, 0x00000000ec700000|  0%| F|  |TAMS 0x00000000ec600000| PB 0x00000000ec600000| Untracked 
| 199|0x00000000ec700000, 0x00000000ec700000, 0x00000000ec800000|  0%| F|  |TAMS 0x00000000ec700000| PB 0x00000000ec700000| Untracked 
| 200|0x00000000ec800000, 0x00000000ec800000, 0x00000000ec900000|  0%| F|  |TAMS 0x00000000ec800000| PB 0x00000000ec800000| Untracked 
| 201|0x00000000ec900000, 0x00000000ec900000, 0x00000000eca00000|  0%| F|  |TAMS 0x00000000ec900000| PB 0x00000000ec900000| Untracked 
| 202|0x00000000eca00000, 0x00000000eca00000, 0x00000000ecb00000|  0%| F|  |TAMS 0x00000000eca00000| PB 0x00000000eca00000| Untracked 
| 203|0x00000000ecb00000, 0x00000000ecb00000, 0x00000000ecc00000|  0%| F|  |TAMS 0x00000000ecb00000| PB 0x00000000ecb00000| Untracked 
| 204|0x00000000ecc00000, 0x00000000ecc00000, 0x00000000ecd00000|  0%| F|  |TAMS 0x00000000ecc00000| PB 0x00000000ecc00000| Untracked 
| 205|0x00000000ecd00000, 0x00000000ecd00000, 0x00000000ece00000|  0%| F|  |TAMS 0x00000000ecd00000| PB 0x00000000ecd00000| Untracked 
| 206|0x00000000ece00000, 0x00000000ece00000, 0x00000000ecf00000|  0%| F|  |TAMS 0x00000000ece00000| PB 0x00000000ece00000| Untracked 
| 207|0x00000000ecf00000, 0x00000000ecf00000, 0x00000000ed000000|  0%| F|  |TAMS 0x00000000ecf00000| PB 0x00000000ecf00000| Untracked 
| 208|0x00000000ed000000, 0x00000000ed000000, 0x00000000ed100000|  0%| F|  |TAMS 0x00000000ed000000| PB 0x00000000ed000000| Untracked 
| 209|0x00000000ed100000, 0x00000000ed100000, 0x00000000ed200000|  0%| F|  |TAMS 0x00000000ed100000| PB 0x00000000ed100000| Untracked 
| 210|0x00000000ed200000, 0x00000000ed200000, 0x00000000ed300000|  0%| F|  |TAMS 0x00000000ed200000| PB 0x00000000ed200000| Untracked 
| 211|0x00000000ed300000, 0x00000000ed300000, 0x00000000ed400000|  0%| F|  |TAMS 0x00000000ed300000| PB 0x00000000ed300000| Untracked 
| 212|0x00000000ed400000, 0x00000000ed400000, 0x00000000ed500000|  0%| F|  |TAMS 0x00000000ed400000| PB 0x00000000ed400000| Untracked 
| 213|0x00000000ed500000, 0x00000000ed500000, 0x00000000ed600000|  0%| F|  |TAMS 0x00000000ed500000| PB 0x00000000ed500000| Untracked 
| 214|0x00000000ed600000, 0x00000000ed600000, 0x00000000ed700000|  0%| F|  |TAMS 0x00000000ed600000| PB 0x00000000ed600000| Untracked 
| 215|0x00000000ed700000, 0x00000000ed700000, 0x00000000ed800000|  0%| F|  |TAMS 0x00000000ed700000| PB 0x00000000ed700000| Untracked 
| 216|0x00000000ed800000, 0x00000000ed800000, 0x00000000ed900000|  0%| F|  |TAMS 0x00000000ed800000| PB 0x00000000ed800000| Untracked 
| 217|0x00000000ed900000, 0x00000000ed900000, 0x00000000eda00000|  0%| F|  |TAMS 0x00000000ed900000| PB 0x00000000ed900000| Untracked 
| 218|0x00000000eda00000, 0x00000000eda00000, 0x00000000edb00000|  0%| F|  |TAMS 0x00000000eda00000| PB 0x00000000eda00000| Untracked 
| 219|0x00000000edb00000, 0x00000000edb00000, 0x00000000edc00000|  0%| F|  |TAMS 0x00000000edb00000| PB 0x00000000edb00000| Untracked 
| 220|0x00000000edc00000, 0x00000000edc00000, 0x00000000edd00000|  0%| F|  |TAMS 0x00000000edc00000| PB 0x00000000edc00000| Untracked 
| 221|0x00000000edd00000, 0x00000000edd00000, 0x00000000ede00000|  0%| F|  |TAMS 0x00000000edd00000| PB 0x00000000edd00000| Untracked 
| 222|0x00000000ede00000, 0x00000000ede00000, 0x00000000edf00000|  0%| F|  |TAMS 0x00000000ede00000| PB 0x00000000ede00000| Untracked 
| 223|0x00000000edf00000, 0x00000000edf00000, 0x00000000ee000000|  0%| F|  |TAMS 0x00000000edf00000| PB 0x00000000edf00000| Untracked 
| 224|0x00000000ee000000, 0x00000000ee000000, 0x00000000ee100000|  0%| F|  |TAMS 0x00000000ee000000| PB 0x00000000ee000000| Untracked 
| 225|0x00000000ee100000, 0x00000000ee100000, 0x00000000ee200000|  0%| F|  |TAMS 0x00000000ee100000| PB 0x00000000ee100000| Untracked 
| 226|0x00000000ee200000, 0x00000000ee200000, 0x00000000ee300000|  0%| F|  |TAMS 0x00000000ee200000| PB 0x00000000ee200000| Untracked 
| 227|0x00000000ee300000, 0x00000000ee300000, 0x00000000ee400000|  0%| F|  |TAMS 0x00000000ee300000| PB 0x00000000ee300000| Untracked 
| 228|0x00000000ee400000, 0x00000000ee400000, 0x00000000ee500000|  0%| F|  |TAMS 0x00000000ee400000| PB 0x00000000ee400000| Untracked 
| 229|0x00000000ee500000, 0x00000000ee500000, 0x00000000ee600000|  0%| F|  |TAMS 0x00000000ee500000| PB 0x00000000ee500000| Untracked 
| 230|0x00000000ee600000, 0x00000000ee600000, 0x00000000ee700000|  0%| F|  |TAMS 0x00000000ee600000| PB 0x00000000ee600000| Untracked 
| 231|0x00000000ee700000, 0x00000000ee700000, 0x00000000ee800000|  0%| F|  |TAMS 0x00000000ee700000| PB 0x00000000ee700000| Untracked 
| 232|0x00000000ee800000, 0x00000000ee800000, 0x00000000ee900000|  0%| F|  |TAMS 0x00000000ee800000| PB 0x00000000ee800000| Untracked 
| 233|0x00000000ee900000, 0x00000000ee900000, 0x00000000eea00000|  0%| F|  |TAMS 0x00000000ee900000| PB 0x00000000ee900000| Untracked 
| 234|0x00000000eea00000, 0x00000000eea00000, 0x00000000eeb00000|  0%| F|  |TAMS 0x00000000eea00000| PB 0x00000000eea00000| Untracked 
| 235|0x00000000eeb00000, 0x00000000eeb00000, 0x00000000eec00000|  0%| F|  |TAMS 0x00000000eeb00000| PB 0x00000000eeb00000| Untracked 
| 236|0x00000000eec00000, 0x00000000eec00000, 0x00000000eed00000|  0%| F|  |TAMS 0x00000000eec00000| PB 0x00000000eec00000| Untracked 
| 237|0x00000000eed00000, 0x00000000eed00000, 0x00000000eee00000|  0%| F|  |TAMS 0x00000000eed00000| PB 0x00000000eed00000| Untracked 
| 238|0x00000000eee00000, 0x00000000eee00000, 0x00000000eef00000|  0%| F|  |TAMS 0x00000000eee00000| PB 0x00000000eee00000| Untracked 
| 239|0x00000000eef00000, 0x00000000eef00000, 0x00000000ef000000|  0%| F|  |TAMS 0x00000000eef00000| PB 0x00000000eef00000| Untracked 
| 240|0x00000000ef000000, 0x00000000ef000000, 0x00000000ef100000|  0%| F|  |TAMS 0x00000000ef000000| PB 0x00000000ef000000| Untracked 
| 241|0x00000000ef100000, 0x00000000ef100000, 0x00000000ef200000|  0%| F|  |TAMS 0x00000000ef100000| PB 0x00000000ef100000| Untracked 
| 242|0x00000000ef200000, 0x00000000ef200000, 0x00000000ef300000|  0%| F|  |TAMS 0x00000000ef200000| PB 0x00000000ef200000| Untracked 
| 243|0x00000000ef300000, 0x00000000ef300000, 0x00000000ef400000|  0%| F|  |TAMS 0x00000000ef300000| PB 0x00000000ef300000| Untracked 
| 244|0x00000000ef400000, 0x00000000ef42c288, 0x00000000ef500000| 17%| S|CS|TAMS 0x00000000ef400000| PB 0x00000000ef400000| Complete 
| 245|0x00000000ef500000, 0x00000000ef500000, 0x00000000ef600000|  0%| F|  |TAMS 0x00000000ef500000| PB 0x00000000ef500000| Untracked 
| 246|0x00000000ef600000, 0x00000000ef600000, 0x00000000ef700000|  0%| F|  |TAMS 0x00000000ef600000| PB 0x00000000ef600000| Untracked 
| 247|0x00000000ef700000, 0x00000000ef700000, 0x00000000ef800000|  0%| F|  |TAMS 0x00000000ef700000| PB 0x00000000ef700000| Untracked 
| 248|0x00000000ef800000, 0x00000000ef800000, 0x00000000ef900000|  0%| F|  |TAMS 0x00000000ef800000| PB 0x00000000ef800000| Untracked 
| 249|0x00000000ef900000, 0x00000000ef900000, 0x00000000efa00000|  0%| F|  |TAMS 0x00000000ef900000| PB 0x00000000ef900000| Untracked 
| 250|0x00000000efa00000, 0x00000000efa00000, 0x00000000efb00000|  0%| F|  |TAMS 0x00000000efa00000| PB 0x00000000efa00000| Untracked 
| 251|0x00000000efb00000, 0x00000000efb00000, 0x00000000efc00000|  0%| F|  |TAMS 0x00000000efb00000| PB 0x00000000efb00000| Untracked 
| 252|0x00000000efc00000, 0x00000000efc00000, 0x00000000efd00000|  0%| F|  |TAMS 0x00000000efc00000| PB 0x00000000efc00000| Untracked 
| 253|0x00000000efd00000, 0x00000000efd00000, 0x00000000efe00000|  0%| F|  |TAMS 0x00000000efd00000| PB 0x00000000efd00000| Untracked 
| 254|0x00000000efe00000, 0x00000000efe00000, 0x00000000eff00000|  0%| F|  |TAMS 0x00000000efe00000| PB 0x00000000efe00000| Untracked 
| 255|0x00000000eff00000, 0x00000000eff00000, 0x00000000f0000000|  0%| F|  |TAMS 0x00000000eff00000| PB 0x00000000eff00000| Untracked 

Card table byte_map: [0x000002d2def80000,0x000002d2df080000] _byte_map_base: 0x000002d2de880000

Marking Bits: (CMBitMap*) 0x000002d2caa5c560
 Bits: [0x000002d2df080000, 0x000002d2df880000)

Polling page: 0x000002d2ca7c0000

Metaspace:

Usage:
  Non-class:     43.65 MB used.
      Class:      7.82 MB used.
       Both:     51.47 MB used.

Virtual space:
  Non-class space:       64.00 MB reserved,      44.69 MB ( 70%) committed,  1 nodes.
      Class space:      320.00 MB reserved,       8.88 MB (  3%) committed,  1 nodes.
             Both:      384.00 MB reserved,      53.56 MB ( 14%) committed. 

Chunk freelists:
   Non-Class:  2.48 MB
       Class:  7.10 MB
        Both:  9.59 MB

MaxMetaspaceSize: 384.00 MB
CompressedClassSpaceSize: 320.00 MB
Initial GC threshold: 21.00 MB
Current GC threshold: 60.25 MB
CDS: on
 - commit_granule_bytes: 65536.
 - commit_granule_words: 8192.
 - virtual_space_node_default_size: 8388608.
 - enlarge_chunks_in_place: 1.
 - use_allocation_guard: 0.


Internal statistics:

num_allocs_failed_limit: 12.
num_arena_births: 3810.
num_arena_deaths: 4.
num_vsnodes_births: 2.
num_vsnodes_deaths: 0.
num_space_committed: 857.
num_space_uncommitted: 0.
num_chunks_returned_to_freelist: 16.
num_chunks_taken_from_freelist: 6532.
num_chunk_merges: 12.
num_chunk_splits: 4186.
num_chunks_enlarged: 2417.
num_inconsistent_stats: 0.

CodeHeap 'non-profiled nmethods': size=120000Kb used=4364Kb max_used=4364Kb free=115635Kb
 bounds [0x000002d2d6cd0000, 0x000002d2d7120000, 0x000002d2de200000]
CodeHeap 'profiled nmethods': size=120000Kb used=13099Kb max_used=13099Kb free=106900Kb
 bounds [0x000002d2cf200000, 0x000002d2cfed0000, 0x000002d2d6730000]
CodeHeap 'non-nmethods': size=5760Kb used=1884Kb max_used=1929Kb free=3875Kb
 bounds [0x000002d2d6730000, 0x000002d2d69a0000, 0x000002d2d6cd0000]
CodeCache: size=245760Kb, used=19347Kb, max_used=19392Kb, free=226410Kb
 total_blobs=7708, nmethods=6953, adapters=659, full_count=0
Compilation: enabled, stopped_count=0, restarted_count=0

Compilation events (20 events):
Event: 15303.423 Thread 0x000002d2e256e780 7478       4       java.util.stream.ReduceOps$ReduceOp::evaluateSequential (18 bytes)
Event: 15303.511 Thread 0x000002d2e256e780 nmethod 7478 0x000002d2d710d010 code [0x000002d2d710d1c0, 0x000002d2d710d408]
Event: 15303.513 Thread 0x000002d2e256e780 7479       4       java.util.stream.ReduceOps$3::getOpFlags (28 bytes)
Event: 15303.930 Thread 0x000002d2e256e780 nmethod 7479 0x000002d2d710d590 code [0x000002d2d710d7c0, 0x000002d2d710dcd8]
Event: 15303.931 Thread 0x000002d2e256e780 7480       4       java.util.ArrayList$ArrayListSpliterator::forEachRemaining (127 bytes)
Event: 15304.808 Thread 0x000002d2e256e780 nmethod 7480 0x000002d2d710e090 code [0x000002d2d710e280, 0x000002d2d710e8a8]
Event: 15304.830 Thread 0x000002d2e256e780 7481       4       java.util.HashMap$HashMapSpliterator::estimateSize (11 bytes)
Event: 15304.831 Thread 0x000002d2e256e780 nmethod 7481 0x000002d2d710ed10 code [0x000002d2d710eea0, 0x000002d2d710ef88]
Event: 15305.740 Thread 0x000002d2e256e780 7482       4       java.util.stream.ReduceOps$3ReducingSink::begin (14 bytes)
Event: 15305.900 Thread 0x000002d2e256e780 nmethod 7482 0x000002d2d710f090 code [0x000002d2d710f220, 0x000002d2d710f3a0]
Event: 15310.640 Thread 0x000002d2e256e780 7483       4       java.util.concurrent.ThreadPoolExecutor$Worker::unlock (7 bytes)
Event: 15311.486 Thread 0x000002d2e256e780 nmethod 7483 0x000002d2d710f490 code [0x000002d2d710f640, 0x000002d2d710f7b0]
Event: 15311.547 Thread 0x000002d2e256e780 7484       4       java.lang.management.DefaultPlatformMBeanProvider$6::nameToMBeanMap (85 bytes)
Event: 15321.324 Thread 0x000002d2e256e780 nmethod 7484 0x000002d2d710f890 code [0x000002d2d710fbc0, 0x000002d2d7111790]
Event: 15321.730 Thread 0x000002d2e256e780 7486   !   4       org.gradle.launcher.daemon.server.health.gc.GarbageCollectionCheck::run (213 bytes)
Event: 15353.789 Thread 0x000002d2e256f220 7490       3       org.gradle.launcher.daemon.registry.DaemonRegistryContent$Serializer::readAddresses (137 bytes)
Event: 15357.721 Thread 0x000002d2e256f220 nmethod 7490 0x000002d2cfec7590 code [0x000002d2cfec7940, 0x000002d2cfec9390]
Event: 15357.721 Thread 0x000002d2e256f220 7491       3       org.gradle.launcher.daemon.registry.DaemonRegistryContent$Serializer::readInfosMap (74 bytes)
Event: 15357.889 Thread 0x000002d2e256f220 nmethod 7491 0x000002d2cfec9c90 code [0x000002d2cfec9f20, 0x000002d2cfeca948]
Event: 15358.839 Thread 0x000002d2e256f220 7501       3       java.io.FilterInputStream::close (8 bytes)

GC Heap History (20 events):
Event: 512.021 GC heap after
{Heap after GC invocations=6 (full 0):
 garbage-first heap   total 262144K, used 31921K [0x00000000e0000000, 0x0000000100000000)
  region size 1024K, 9 young (9216K), 9 survivors (9216K)
 Metaspace       used 34942K, committed 36288K, reserved 393216K
  class space    used 5159K, committed 5824K, reserved 327680K
}
Event: 512.275 GC heap before
{Heap before GC invocations=6 (full 0):
 garbage-first heap   total 262144K, used 32945K [0x00000000e0000000, 0x0000000100000000)
  region size 1024K, 11 young (11264K), 9 survivors (9216K)
 Metaspace       used 35233K, committed 36608K, reserved 393216K
  class space    used 5192K, committed 5888K, reserved 327680K
}
Event: 512.287 GC heap after
{Heap after GC invocations=7 (full 0):
 garbage-first heap   total 262144K, used 31661K [0x00000000e0000000, 0x0000000100000000)
  region size 1024K, 9 young (9216K), 9 survivors (9216K)
 Metaspace       used 35233K, committed 36608K, reserved 393216K
  class space    used 5192K, committed 5888K, reserved 327680K
}
Event: 512.357 GC heap before
{Heap before GC invocations=7 (full 0):
 garbage-first heap   total 262144K, used 32685K [0x00000000e0000000, 0x0000000100000000)
  region size 1024K, 11 young (11264K), 9 survivors (9216K)
 Metaspace       used 35500K, committed 36928K, reserved 393216K
  class space    used 5230K, committed 5952K, reserved 327680K
}
Event: 512.366 GC heap after
{Heap after GC invocations=8 (full 0):
 garbage-first heap   total 262144K, used 32590K [0x00000000e0000000, 0x0000000100000000)
  region size 1024K, 10 young (10240K), 10 survivors (10240K)
 Metaspace       used 35500K, committed 36928K, reserved 393216K
  class space    used 5230K, committed 5952K, reserved 327680K
}
Event: 690.481 GC heap before
{Heap before GC invocations=9 (full 0):
 garbage-first heap   total 262144K, used 179022K [0x00000000e0000000, 0x0000000100000000)
  region size 1024K, 153 young (156672K), 10 survivors (10240K)
 Metaspace       used 48646K, committed 50560K, reserved 393216K
  class space    used 7334K, committed 8256K, reserved 327680K
}
Event: 691.007 GC heap after
{Heap after GC invocations=10 (full 0):
 garbage-first heap   total 262144K, used 40474K [0x00000000e0000000, 0x0000000100000000)
  region size 1024K, 17 young (17408K), 17 survivors (17408K)
 Metaspace       used 48646K, committed 50560K, reserved 393216K
  class space    used 7334K, committed 8256K, reserved 327680K
}
Event: 692.331 GC heap before
{Heap before GC invocations=10 (full 0):
 garbage-first heap   total 262144K, used 44570K [0x00000000e0000000, 0x0000000100000000)
  region size 1024K, 22 young (22528K), 17 survivors (17408K)
 Metaspace       used 48682K, committed 50560K, reserved 393216K
  class space    used 7334K, committed 8256K, reserved 327680K
}
Event: 692.356 GC heap after
{Heap after GC invocations=11 (full 0):
 garbage-first heap   total 262144K, used 42102K [0x00000000e0000000, 0x0000000100000000)
  region size 1024K, 3 young (3072K), 3 survivors (3072K)
 Metaspace       used 48682K, committed 50560K, reserved 393216K
  class space    used 7334K, committed 8256K, reserved 327680K
}
Event: 15328.027 GC heap before
{Heap before GC invocations=11 (full 0):
 garbage-first heap   total 262144K, used 122998K [0x00000000e0000000, 0x0000000100000000)
  region size 1024K, 83 young (84992K), 3 survivors (3072K)
 Metaspace       used 52702K, committed 54848K, reserved 393216K
  class space    used 8009K, committed 9088K, reserved 327680K
}
Event: 15348.568 GC heap after
{Heap after GC invocations=12 (full 0):
 garbage-first heap   total 262144K, used 43522K [0x00000000e0000000, 0x0000000100000000)
  region size 1024K, 4 young (4096K), 4 survivors (4096K)
 Metaspace       used 52702K, committed 54848K, reserved 393216K
  class space    used 8009K, committed 9088K, reserved 327680K
}
Event: 15354.674 GC heap before
{Heap before GC invocations=12 (full 0):
 garbage-first heap   total 262144K, used 51714K [0x00000000e0000000, 0x0000000100000000)
  region size 1024K, 12 young (12288K), 4 survivors (4096K)
 Metaspace       used 52704K, committed 54848K, reserved 393216K
  class space    used 8009K, committed 9088K, reserved 327680K
}
Event: 15355.491 GC heap after
{Heap after GC invocations=13 (full 0):
 garbage-first heap   total 262144K, used 44029K [0x00000000e0000000, 0x0000000100000000)
  region size 1024K, 1 young (1024K), 1 survivors (1024K)
 Metaspace       used 52704K, committed 54848K, reserved 393216K
  class space    used 8009K, committed 9088K, reserved 327680K
}
Event: 15357.366 GC heap before
{Heap before GC invocations=13 (full 0):
 garbage-first heap   total 262144K, used 55293K [0x00000000e0000000, 0x0000000100000000)
  region size 1024K, 12 young (12288K), 1 survivors (1024K)
 Metaspace       used 52707K, committed 54848K, reserved 393216K
  class space    used 8009K, committed 9088K, reserved 327680K
}
Event: 15357.544 GC heap after
{Heap after GC invocations=14 (full 0):
 garbage-first heap   total 262144K, used 43679K [0x00000000e0000000, 0x0000000100000000)
  region size 1024K, 1 young (1024K), 1 survivors (1024K)
 Metaspace       used 52707K, committed 54848K, reserved 393216K
  class space    used 8009K, committed 9088K, reserved 327680K
}
Event: 15358.273 GC heap before
{Heap before GC invocations=14 (full 0):
 garbage-first heap   total 262144K, used 54943K [0x00000000e0000000, 0x0000000100000000)
  region size 1024K, 12 young (12288K), 1 survivors (1024K)
 Metaspace       used 52708K, committed 54848K, reserved 393216K
  class space    used 8009K, committed 9088K, reserved 327680K
}
Event: 15358.375 GC heap after
{Heap after GC invocations=15 (full 0):
 garbage-first heap   total 262144K, used 43814K [0x00000000e0000000, 0x0000000100000000)
  region size 1024K, 1 young (1024K), 1 survivors (1024K)
 Metaspace       used 52708K, committed 54848K, reserved 393216K
  class space    used 8009K, committed 9088K, reserved 327680K
}
Event: 15358.636 GC heap before
{Heap before GC invocations=15 (full 0):
 garbage-first heap   total 262144K, used 55078K [0x00000000e0000000, 0x0000000100000000)
  region size 1024K, 12 young (12288K), 1 survivors (1024K)
 Metaspace       used 52708K, committed 54848K, reserved 393216K
  class space    used 8009K, committed 9088K, reserved 327680K
}
Event: 15358.752 GC heap after
{Heap after GC invocations=16 (full 0):
 garbage-first heap   total 262144K, used 43581K [0x00000000e0000000, 0x0000000100000000)
  region size 1024K, 1 young (1024K), 1 survivors (1024K)
 Metaspace       used 52708K, committed 54848K, reserved 393216K
  class space    used 8009K, committed 9088K, reserved 327680K
}
Event: 15358.874 GC heap before
{Heap before GC invocations=16 (full 0):
 garbage-first heap   total 262144K, used 54845K [0x00000000e0000000, 0x0000000100000000)
  region size 1024K, 12 young (12288K), 1 survivors (1024K)
 Metaspace       used 52708K, committed 54848K, reserved 393216K
  class space    used 8009K, committed 9088K, reserved 327680K
}

Dll operation events (20 events):
Event: 0.750 Attempting to load shared library C:\Users\pjoo6\.vscode\extensions\redhat.java-1.56.0-win32-x64\jre\21.0.12.1-win32-x86_64\bin\nio.dll
Event: 0.752 Loaded shared library C:\Users\pjoo6\.vscode\extensions\redhat.java-1.56.0-win32-x64\jre\21.0.12.1-win32-x86_64\bin\nio.dll
Event: 0.763 Attempting to load shared library C:\Users\pjoo6\.vscode\extensions\redhat.java-1.56.0-win32-x64\jre\21.0.12.1-win32-x86_64\bin\zip.dll
Event: 0.763 Loaded shared library C:\Users\pjoo6\.vscode\extensions\redhat.java-1.56.0-win32-x64\jre\21.0.12.1-win32-x86_64\bin\zip.dll
Event: 1.916 Attempting to load shared library C:\Users\pjoo6\.vscode\extensions\redhat.java-1.56.0-win32-x64\jre\21.0.12.1-win32-x86_64\bin\jimage.dll
Event: 1.916 Loaded shared library C:\Users\pjoo6\.vscode\extensions\redhat.java-1.56.0-win32-x64\jre\21.0.12.1-win32-x86_64\bin\jimage.dll
Event: 22.282 Attempting to load shared library C:\Users\pjoo6\.vscode\extensions\redhat.java-1.56.0-win32-x64\jre\21.0.12.1-win32-x86_64\bin\verify.dll
Event: 22.538 Loaded shared library C:\Users\pjoo6\.vscode\extensions\redhat.java-1.56.0-win32-x64\jre\21.0.12.1-win32-x86_64\bin\verify.dll
Event: 29.054 Attempting to load shared library C:\Users\pjoo6\.gradle\native\660c5614fbf4a5f2a75b1949f50a0caf5cd603558e7d8a26e50b933a0cfb79d1\windows-amd64\native-platform.dll
Event: 29.066 Loaded shared library C:\Users\pjoo6\.gradle\native\660c5614fbf4a5f2a75b1949f50a0caf5cd603558e7d8a26e50b933a0cfb79d1\windows-amd64\native-platform.dll
Event: 39.583 Attempting to load shared library C:\Users\pjoo6\.gradle\native\0.2.8\x86_64-windows-gnu\gradle-fileevents.dll
Event: 39.585 Loaded shared library C:\Users\pjoo6\.gradle\native\0.2.8\x86_64-windows-gnu\gradle-fileevents.dll
Event: 357.972 Attempting to load shared library C:\Users\pjoo6\.vscode\extensions\redhat.java-1.56.0-win32-x64\jre\21.0.12.1-win32-x86_64\bin\management.dll
Event: 357.975 Loaded shared library C:\Users\pjoo6\.vscode\extensions\redhat.java-1.56.0-win32-x64\jre\21.0.12.1-win32-x86_64\bin\management.dll
Event: 357.985 Attempting to load shared library C:\Users\pjoo6\.vscode\extensions\redhat.java-1.56.0-win32-x64\jre\21.0.12.1-win32-x86_64\bin\management_ext.dll
Event: 357.987 Loaded shared library C:\Users\pjoo6\.vscode\extensions\redhat.java-1.56.0-win32-x64\jre\21.0.12.1-win32-x86_64\bin\management_ext.dll
Event: 366.372 Attempting to load shared library C:\Users\pjoo6\.vscode\extensions\redhat.java-1.56.0-win32-x64\jre\21.0.12.1-win32-x86_64\bin\extnet.dll
Event: 366.376 Loaded shared library C:\Users\pjoo6\.vscode\extensions\redhat.java-1.56.0-win32-x64\jre\21.0.12.1-win32-x86_64\bin\extnet.dll
Event: 418.049 Attempting to load shared library C:\Users\pjoo6\.vscode\extensions\redhat.java-1.56.0-win32-x64\jre\21.0.12.1-win32-x86_64\bin\sunmscapi.dll
Event: 418.853 Loaded shared library C:\Users\pjoo6\.vscode\extensions\redhat.java-1.56.0-win32-x64\jre\21.0.12.1-win32-x86_64\bin\sunmscapi.dll

Deoptimization events (20 events):
Event: 15242.255 Thread 0x000002d2fca12ba0 Uncommon trap: trap_request=0xffffffd6 fr.pc=0x000002d2d70f412c relative=0x00000000000006ec
Event: 15242.255 Thread 0x000002d2fca12ba0 Uncommon trap: reason=array_check action=maybe_recompile pc=0x000002d2d70f412c method=java.util.ComparableTimSort.reverseRange([Ljava/lang/Object;II)V @ 20 c2
Event: 15242.255 Thread 0x000002d2fca12ba0 DEOPT PACKING pc=0x000002d2d70f412c sp=0x000000dd25bfe940
Event: 15242.255 Thread 0x000002d2fca12ba0 DEOPT UNPACKING pc=0x000002d2d6784422 sp=0x000000dd25bfe8f0 mode 2
Event: 15242.271 Thread 0x000002d2fca12ba0 Uncommon trap: trap_request=0xffffffd6 fr.pc=0x000002d2d70f412c relative=0x00000000000006ec
Event: 15242.271 Thread 0x000002d2fca12ba0 Uncommon trap: reason=array_check action=maybe_recompile pc=0x000002d2d70f412c method=java.util.ComparableTimSort.reverseRange([Ljava/lang/Object;II)V @ 20 c2
Event: 15242.271 Thread 0x000002d2fca12ba0 DEOPT PACKING pc=0x000002d2d70f412c sp=0x000000dd25bfe940
Event: 15242.271 Thread 0x000002d2fca12ba0 DEOPT UNPACKING pc=0x000002d2d6784422 sp=0x000000dd25bfe8f0 mode 2
Event: 15242.271 Thread 0x000002d2fca12ba0 Uncommon trap: trap_request=0xffffffd6 fr.pc=0x000002d2d70f412c relative=0x00000000000006ec
Event: 15242.271 Thread 0x000002d2fca12ba0 Uncommon trap: reason=array_check action=maybe_recompile pc=0x000002d2d70f412c method=java.util.ComparableTimSort.reverseRange([Ljava/lang/Object;II)V @ 20 c2
Event: 15242.271 Thread 0x000002d2fca12ba0 DEOPT PACKING pc=0x000002d2d70f412c sp=0x000000dd25bfe940
Event: 15242.274 Thread 0x000002d2fca12ba0 DEOPT UNPACKING pc=0x000002d2d6784422 sp=0x000000dd25bfe8f0 mode 2
Event: 15245.331 Thread 0x000002d2fca12ba0 Uncommon trap: trap_request=0xffffffd6 fr.pc=0x000002d2d70f6f48 relative=0x00000000000008e8
Event: 15245.331 Thread 0x000002d2fca12ba0 Uncommon trap: reason=array_check action=maybe_recompile pc=0x000002d2d70f6f48 method=java.util.ComparableTimSort.reverseRange([Ljava/lang/Object;II)V @ 27 c2
Event: 15245.331 Thread 0x000002d2fca12ba0 DEOPT PACKING pc=0x000002d2d70f6f48 sp=0x000000dd25bfe930
Event: 15245.331 Thread 0x000002d2fca12ba0 DEOPT UNPACKING pc=0x000002d2d6784422 sp=0x000000dd25bfe8f0 mode 2
Event: 15245.331 Thread 0x000002d2fca12ba0 Uncommon trap: trap_request=0xffffffd6 fr.pc=0x000002d2d70f6f48 relative=0x00000000000008e8
Event: 15245.331 Thread 0x000002d2fca12ba0 Uncommon trap: reason=array_check action=maybe_recompile pc=0x000002d2d70f6f48 method=java.util.ComparableTimSort.reverseRange([Ljava/lang/Object;II)V @ 27 c2
Event: 15245.331 Thread 0x000002d2fca12ba0 DEOPT PACKING pc=0x000002d2d70f6f48 sp=0x000000dd25bfe930
Event: 15245.331 Thread 0x000002d2fca12ba0 DEOPT UNPACKING pc=0x000002d2d6784422 sp=0x000000dd25bfe8f0 mode 2

Classes loaded (20 events):
Event: 707.620 Loading class sun/misc/SharedSecrets
Event: 707.620 Loading class sun/misc/SharedSecrets done
Event: 709.024 Loading class java/io/PrintWriter$1
Event: 709.025 Loading class jdk/internal/access/JavaIOPrintWriterAccess
Event: 709.025 Loading class jdk/internal/access/JavaIOPrintWriterAccess done
Event: 709.025 Loading class java/io/PrintWriter$1 done
Event: 709.385 Loading class java/util/stream/ReduceOps$5
Event: 709.385 Loading class java/util/stream/ReduceOps$5 done
Event: 709.385 Loading class java/util/stream/ReduceOps$CountingSink$OfRef
Event: 709.392 Loading class java/util/stream/ReduceOps$CountingSink
Event: 709.393 Loading class java/util/stream/ReduceOps$CountingSink done
Event: 709.393 Loading class java/util/stream/ReduceOps$CountingSink$OfRef done
Event: 15250.857 Loading class java/util/AbstractList$RandomAccessSubList
Event: 15253.024 Loading class java/util/AbstractList$SubList
Event: 15253.093 Loading class java/util/AbstractList$SubList done
Event: 15253.101 Loading class java/util/AbstractList$RandomAccessSubList done
Event: 15253.105 Loading class java/util/AbstractList$SubList$1
Event: 15253.121 Loading class java/util/AbstractList$SubList$1 done
Event: 15253.122 Loading class java/util/AbstractList$ListItr
Event: 15253.132 Loading class java/util/AbstractList$ListItr done

Classes unloaded (2 events):
Event: 512.382 Thread 0x000002d2e253a1e0 Unloading class 0x000002d2e4002000 'java/lang/invoke/LambdaForm$MH+0x000002d2e4002000'
Event: 512.383 Thread 0x000002d2e253a1e0 Unloading class 0x000002d2e4001c00 'java/lang/invoke/LambdaForm$MH+0x000002d2e4001c00'

Classes redefined (0 events):
No events

Internal exceptions (20 events):
Event: 664.142 Thread 0x000002d2fcb66880 Exception <a 'java/lang/NoSuchMethodError'{0x00000000e7ae7c08}: 'java.lang.Object java.lang.invoke.DirectMethodHandle$Holder.invokeSpecial(java.lang.Object, java.lang.Object, java.lang.Object, java.lang.Object, java.lang.Object, int, java.lang.Object)'> (0x00000000e7ae7c08) 
thrown [s\src\hotspot\share\interpreter\linkResolver.cpp, line 773]
Event: 664.145 Thread 0x000002d2fcb66880 Exception <a 'java/lang/NoSuchMethodError'{0x00000000e7aec4a8}: 'java.lang.Object java.lang.invoke.Invokers$Holder.linkToTargetMethod(java.lang.Object, java.lang.Object, java.lang.Object, int, java.lang.Object, java.lang.Object)'> (0x00000000e7aec4a8) 
thrown [s\src\hotspot\share\interpreter\linkResolver.cpp, line 773]
Event: 685.749 Thread 0x000002d2fcb66880 Exception <a 'java/lang/NoSuchMethodError'{0x00000000e7077718}: 'java.lang.Object java.lang.invoke.DirectMethodHandle$Holder.invokeSpecialIFC(java.lang.Object, java.lang.Object, java.lang.Object)'> (0x00000000e7077718) 
thrown [s\src\hotspot\share\interpreter\linkResolver.cpp, line 773]
Event: 696.108 Thread 0x000002d2fcb66880 Exception <a 'java/lang/NoSuchMethodError'{0x00000000ef2a5988}: 'java.lang.Object java.lang.invoke.DirectMethodHandle$Holder.newInvokeSpecial(java.lang.Object, java.lang.Object, java.lang.Object, java.lang.Object, java.lang.Object, java.lang.Object, java.lang.Object, java.lang.Object, java.lang.Object, java.lang.Object, java.lang.Object, java.lang.Object, java.lang.Object, java.lang.Object, java.lang.Object, java.lang.Object)'> (0x00000000ef2a5988) 
thrown [s\src\hotspot\share\interpreter\linkResolver.cpp,
Event: 696.109 Thread 0x000002d2fcb66880 Exception <a 'java/lang/NoSuchMethodError'{0x00000000ef2ac318}: 'java.lang.Object java.lang.invoke.DirectMethodHandle$Holder.invokeSpecial(java.lang.Object, java.lang.Object, java.lang.Object, java.lang.Object, java.lang.Object, java.lang.Object, java.lang.Object, java.lang.Object, java.lang.Object, java.lang.Object, java.lang.Object, java.lang.Object, java.lang.Object, java.lang.Object, java.lang.Object, java.lang.Object, java.lang.Object)'> (0x00000000ef2ac318) 
thrown [s\src\hotspot\share\interpreter\li
Event: 696.110 Thread 0x000002d2fcb66880 Exception <a 'java/lang/NoSuchMethodError'{0x00000000ef2b1ec0}: 'java.lang.Object java.lang.invoke.DelegatingMethodHandle$Holder.reinvoke_L(java.lang.Object, java.lang.Object, java.lang.Object, java.lang.Object, java.lang.Object, java.lang.Object, java.lang.Object, java.lang.Object, java.lang.Object, java.lang.Object, java.lang.Object, java.lang.Object, java.lang.Object, java.lang.Object, java.lang.Object, java.lang.Object)'> (0x00000000ef2b1ec0) 
thrown [s\src\hotspot\share\interpreter\linkResolver.cpp, l
Event: 701.913 Thread 0x000002d2fcb66880 Exception <a 'java/lang/IncompatibleClassChangeError'{0x00000000ee2ac848}: Found class java.lang.Object, but interface was expected> (0x00000000ee2ac848) 
thrown [s\src\hotspot\share\interpreter\linkResolver.cpp, line 840]
Event: 701.927 Thread 0x000002d2fcb66880 Exception <a 'java/lang/IncompatibleClassChangeError'{0x00000000ee2cdec8}: Found class java.lang.Object, but interface was expected> (0x00000000ee2cdec8) 
thrown [s\src\hotspot\share\interpreter\linkResolver.cpp, line 840]
Event: 701.950 Thread 0x000002d2fcb66880 Exception <a 'java/lang/IncompatibleClassChangeError'{0x00000000ee2d1e00}: Found class java.lang.Object, but interface was expected> (0x00000000ee2d1e00) 
thrown [s\src\hotspot\share\interpreter\linkResolver.cpp, line 840]
Event: 706.090 Thread 0x000002d2fcb66880 Implicit null exception at 0x000002d2d709daf5 to 0x000002d2d709dbd0
Event: 707.620 Thread 0x000002d2fcb66880 Exception <a 'java/lang/ClassNotFoundException'{0x00000000edab16d8}: sun/misc/SharedSecrets> (0x00000000edab16d8) 
thrown [s\src\hotspot\share\classfile\systemDictionary.cpp, line 313]
Event: 707.621 Thread 0x000002d2fcb66880 Exception <a 'java/lang/NoClassDefFoundError'{0x00000000edab2a30}: org/jetbrains/kotlin/gradle/plugin/KotlinPluginWrapper> (0x00000000edab2a30) 
thrown [s\src\hotspot\share\classfile\systemDictionary.cpp, line 302]
Event: 707.623 Thread 0x000002d2fcb66880 Exception <a 'java/lang/NoClassDefFoundError'{0x00000000edab7ea8}: org/graalvm/buildtools/gradle/NativeImagePlugin> (0x00000000edab7ea8) 
thrown [s\src\hotspot\share\classfile\systemDictionary.cpp, line 302]
Event: 707.639 Thread 0x000002d2fcb66880 Exception <a 'java/lang/NoClassDefFoundError'{0x00000000edabd8b0}: org/cyclonedx/gradle/CyclonedxPlugin> (0x00000000edabd8b0) 
thrown [s\src\hotspot\share\classfile\systemDictionary.cpp, line 302]
Event: 707.650 Thread 0x000002d2fcb66880 Exception <a 'java/lang/NoClassDefFoundError'{0x00000000edac2cc8}: com/google/protobuf/gradle/ProtobufPlugin> (0x00000000edac2cc8) 
thrown [s\src\hotspot\share\classfile\systemDictionary.cpp, line 302]
Event: 708.272 Thread 0x000002d2fcb66880 Exception <a 'java/lang/ClassNotFoundException'{0x00000000ed84aa10}: io/spring/gradle/dependencymanagement/internal/dsl/StandardDependencyManagementExtensionBeanInfo> (0x00000000ed84aa10) 
thrown [s\src\hotspot\share\classfile\systemDictionary.cpp, line 313]
Event: 708.273 Thread 0x000002d2fcb66880 Exception <a 'java/lang/ClassNotFoundException'{0x00000000ed852b98}: io/spring/gradle/dependencymanagement/internal/dsl/StandardDependencyManagementExtensionCustomizer> (0x00000000ed852b98) 
thrown [s\src\hotspot\share\classfile\systemDictionary.cpp, line 313]
Event: 710.760 Thread 0x000002d2fcb66880 Exception <a 'java/lang/ClassNotFoundException'{0x00000000ed2a9420}: io/spring/gradle/dependencymanagement/internal/dsl/StandardImportsHandlerBeanInfo> (0x00000000ed2a9420) 
thrown [s\src\hotspot\share\classfile\systemDictionary.cpp, line 313]
Event: 710.761 Thread 0x000002d2fcb66880 Exception <a 'java/lang/ClassNotFoundException'{0x00000000ed2b13c8}: io/spring/gradle/dependencymanagement/internal/dsl/StandardImportsHandlerCustomizer> (0x00000000ed2b13c8) 
thrown [s\src\hotspot\share\classfile\systemDictionary.cpp, line 313]
Event: 15248.223 Thread 0x000002d2fcb66880 Exception <a 'java/lang/NoSuchMethodError'{0x00000000ecb4b720}: 'void java.lang.invoke.DirectMethodHandle$Holder.invokeInterface(java.lang.Object, java.lang.Object, java.lang.Object, java.lang.Object)'> (0x00000000ecb4b720) 
thrown [s\src\hotspot\share\interpreter\linkResolver.cpp, line 773]

ZGC Phase Switch (0 events):
No events

VM Operations (20 events):
Event: 15295.183 Executing safepoint VM operation: Cleanup done
Event: 15298.203 Executing safepoint VM operation: Cleanup
Event: 15298.852 Executing safepoint VM operation: Cleanup done
Event: 15302.878 Executing safepoint VM operation: Cleanup
Event: 15303.004 Executing safepoint VM operation: Cleanup done
Event: 15304.018 Executing safepoint VM operation: Cleanup
Event: 15304.081 Executing safepoint VM operation: Cleanup done
Event: 15306.090 Executing safepoint VM operation: Cleanup
Event: 15306.184 Executing safepoint VM operation: Cleanup done
Event: 15327.761 Executing safepoint VM operation: G1CollectForAllocation (G1 Evacuation Pause)
Event: 15348.622 Executing safepoint VM operation: G1CollectForAllocation (G1 Evacuation Pause) done
Event: 15354.590 Executing safepoint VM operation: G1CollectForAllocation (G1 Evacuation Pause)
Event: 15355.491 Executing safepoint VM operation: G1CollectForAllocation (G1 Evacuation Pause) done
Event: 15357.324 Executing safepoint VM operation: G1CollectForAllocation (G1 Evacuation Pause)
Event: 15357.569 Executing safepoint VM operation: G1CollectForAllocation (G1 Evacuation Pause) done
Event: 15358.137 Executing safepoint VM operation: G1CollectForAllocation (G1 Evacuation Pause)
Event: 15358.375 Executing safepoint VM operation: G1CollectForAllocation (G1 Evacuation Pause) done
Event: 15358.514 Executing safepoint VM operation: G1CollectForAllocation (G1 Evacuation Pause)
Event: 15358.771 Executing safepoint VM operation: G1CollectForAllocation (G1 Evacuation Pause) done
Event: 15358.859 Executing safepoint VM operation: G1CollectForAllocation (G1 Evacuation Pause)

Memory protections (0 events):
No events

Nmethod flushes (20 events):
Event: 512.401 Thread 0x000002d2e253a1e0 flushing  nmethod 0x000002d2cf333410
Event: 512.401 Thread 0x000002d2e253a1e0 flushing  nmethod 0x000002d2cf333f10
Event: 512.401 Thread 0x000002d2e253a1e0 flushing  nmethod 0x000002d2cf33ce10
Event: 512.401 Thread 0x000002d2e253a1e0 flushing  nmethod 0x000002d2cf33dd90
Event: 512.401 Thread 0x000002d2e253a1e0 flushing  nmethod 0x000002d2cf340190
Event: 512.401 Thread 0x000002d2e253a1e0 flushing  nmethod 0x000002d2cf37cb10
Event: 512.401 Thread 0x000002d2e253a1e0 flushing  nmethod 0x000002d2cf37d590
Event: 512.401 Thread 0x000002d2e253a1e0 flushing  nmethod 0x000002d2cf37da10
Event: 512.401 Thread 0x000002d2e253a1e0 flushing  nmethod 0x000002d2cf382f90
Event: 512.401 Thread 0x000002d2e253a1e0 flushing  nmethod 0x000002d2cf3bf710
Event: 512.401 Thread 0x000002d2e253a1e0 flushing  nmethod 0x000002d2cf3c1a10
Event: 512.401 Thread 0x000002d2e253a1e0 flushing  nmethod 0x000002d2cf3c5d10
Event: 512.401 Thread 0x000002d2e253a1e0 flushing  nmethod 0x000002d2cf3c8410
Event: 512.401 Thread 0x000002d2e253a1e0 flushing  nmethod 0x000002d2cf3e9590
Event: 512.401 Thread 0x000002d2e253a1e0 flushing  nmethod 0x000002d2cf416090
Event: 512.401 Thread 0x000002d2e253a1e0 flushing  nmethod 0x000002d2cf45a410
Event: 512.401 Thread 0x000002d2e253a1e0 flushing  nmethod 0x000002d2cf597610
Event: 512.401 Thread 0x000002d2e253a1e0 flushing  nmethod 0x000002d2cf599590
Event: 512.401 Thread 0x000002d2e253a1e0 flushing  nmethod 0x000002d2cf59a490
Event: 512.401 Thread 0x000002d2e253a1e0 flushing  nmethod 0x000002d2cf769c90

Events (20 events):
Event: 491.115 Thread 0x000002d2fcb66880 Thread added: 0x000002d2fdf41e30
Event: 503.440 Thread 0x000002d2fcb66880 Thread added: 0x000002d2fdf424c0
Event: 506.441 Thread 0x000002d2fcb66880 Thread added: 0x000002d2fdf3f040
Event: 534.921 Thread 0x000002d2fcb66880 Thread added: 0x000002d2fdf42b50
Event: 547.200 Thread 0x000002d2fcb66880 Thread added: 0x000002d2fdf452b0
Event: 626.673 Thread 0x000002d2fcb66880 Thread added: 0x000002d2fdf43f00
Event: 662.629 Thread 0x000002d2fcb66880 Thread added: 0x000002d2fdf43870
Event: 662.910 Thread 0x000002d2fcb66880 Thread added: 0x000002d2fdf44c20
Event: 662.913 Thread 0x000002d2fcb66880 Thread added: 0x000002d2808357b0
Event: 662.914 Thread 0x000002d2fcb66880 Thread added: 0x000002d280837f10
Event: 662.919 Thread 0x000002d2fcb66880 Thread added: 0x000002d280838c30
Event: 663.107 Thread 0x000002d2fcb66880 Thread added: 0x000002d2808371f0
Event: 663.107 Thread 0x000002d2fcb66880 Thread added: 0x000002d2808385a0
Event: 663.108 Thread 0x000002d2fcb66880 Thread added: 0x000002d2808392c0
Event: 663.108 Thread 0x000002d2fcb66880 Thread added: 0x000002d280835e40
Event: 663.108 Thread 0x000002d2fcb66880 Thread added: 0x000002d280839950
Event: 663.109 Thread 0x000002d2fcb66880 Thread added: 0x000002d2808364d0
Event: 665.009 Thread 0x000002d2fcb66880 Thread added: 0x000002d280839fe0
Event: 696.762 Thread 0x000002d2fcb66880 Thread added: 0x000002d280836b60
Event: 15246.876 Thread 0x000002d2fdc2fb20 Thread exited: 0x000002d2fdc2fb20


Dynamic libraries:
0x00007ff7ad5d0000 - 0x00007ff7ad5de000 	C:\Users\pjoo6\.vscode\extensions\redhat.java-1.56.0-win32-x64\jre\21.0.12.1-win32-x86_64\bin\java.exe
0x00007ffe85b40000 - 0x00007ffe85da7000 	C:\WINDOWS\SYSTEM32\ntdll.dll
0x00007ffe83fa0000 - 0x00007ffe8406b000 	C:\WINDOWS\System32\KERNEL32.DLL
0x00007ffe83450000 - 0x00007ffe83852000 	C:\WINDOWS\System32\KERNELBASE.dll
0x00007ffe831a0000 - 0x00007ffe832ec000 	C:\WINDOWS\System32\ucrtbase.dll
0x00007ffe63b40000 - 0x00007ffe63b58000 	C:\Users\pjoo6\.vscode\extensions\redhat.java-1.56.0-win32-x64\jre\21.0.12.1-win32-x86_64\bin\jli.dll
0x00007ffe84370000 - 0x00007ffe8453f000 	C:\WINDOWS\System32\USER32.dll
0x00007ffe83170000 - 0x00007ffe83197000 	C:\WINDOWS\System32\win32u.dll
0x00007ffe84190000 - 0x00007ffe841bb000 	C:\WINDOWS\System32\GDI32.dll
0x00007ffe82eb0000 - 0x00007ffe82fd9000 	C:\WINDOWS\System32\gdi32full.dll
0x00007ffe82d40000 - 0x00007ffe82de3000 	C:\WINDOWS\System32\msvcp_win.dll
0x00007ffe63b60000 - 0x00007ffe63b7e000 	C:\Users\pjoo6\.vscode\extensions\redhat.java-1.56.0-win32-x64\jre\21.0.12.1-win32-x86_64\bin\VCRUNTIME140.dll
0x00007ffe59f50000 - 0x00007ffe5a1e0000 	C:\WINDOWS\WinSxS\amd64_microsoft.windows.common-controls_6595b64144ccf1df_6.0.26100.9278_none_3e0d1ba8e3303201\COMCTL32.dll
0x00007ffe847b0000 - 0x00007ffe84859000 	C:\WINDOWS\System32\msvcrt.dll
0x00007ffe841c0000 - 0x00007ffe841f1000 	C:\WINDOWS\System32\IMM32.DLL
0x00007ffe63b30000 - 0x00007ffe63b3c000 	C:\Users\pjoo6\.vscode\extensions\redhat.java-1.56.0-win32-x64\jre\21.0.12.1-win32-x86_64\bin\vcruntime140_1.dll
0x00007ffe63aa0000 - 0x00007ffe63b2d000 	C:\Users\pjoo6\.vscode\extensions\redhat.java-1.56.0-win32-x64\jre\21.0.12.1-win32-x86_64\bin\msvcp140.dll
0x00007ffdaaf20000 - 0x00007ffdabcc2000 	C:\Users\pjoo6\.vscode\extensions\redhat.java-1.56.0-win32-x64\jre\21.0.12.1-win32-x86_64\bin\server\jvm.dll
0x00007ffe83a90000 - 0x00007ffe83b4c000 	C:\WINDOWS\System32\ADVAPI32.dll
0x00007ffe84630000 - 0x00007ffe846d9000 	C:\WINDOWS\System32\sechost.dll
0x00007ffe84070000 - 0x00007ffe84188000 	C:\WINDOWS\System32\RPCRT4.dll
0x00007ffe849b0000 - 0x00007ffe84a30000 	C:\WINDOWS\System32\WS2_32.dll
0x00007ffe82ba0000 - 0x00007ffe82bfe000 	C:\WINDOWS\SYSTEM32\POWRPROF.dll
0x00007ffe77900000 - 0x00007ffe77936000 	C:\WINDOWS\SYSTEM32\WINMM.dll
0x00007ffe6dff0000 - 0x00007ffe6dffb000 	C:\WINDOWS\SYSTEM32\VERSION.dll
0x00007ffe82b80000 - 0x00007ffe82b95000 	C:\WINDOWS\SYSTEM32\UMPDC.dll
0x00007ffe81a10000 - 0x00007ffe81a2b000 	C:\WINDOWS\SYSTEM32\kernel.appcore.dll
0x00007ffe63a90000 - 0x00007ffe63a9a000 	C:\Users\pjoo6\.vscode\extensions\redhat.java-1.56.0-win32-x64\jre\21.0.12.1-win32-x86_64\bin\jimage.dll
0x00007ffe80280000 - 0x00007ffe804cc000 	C:\WINDOWS\SYSTEM32\DBGHELP.DLL
0x00007ffe83b60000 - 0x00007ffe83ee5000 	C:\WINDOWS\System32\combase.dll
0x00007ffe84550000 - 0x00007ffe84629000 	C:\WINDOWS\System32\OLEAUT32.dll
0x00007ffe58920000 - 0x00007ffe5895b000 	C:\WINDOWS\SYSTEM32\dbgcore.DLL
0x00007ffe83300000 - 0x00007ffe833ac000 	C:\WINDOWS\System32\bcryptPrimitives.dll
0x00007ffe5c060000 - 0x00007ffe5c06f000 	C:\Users\pjoo6\.vscode\extensions\redhat.java-1.56.0-win32-x64\jre\21.0.12.1-win32-x86_64\bin\instrument.dll
0x00007ffe638f0000 - 0x00007ffe63910000 	C:\Users\pjoo6\.vscode\extensions\redhat.java-1.56.0-win32-x64\jre\21.0.12.1-win32-x86_64\bin\java.dll
0x00007ffe84ba0000 - 0x00007ffe85338000 	C:\WINDOWS\System32\SHELL32.dll
0x00007ffe80770000 - 0x00007ffe8101e000 	C:\WINDOWS\SYSTEM32\windows.storage.dll
0x00007ffe84200000 - 0x00007ffe842fb000 	C:\WINDOWS\System32\SHCORE.dll
0x00007ffe84300000 - 0x00007ffe84366000 	C:\WINDOWS\System32\shlwapi.dll
0x00007ffe82c60000 - 0x00007ffe82c89000 	C:\WINDOWS\SYSTEM32\profapi.dll
0x00007ffe638d0000 - 0x00007ffe638e8000 	C:\Users\pjoo6\.vscode\extensions\redhat.java-1.56.0-win32-x64\jre\21.0.12.1-win32-x86_64\bin\zip.dll
0x00007ffe63a80000 - 0x00007ffe63a90000 	C:\Users\pjoo6\.vscode\extensions\redhat.java-1.56.0-win32-x64\jre\21.0.12.1-win32-x86_64\bin\net.dll
0x00007ffe76d70000 - 0x00007ffe76e9a000 	C:\WINDOWS\SYSTEM32\WINHTTP.dll
0x00007ffe81fd0000 - 0x00007ffe8203c000 	C:\WINDOWS\system32\mswsock.dll
0x00007ffe63820000 - 0x00007ffe63836000 	C:\Users\pjoo6\.vscode\extensions\redhat.java-1.56.0-win32-x64\jre\21.0.12.1-win32-x86_64\bin\nio.dll
0x00007ffe5c1d0000 - 0x00007ffe5c1e0000 	C:\Users\pjoo6\.vscode\extensions\redhat.java-1.56.0-win32-x64\jre\21.0.12.1-win32-x86_64\bin\verify.dll
0x00007ffe5c1f0000 - 0x00007ffe5c217000 	C:\Users\pjoo6\.gradle\native\660c5614fbf4a5f2a75b1949f50a0caf5cd603558e7d8a26e50b933a0cfb79d1\windows-amd64\native-platform.dll
0x00007ffe25f70000 - 0x00007ffe25fe7000 	C:\Users\pjoo6\.gradle\native\0.2.8\x86_64-windows-gnu\gradle-fileevents.dll
0x00007ffe5c1e0000 - 0x00007ffe5c1ea000 	C:\Users\pjoo6\.vscode\extensions\redhat.java-1.56.0-win32-x64\jre\21.0.12.1-win32-x86_64\bin\management.dll
0x00007ffe5c130000 - 0x00007ffe5c13c000 	C:\Users\pjoo6\.vscode\extensions\redhat.java-1.56.0-win32-x64\jre\21.0.12.1-win32-x86_64\bin\management_ext.dll
0x00007ffe85400000 - 0x00007ffe85408000 	C:\WINDOWS\System32\PSAPI.DLL
0x00007ffe81390000 - 0x00007ffe813c3000 	C:\WINDOWS\SYSTEM32\IPHLPAPI.DLL
0x00007ffe847a0000 - 0x00007ffe847aa000 	C:\WINDOWS\System32\NSI.dll
0x00007ffe63d20000 - 0x00007ffe63d29000 	C:\Users\pjoo6\.vscode\extensions\redhat.java-1.56.0-win32-x64\jre\21.0.12.1-win32-x86_64\bin\extnet.dll
0x00007ffe822e0000 - 0x00007ffe822fb000 	C:\WINDOWS\SYSTEM32\CRYPTSP.dll
0x00007ffe81970000 - 0x00007ffe819a9000 	C:\WINDOWS\system32\rsaenh.dll
0x00007ffe82080000 - 0x00007ffe820b4000 	C:\WINDOWS\SYSTEM32\USERENV.dll
0x00007ffe82c30000 - 0x00007ffe82c5a000 	C:\WINDOWS\SYSTEM32\bcrypt.dll
0x00007ffe822c0000 - 0x00007ffe822cc000 	C:\WINDOWS\SYSTEM32\CRYPTBASE.dll
0x00007ffe3a480000 - 0x00007ffe3a48e000 	C:\Users\pjoo6\.vscode\extensions\redhat.java-1.56.0-win32-x64\jre\21.0.12.1-win32-x86_64\bin\sunmscapi.dll
0x00007ffe82fe0000 - 0x00007ffe8315e000 	C:\WINDOWS\System32\CRYPT32.dll
0x00007ffe82500000 - 0x00007ffe82530000 	C:\WINDOWS\SYSTEM32\ncrypt.dll
0x00007ffe824b0000 - 0x00007ffe824ef000 	C:\WINDOWS\SYSTEM32\NTASN1.dll
0x00007ffe50a60000 - 0x00007ffe50a68000 	C:\WINDOWS\system32\wshunix.dll

JVMTI agents:
C:\Users\pjoo6\.gradle\wrapper\dists\gradle-9.7.1-bin\1w1c7tv4s851m17nbqdsro2tv\gradle-9.7.1\lib\agents\gradle-instrumentation-agent-9.7.1.jar path:C:\Users\pjoo6\.vscode\extensions\redhat.java-1.56.0-win32-x64\jre\21.0.12.1-win32-x86_64\bin\instrument.dll, loaded, initialized, instrumentlib options:none

dbghelp: loaded successfully - version: 4.0.5 - missing functions: none
symbol engine: initialized successfully - sym options: 0x614 - pdb path: .;C:\Users\pjoo6\.vscode\extensions\redhat.java-1.56.0-win32-x64\jre\21.0.12.1-win32-x86_64\bin;C:\WINDOWS\SYSTEM32;C:\WINDOWS\WinSxS\amd64_microsoft.windows.common-controls_6595b64144ccf1df_6.0.26100.9278_none_3e0d1ba8e3303201;C:\Users\pjoo6\.vscode\extensions\redhat.java-1.56.0-win32-x64\jre\21.0.12.1-win32-x86_64\bin\server;C:\Users\pjoo6\.gradle\native\660c5614fbf4a5f2a75b1949f50a0caf5cd603558e7d8a26e50b933a0cfb79d1\windows-amd64;C:\Users\pjoo6\.gradle\native\0.2.8\x86_64-windows-gnu

VM Arguments:
jvm_args: --add-opens=java.base/java.lang=ALL-UNNAMED --add-opens=java.base/java.lang.invoke=ALL-UNNAMED --add-opens=java.base/java.util=ALL-UNNAMED --add-opens=java.prefs/java.util.prefs=ALL-UNNAMED --add-exports=jdk.compiler/com.sun.tools.javac.api=ALL-UNNAMED --add-exports=jdk.compiler/com.sun.tools.javac.util=ALL-UNNAMED --add-opens=java.base/java.nio.charset=ALL-UNNAMED --add-opens=java.base/java.net=ALL-UNNAMED --add-opens=java.base/java.util.concurrent=ALL-UNNAMED --add-opens=java.base/java.util.concurrent.atomic=ALL-UNNAMED --add-opens=java.xml/javax.xml.namespace=ALL-UNNAMED --add-opens=java.base/java.time=ALL-UNNAMED -XX:MaxMetaspaceSize=384m -XX:+HeapDumpOnOutOfMemoryError -Xms256m -Xmx512m -Dfile.encoding=UTF-8 -Duser.country=KR -Duser.language=ko -Duser.variant -javaagent:C:\Users\pjoo6\.gradle\wrapper\dists\gradle-9.7.1-bin\1w1c7tv4s851m17nbqdsro2tv\gradle-9.7.1\lib\agents\gradle-instrumentation-agent-9.7.1.jar 
java_command: org.gradle.launcher.daemon.bootstrap.GradleDaemon 9.7.1
java_class_path (initial): C:\Users\pjoo6\.gradle\wrapper\dists\gradle-9.7.1-bin\1w1c7tv4s851m17nbqdsro2tv\gradle-9.7.1\lib\gradle-daemon-main-9.7.1.jar
Launcher Type: SUN_STANDARD

[Global flags]
     intx CICompilerCount                          = 4                                         {product} {ergonomic}
   size_t CompressedClassSpaceSize                 = 335544320                                 {product} {ergonomic}
     uint ConcGCThreads                            = 3                                         {product} {ergonomic}
     uint G1ConcRefinementThreads                  = 10                                        {product} {ergonomic}
   size_t G1HeapRegionSize                         = 1048576                                   {product} {ergonomic}
    uintx GCDrainStackTargetSize                   = 64                                        {product} {ergonomic}
     bool HeapDumpOnOutOfMemoryError               = true                                   {manageable} {command line}
   size_t InitialHeapSize                          = 268435456                                 {product} {command line}
   size_t MarkStackSize                            = 4194304                                   {product} {ergonomic}
   size_t MaxHeapSize                              = 536870912                                 {product} {command line}
   size_t MaxMetaspaceSize                         = 402653184                                 {product} {command line}
   size_t MaxNewSize                               = 321912832                                 {product} {ergonomic}
   size_t MinHeapDeltaBytes                        = 1048576                                   {product} {ergonomic}
   size_t MinHeapSize                              = 268435456                                 {product} {command line}
    uintx NonNMethodCodeHeapSize                   = 5839372                                {pd product} {ergonomic}
    uintx NonProfiledCodeHeapSize                  = 122909434                              {pd product} {ergonomic}
    uintx ProfiledCodeHeapSize                     = 122909434                              {pd product} {ergonomic}
    uintx ReservedCodeCacheSize                    = 251658240                              {pd product} {ergonomic}
     bool SegmentedCodeCache                       = true                                      {product} {ergonomic}
   size_t SoftMaxHeapSize                          = 536870912                              {manageable} {ergonomic}
     bool UseCompressedOops                        = true                           {product lp64_product} {ergonomic}
     bool UseG1GC                                  = true                                      {product} {ergonomic}
     bool UseLargePagesIndividualAllocation        = false                                  {pd product} {ergonomic}

Logging:
Log output configuration:
 #0: stdout all=warning uptime,level,tags foldmultilines=false
 #1: stderr all=off uptime,level,tags foldmultilines=false

Release file:
JAVA_VERSION="21.0.12.1" 
MODULES="java.base java.compiler java.datatransfer java.xml java.prefs java.desktop java.instrument java.logging java.management java.security.sasl java.naming java.rmi java.management.rmi java.net.http java.scripting java.security.jgss java.transaction.xa java.sql java.sql.rowset java.xml.crypto java.se java.smartcardio jdk.accessibility jdk.internal.jvmstat jdk.attach jdk.charsets jdk.internal.opt jdk.zipfs jdk.compiler jdk.crypto.ec jdk.crypto.cryptoki jdk.crypto.mscapi jdk.dynalink jdk.internal.ed jdk.editpad jdk.hotspot.agent jdk.httpserver jdk.internal.le jdk.internal.vm.ci jdk.internal.vm.compiler jdk.internal.vm.compiler.management jdk.jartool jdk.javadoc jdk.jcmd jdk.management jdk.management.agent jdk.jconsole jdk.jdeps jdk.jdwp.agent jdk.jdi jdk.jfr jdk.jshell jdk.jsobject jdk.jstatd jdk.localedata jdk.management.jfr jdk.naming.dns jdk.naming.rmi jdk.net jdk.nio.mapmode jdk.random jdk.sctp jdk.security.auth jdk.security.jgss jdk.unsupported jdk.unsupported.desktop jdk.xml.dom" 

Environment Variables:
JAVA_HOME=C:\Program Files\Eclipse Adoptium\jdk-21.0.12.101-hotspot\
PATH=C:\Program Files\Eclipse Adoptium\jdk-21.0.12.101-hotspot\bin;C:\Program Files\Common Files\Oracle\Java\javapath;C:\windows\system32;C:\windows;C:\windows\System32\Wbem;C:\windows\System32\WindowsPowerShell\v1.0\;C:\windows\System32\OpenSSH\;C:\WINDOWS\system32;C:\WINDOWS;C:\WINDOWS\System32\Wbem;C:\WINDOWS\System32\WindowsPowerShell\v1.0\;C:\WINDOWS\System32\OpenSSH\;C:\Program Files (x86)\IncrediBuild;C:\Program Files\Git\cmd;C:\Program Files\dotnet\;C:\Program Files\nodejs\;C:\Program Files (x86)\cloudflared\;C:\Users\pjoo6\AppData\Local\Programs\Python\Python39\Scripts\;C:\Users\pjoo6\AppData\Local\Programs\Python\Python39\;C:\Users\pjoo6\AppData\Local\Microsoft\WindowsApps;C:\Users\pjoo6\OneDrive\πŸ≈¡ »≠∏È\opencv\build\x64\vc15\bin;C:\Users\pjoo6\AppData\Local\Programs\Microsoft VS Code\bin;C:\Users\pjoo6\AppData\Roaming\npm
USERNAME=pjoo6
OS=Windows_NT
PROCESSOR_IDENTIFIER=Intel64 Family 6 Model 186 Stepping 3, GenuineIntel
TMP=C:\Users\pjoo6\AppData\Local\Temp
TEMP=C:\Users\pjoo6\AppData\Local\Temp




Periodic native trim disabled

---------------  S Y S T E M  ---------------

OS:
 Windows 11 , 64 bit Build 26100 (10.0.26100.9444)
OS uptime: 0 days 5:12 hours
Hyper-V role detected

CPU: total 12 (initial active 12) (6 cores per cpu, 2 threads per core) family 6 model 186 stepping 3 microcode 0x6134, cx8, cmov, fxsr, ht, mmx, 3dnowpref, sse, sse2, sse3, ssse3, sse4.1, sse4.2, popcnt, lzcnt, tsc, tscinvbit, avx, avx2, aes, erms, clmul, bmi1, bmi2, adx, sha, fma, vzeroupper, clflush, clflushopt, clwb, hv, serialize, rdtscp, rdpid, fsrm, f16c, cet_ibt, cet_ss
Processor Information for the first 12 processors :
  Max Mhz: 1300, Current Mhz: 1300, Mhz Limit: 1300

Memory: 4k page, system-wide physical 16027M (311M free)
TotalPageFile size 65179M (AvailPageFile size 1M)
current process WorkingSet (physical memory assigned to process): 78M, peak: 274M
current process commit charge ("private bytes"): 486M, peak: 538M

vm_info: OpenJDK 64-Bit Server VM (21.0.12.1+1-LTS) for windows-amd64 JRE (21.0.12.1+1-LTS), built on 2026-08-18T00:00:00Z by "admin" with MS VC++ 17.12 (VS2022)

END.
