#
# There is insufficient memory for the Java Runtime Environment to continue.
# Native memory allocation (mmap) failed to map 99614720 bytes. Error detail: G1 virtual space
# Possible reasons:
#   The system is out of physical RAM or swap space
#   This process is running with CompressedOops enabled, and the Java Heap may be blocking the growth of the native heap
# Possible solutions:
#   Reduce memory load on the system
#   Increase physical memory or swap space
#   Check if swap backing store is full
#   Decrease Java heap size (-Xmx/-Xms)
#   Decrease number of Java threads
#   Decrease Java thread stack sizes (-Xss)
#   Set larger code cache with -XX:ReservedCodeCacheSize=
#   JVM is running with Unscaled Compressed Oops mode in which the Java heap is
#     placed in the first 4GB address space. The Java Heap base address is the
#     maximum limit for the native heap growth. Please use -XX:HeapBaseMinAddress
#     to set the Java Heap base and to place the Java Heap above 4GB virtual address.
# This output file may be truncated or incomplete.
#
#  Out of Memory Error (os_windows.cpp:3732), pid=29320, tid=29208
#
# JRE version: OpenJDK Runtime Environment Temurin-21.0.12.1+1 (21.0.12.1+1) (build 21.0.12.1+1-LTS)
# Java VM: OpenJDK 64-Bit Server VM Temurin-21.0.12.1+1 (21.0.12.1+1-LTS, mixed mode, sharing, tiered, compressed oops, compressed class ptrs, g1 gc, windows-amd64)
# No core dump will be written. Minidumps are not enabled by default on client versions of Windows
#

---------------  S U M M A R Y ------------

Command Line: --add-opens=java.base/java.lang=ALL-UNNAMED --add-opens=java.base/java.lang.invoke=ALL-UNNAMED --add-opens=java.base/java.util=ALL-UNNAMED --add-opens=java.prefs/java.util.prefs=ALL-UNNAMED --add-exports=jdk.compiler/com.sun.tools.javac.api=ALL-UNNAMED --add-exports=jdk.compiler/com.sun.tools.javac.util=ALL-UNNAMED --add-opens=java.base/java.nio.charset=ALL-UNNAMED --add-opens=java.base/java.net=ALL-UNNAMED --add-opens=java.base/java.util.concurrent=ALL-UNNAMED --add-opens=java.base/java.util.concurrent.atomic=ALL-UNNAMED --add-opens=java.xml/javax.xml.namespace=ALL-UNNAMED --add-opens=java.base/java.time=ALL-UNNAMED -XX:MaxMetaspaceSize=384m -XX:+HeapDumpOnOutOfMemoryError -Xms256m -Xmx512m -Dfile.encoding=UTF-8 -Duser.country=KR -Duser.language=ko -Duser.variant -javaagent:C:\Users\pjoo6\.gradle\wrapper\dists\gradle-9.7.1-bin\1w1c7tv4s851m17nbqdsro2tv\gradle-9.7.1\lib\agents\gradle-instrumentation-agent-9.7.1.jar org.gradle.launcher.daemon.bootstrap.GradleDaemon 9.7.1

Host: 13th Gen Intel(R) Core(TM) i5-1335U, 12 cores, 15G,  Windows 11 , 64 bit Build 26100 (10.0.26100.9444)
Time: Tue Oct  6 02:09:33 2026 elapsed time: 15352.178407 seconds (0d 4h 15m 52s)

---------------  T H R E A D  ---------------

Current thread (0x000002c7a0cde910):  VMThread "VM Thread"          [id=29208, stack(0x000000fa60100000,0x000000fa60200000) (1024K)]

Stack: [0x000000fa60100000,0x000000fa60200000]
Native frames: (J=compiled Java code, j=interpreted, Vv=VM code, C=native code)
V  [jvm.dll+0x6d83e9]
V  [jvm.dll+0x8b5736]
V  [jvm.dll+0x8b7cee]
V  [jvm.dll+0x8b83d3]
V  [jvm.dll+0x284596]
V  [jvm.dll+0x6d4d05]
V  [jvm.dll+0x6c898a]
V  [jvm.dll+0x35f2f8]
V  [jvm.dll+0x366f36]
V  [jvm.dll+0x3b804e]
V  [jvm.dll+0x3b82f8]
V  [jvm.dll+0x33320c]
V  [jvm.dll+0x33329a]
V  [jvm.dll+0x377382]
V  [jvm.dll+0x375b1a]
V  [jvm.dll+0x332951]
V  [jvm.dll+0x37517a]
V  [jvm.dll+0x8be0c0]
V  [jvm.dll+0x8bf434]
V  [jvm.dll+0x8bf960]
V  [jvm.dll+0x8bfc03]
V  [jvm.dll+0x8600cd]
V  [jvm.dll+0x6d6c1d]
C  [ucrtbase.dll+0x2cd30]
C  [KERNEL32.DLL+0x2cd87]
C  [ntdll.dll+0xacaec]

VM_Operation (0x000000fa612fe600): G1CollectForAllocation, mode: safepoint, requested by thread 0x000002c7bb15db90


---------------  P R O C E S S  ---------------

Threads class SMR info:
_java_thread_list=0x000002c7bc30e840, length=36, elements={
0x000002c78aef0ee0, 0x000002c7b6022210, 0x000002c7b6024c80, 0x000002c7b6026100,
0x000002c7b6026b60, 0x000002c7b60275c0, 0x000002c7b6028020, 0x000002c7b6028db0,
0x000002c7b6029850, 0x000002c7b61880a0, 0x000002c7b61ef3b0, 0x000002c7bb15db90,
0x000002c7bb0ce420, 0x000002c7bc1a73d0, 0x000002c7bb1468d0, 0x000002c7bb0ee820,
0x000002c7bc55ccc0, 0x000002c7bc127a80, 0x000002c7bc126d60, 0x000002c7bc1259b0,
0x000002c7bc126040, 0x000002c7bc1266d0, 0x000002c7bc125320, 0x000002c7bc124600,
0x000002c7bc7ff6c0, 0x000002c7bc7fe310, 0x000002c7bc7fe9a0, 0x000002c7bc7fdc80,
0x000002c7bc7fcf60, 0x000002c7bc8003e0, 0x000002c7bc800a70, 0x000002c7bc7fd5f0,
0x000002c7bc801100, 0x000002c7bc8031d0, 0x000002c7bc803ef0, 0x000002c7bc804580
}

Java Threads: ( => current thread )
  0x000002c78aef0ee0 JavaThread "main"                              [_thread_blocked, id=29668, stack(0x000000fa5fa00000,0x000000fa5fb00000) (1024K)]
  0x000002c7b6022210 JavaThread "Reference Handler"          daemon [_thread_blocked, id=27832, stack(0x000000fa60200000,0x000000fa60300000) (1024K)]
  0x000002c7b6024c80 JavaThread "Finalizer"                  daemon [_thread_blocked, id=29700, stack(0x000000fa60300000,0x000000fa60400000) (1024K)]
  0x000002c7b6026100 JavaThread "Signal Dispatcher"          daemon [_thread_blocked, id=29704, stack(0x000000fa60400000,0x000000fa60500000) (1024K)]
  0x000002c7b6026b60 JavaThread "Attach Listener"            daemon [_thread_blocked, id=29708, stack(0x000000fa60500000,0x000000fa60600000) (1024K)]
  0x000002c7b60275c0 JavaThread "Service Thread"             daemon [_thread_blocked, id=29712, stack(0x000000fa60600000,0x000000fa60700000) (1024K)]
  0x000002c7b6028020 JavaThread "Monitor Deflation Thread"   daemon [_thread_blocked, id=29716, stack(0x000000fa60700000,0x000000fa60800000) (1024K)]
  0x000002c7b6028db0 JavaThread "C2 CompilerThread0"         daemon [_thread_blocked, id=29720, stack(0x000000fa60800000,0x000000fa60900000) (1024K)]
  0x000002c7b6029850 JavaThread "C1 CompilerThread0"         daemon [_thread_blocked, id=29724, stack(0x000000fa60900000,0x000000fa60a00000) (1024K)]
  0x000002c7b61880a0 JavaThread "Common-Cleaner"             daemon [_thread_blocked, id=29816, stack(0x000000fa60a00000,0x000000fa60b00000) (1024K)]
  0x000002c7b61ef3b0 JavaThread "Notification Thread"        daemon [_thread_blocked, id=30044, stack(0x000000fa60b00000,0x000000fa60c00000) (1024K)]
  0x000002c7bb15db90 JavaThread "Daemon health stats"               [_thread_blocked, id=20548, stack(0x000000fa61200000,0x000000fa61300000) (1024K)]
  0x000002c7bb0ce420 JavaThread "Incoming local TCP Connector on port 49824"        [_thread_in_native, id=35300, stack(0x000000fa61400000,0x000000fa61500000) (1024K)]
  0x000002c7bc1a73d0 JavaThread "Daemon periodic checks"            [_thread_blocked, id=34868, stack(0x000000fa60f00000,0x000000fa61000000) (1024K)]
  0x000002c7bb1468d0 JavaThread "Daemon"                            [_thread_blocked, id=38368, stack(0x000000fa61300000,0x000000fa61400000) (1024K)]
  0x000002c7bb0ee820 JavaThread "Handler for socket connection from /127.0.0.1:49824 to /127.0.0.1:63997"        [_thread_in_native, id=38384, stack(0x000000fa61500000,0x000000fa61600000) (1024K)]
  0x000002c7bc55ccc0 JavaThread "Cancel handler"                    [_thread_blocked, id=38504, stack(0x000000fa61600000,0x000000fa61700000) (1024K)]
  0x000002c7bc127a80 JavaThread "Daemon worker"                     [_thread_blocked, id=41592, stack(0x000000fa61900000,0x000000fa61a00000) (1024K)]
  0x000002c7bc126d60 JavaThread "Asynchronous log dispatcher for DefaultDaemonConnection: socket connection from /127.0.0.1:49824 to /127.0.0.1:63997"        [_thread_blocked, id=41648, stack(0x000000fa61a00000,0x000000fa61b00000) (1024K)]
  0x000002c7bc1259b0 JavaThread "Stdin handler"                     [_thread_blocked, id=41660, stack(0x000000fa61b00000,0x000000fa61c00000) (1024K)]
  0x000002c7bc126040 JavaThread "Daemon client event forwarder"        [_thread_blocked, id=41664, stack(0x000000fa61c00000,0x000000fa61d00000) (1024K)]
  0x000002c7bc1266d0 JavaThread "Cache worker for journal cache (C:\Users\pjoo6\.gradle\caches\journal-1)"        [_thread_blocked, id=41804, stack(0x000000fa61d00000,0x000000fa61e00000) (1024K)]
  0x000002c7bc125320 JavaThread "File lock request listener"        [_thread_in_native, id=41432, stack(0x000000fa61e00000,0x000000fa61f00000) (1024K)]
  0x000002c7bc124600 JavaThread "Cache worker for file hash cache (C:\Users\pjoo6\.gradle\caches\9.7.1\fileHashes)"        [_thread_blocked, id=23036, stack(0x000000fa62400000,0x000000fa62500000) (1024K)]
  0x000002c7bc7ff6c0 JavaThread "Cache worker for file hash cache (C:\RegularProject1\oncare_backend\.gradle\9.7.1\fileHashes)"        [_thread_blocked, id=38056, stack(0x000000fa62700000,0x000000fa62800000) (1024K)]
  0x000002c7bc7fe310 JavaThread "Cache worker for Build Output Cleanup Cache (C:\RegularProject1\oncare_backend\.gradle\buildOutputCleanup)"        [_thread_blocked, id=41588, stack(0x000000fa62800000,0x000000fa62900000) (1024K)]
  0x000002c7bc7fe9a0 JavaThread "File watcher server"        daemon [_thread_in_native, id=37928, stack(0x000000fa61000000,0x000000fa61100000) (1024K)]
  0x000002c7bc7fdc80 JavaThread "File watcher consumer"      daemon [_thread_blocked, id=36972, stack(0x000000fa61100000,0x000000fa61200000) (1024K)]
  0x000002c7bc7fcf60 JavaThread "Cache worker for file content cache (C:\Users\pjoo6\.gradle\caches\9.7.1\fileContent)"        [_thread_blocked, id=2936, stack(0x000000fa62900000,0x000000fa62a00000) (1024K)]
  0x000002c7bc8003e0 JavaThread "Cache worker for checksums cache (C:\RegularProject1\oncare_backend\.gradle\9.7.1\checksums)"        [_thread_blocked, id=28080, stack(0x000000fa62a00000,0x000000fa62b00000) (1024K)]
  0x000002c7bc800a70 JavaThread "Cache worker for cache directory md-supplier (C:\Users\pjoo6\.gradle\caches\9.7.1\md-supplier)"        [_thread_blocked, id=37508, stack(0x000000fa62b00000,0x000000fa62c00000) (1024K)]
  0x000002c7bc7fd5f0 JavaThread "Cache worker for cache directory md-rule (C:\Users\pjoo6\.gradle\caches\9.7.1\md-rule)"        [_thread_blocked, id=5428, stack(0x000000fa62c00000,0x000000fa62d00000) (1024K)]
  0x000002c7bc801100 JavaThread "jar transforms"                    [_thread_blocked, id=42092, stack(0x000000fa62d00000,0x000000fa62e00000) (1024K)]
  0x000002c7bc8031d0 JavaThread "jar transforms Thread 2"           [_thread_blocked, id=42672, stack(0x000000fa62e00000,0x000000fa62f00000) (1024K)]
  0x000002c7bc803ef0 JavaThread "jar transforms Thread 3"           [_thread_blocked, id=43728, stack(0x000000fa62f00000,0x000000fa63000000) (1024K)]
  0x000002c7bc804580 JavaThread "jar transforms Thread 4"           [_thread_blocked, id=39120, stack(0x000000fa63000000,0x000000fa63100000) (1024K)]
Total: 36

Other Threads:
=>0x000002c7a0cde910 VMThread "VM Thread"                           [id=29208, stack(0x000000fa60100000,0x000000fa60200000) (1024K)]
  0x000002c7a0cd3e90 WatcherThread "VM Periodic Task Thread"        [id=29432, stack(0x000000fa60000000,0x000000fa60100000) (1024K)]
  0x000002c78af1bdb0 WorkerThread "GC Thread#0"                     [id=29084, stack(0x000000fa5fb00000,0x000000fa5fc00000) (1024K)]
  0x000002c7b6476cb0 WorkerThread "GC Thread#1"                     [id=8556, stack(0x000000fa5f800000,0x000000fa5f900000) (1024K)]
  0x000002c7b6477060 WorkerThread "GC Thread#2"                     [id=17952, stack(0x000000fa5f900000,0x000000fa5fa00000) (1024K)]
  0x000002c7b6477410 WorkerThread "GC Thread#3"                     [id=25968, stack(0x000000fa60c00000,0x000000fa60d00000) (1024K)]
  0x000002c7b64777c0 WorkerThread "GC Thread#4"                     [id=26016, stack(0x000000fa60d00000,0x000000fa60e00000) (1024K)]
  0x000002c7b6477b70 WorkerThread "GC Thread#5"                     [id=25404, stack(0x000000fa60e00000,0x000000fa60f00000) (1024K)]
  0x000002c7bc416a10 WorkerThread "GC Thread#6"                     [id=29036, stack(0x000000fa62000000,0x000000fa62100000) (1024K)]
  0x000002c7bc416dc0 WorkerThread "GC Thread#7"                     [id=41532, stack(0x000000fa62100000,0x000000fa62200000) (1024K)]
  0x000002c7bc4178d0 WorkerThread "GC Thread#8"                     [id=41452, stack(0x000000fa62200000,0x000000fa62300000) (1024K)]
  0x000002c7bc418030 WorkerThread "GC Thread#9"                     [id=41220, stack(0x000000fa62300000,0x000000fa62400000) (1024K)]
  0x000002c78af20cb0 ConcurrentGCThread "G1 Main Marker"            [id=15652, stack(0x000000fa5fc00000,0x000000fa5fd00000) (1024K)]
  0x000002c78af216d0 WorkerThread "G1 Conc#0"                       [id=9952, stack(0x000000fa5fd00000,0x000000fa5fe00000) (1024K)]
  0x000002c7bc86b3a0 WorkerThread "G1 Conc#1"                       [id=40936, stack(0x000000fa62500000,0x000000fa62600000) (1024K)]
  0x000002c7bc86bb00 WorkerThread "G1 Conc#2"                       [id=29300, stack(0x000000fa62600000,0x000000fa62700000) (1024K)]
  0x000002c78afae240 ConcurrentGCThread "G1 Refine#0"               [id=29104, stack(0x000000fa5fe00000,0x000000fa5ff00000) (1024K)]
  0x000002c7a0b9ba50 ConcurrentGCThread "G1 Service"                [id=29060, stack(0x000000fa5ff00000,0x000000fa60000000) (1024K)]
Total: 18

Threads with active compile tasks:
C2 CompilerThread0  15354961 5548   !   4       org.gradle.internal.concurrent.AbstractManagedExecutor$1::run (57 bytes)
Total: 1

VM state: at safepoint (normal execution)

VM Mutex/Monitor currently owned by a thread:  ([mutex/lock_event])
[0x00007ffdabbdf5b0] Threads_lock - owner thread: 0x000002c7a0cde910
[0x00007ffdabbdf6b0] Heap_lock - owner thread: 0x000002c7bb15db90

Heap address: 0x00000000e0000000, size: 512 MB, Compressed Oops mode: 32-bit

CDS archive(s) mapped at: [0x000002c7a1000000-0x000002c7a1ba0000-0x000002c7a1ba0000), size 12189696, SharedBaseAddress: 0x000002c7a1000000, ArchiveRelocationMode: 1.
Compressed class space mapped at: 0x000002c7a2000000-0x000002c7b6000000, reserved size: 335544320
Narrow klass base: 0x000002c7a1000000, Narrow klass shift: 0, Narrow klass range: 0x100000000

GC Precious Log:
 CardTable entry size: 512
 Card Set container configuration: InlinePtr #cards 5 size 8 Array Of Cards #cards 12 size 40 Howl #buckets 4 coarsen threshold 1843 Howl Bitmap #cards 512 size 80 coarsen threshold 460 Card regions per heap region 1 cards per card region 2048
 CPUs: 12 total, 12 available
 Memory: 16027M
 Large Page Support: Disabled
 NUMA Support: Disabled
 Compressed Oops: Enabled (32-bit)
 Heap Region Size: 1M
 Heap Min Capacity: 256M
 Heap Initial Capacity: 256M
 Heap Max Capacity: 512M
 Pre-touch: Disabled
 Parallel Workers: 10
 Concurrent Workers: 3
 Concurrent Refinement Workers: 10
 Periodic GC: Disabled

Heap:
 garbage-first heap   total 262144K, used 35418K [0x00000000e0000000, 0x0000000100000000)
  region size 1024K, 1 young (1024K), 1 survivors (1024K)
 Metaspace       used 41320K, committed 43008K, reserved 393216K
  class space    used 6156K, committed 6976K, reserved 327680K

Heap Regions: E=young(eden), S=young(survivor), O=old, HS=humongous(starts), HC=humongous(continues), CS=collection set, F=free, TAMS=top-at-mark-start, PB=parsable bottom
|   0|0x00000000e0000000, 0x00000000e0100000, 0x00000000e0100000|100%|HS|  |TAMS 0x00000000e0000000| PB 0x00000000e0000000| Complete 
|   1|0x00000000e0100000, 0x00000000e0200000, 0x00000000e0200000|100%|HC|  |TAMS 0x00000000e0100000| PB 0x00000000e0100000| Complete 
|   2|0x00000000e0200000, 0x00000000e0300000, 0x00000000e0300000|100%|HC|  |TAMS 0x00000000e0200000| PB 0x00000000e0200000| Complete 
|   3|0x00000000e0300000, 0x00000000e0400000, 0x00000000e0400000|100%|HC|  |TAMS 0x00000000e0300000| PB 0x00000000e0300000| Complete 
|   4|0x00000000e0400000, 0x00000000e0500000, 0x00000000e0500000|100%| O|  |TAMS 0x00000000e0400000| PB 0x00000000e0400000| Untracked 
|   5|0x00000000e0500000, 0x00000000e0600000, 0x00000000e0600000|100%| O|  |TAMS 0x00000000e0500000| PB 0x00000000e0500000| Untracked 
|   6|0x00000000e0600000, 0x00000000e0700000, 0x00000000e0700000|100%| O|  |TAMS 0x00000000e0600000| PB 0x00000000e0600000| Untracked 
|   7|0x00000000e0700000, 0x00000000e0800000, 0x00000000e0800000|100%| O|  |TAMS 0x00000000e0700000| PB 0x00000000e0700000| Untracked 
|   8|0x00000000e0800000, 0x00000000e0900000, 0x00000000e0900000|100%| O|  |TAMS 0x00000000e0800000| PB 0x00000000e0800000| Untracked 
|   9|0x00000000e0900000, 0x00000000e0a00000, 0x00000000e0a00000|100%| O|  |TAMS 0x00000000e0900000| PB 0x00000000e0900000| Untracked 
|  10|0x00000000e0a00000, 0x00000000e0b00000, 0x00000000e0b00000|100%| O|  |TAMS 0x00000000e0a00000| PB 0x00000000e0a00000| Untracked 
|  11|0x00000000e0b00000, 0x00000000e0c00000, 0x00000000e0c00000|100%| O|  |TAMS 0x00000000e0b00000| PB 0x00000000e0b00000| Untracked 
|  12|0x00000000e0c00000, 0x00000000e0d00000, 0x00000000e0d00000|100%|HS|  |TAMS 0x00000000e0c00000| PB 0x00000000e0c00000| Complete 
|  13|0x00000000e0d00000, 0x00000000e0e00000, 0x00000000e0e00000|100%| O|  |TAMS 0x00000000e0d00000| PB 0x00000000e0d00000| Untracked 
|  14|0x00000000e0e00000, 0x00000000e0f00000, 0x00000000e0f00000|100%| O|  |TAMS 0x00000000e0e00000| PB 0x00000000e0e00000| Untracked 
|  15|0x00000000e0f00000, 0x00000000e1000000, 0x00000000e1000000|100%| O|  |TAMS 0x00000000e0f00000| PB 0x00000000e0f00000| Untracked 
|  16|0x00000000e1000000, 0x00000000e1100000, 0x00000000e1100000|100%| O|  |TAMS 0x00000000e1000000| PB 0x00000000e1000000| Untracked 
|  17|0x00000000e1100000, 0x00000000e1200000, 0x00000000e1200000|100%| O|  |TAMS 0x00000000e1100000| PB 0x00000000e1100000| Untracked 
|  18|0x00000000e1200000, 0x00000000e1300000, 0x00000000e1300000|100%| O|  |TAMS 0x00000000e1200000| PB 0x00000000e1200000| Untracked 
|  19|0x00000000e1300000, 0x00000000e1400000, 0x00000000e1400000|100%| O|  |TAMS 0x00000000e1300000| PB 0x00000000e1300000| Untracked 
|  20|0x00000000e1400000, 0x00000000e1500000, 0x00000000e1500000|100%| O|  |TAMS 0x00000000e1400000| PB 0x00000000e1400000| Untracked 
|  21|0x00000000e1500000, 0x00000000e1500000, 0x00000000e1600000|  0%| F|  |TAMS 0x00000000e1500000| PB 0x00000000e1500000| Untracked 
|  22|0x00000000e1600000, 0x00000000e1700000, 0x00000000e1700000|100%| O|  |TAMS 0x00000000e1600000| PB 0x00000000e1600000| Untracked 
|  23|0x00000000e1700000, 0x00000000e1800000, 0x00000000e1800000|100%| O|  |TAMS 0x00000000e1700000| PB 0x00000000e1700000| Untracked 
|  24|0x00000000e1800000, 0x00000000e1900000, 0x00000000e1900000|100%| O|  |TAMS 0x00000000e1800000| PB 0x00000000e1800000| Untracked 
|  25|0x00000000e1900000, 0x00000000e1a00000, 0x00000000e1a00000|100%| O|  |TAMS 0x00000000e1900000| PB 0x00000000e1900000| Untracked 
|  26|0x00000000e1a00000, 0x00000000e1b00000, 0x00000000e1b00000|100%| O|  |TAMS 0x00000000e1a00000| PB 0x00000000e1a00000| Untracked 
|  27|0x00000000e1b00000, 0x00000000e1c00000, 0x00000000e1c00000|100%| O|  |TAMS 0x00000000e1b00000| PB 0x00000000e1b00000| Untracked 
|  28|0x00000000e1c00000, 0x00000000e1d00000, 0x00000000e1d00000|100%| O|  |TAMS 0x00000000e1c00000| PB 0x00000000e1c00000| Untracked 
|  29|0x00000000e1d00000, 0x00000000e1e00000, 0x00000000e1e00000|100%| O|  |TAMS 0x00000000e1d00000| PB 0x00000000e1d00000| Untracked 
|  30|0x00000000e1e00000, 0x00000000e1f00000, 0x00000000e1f00000|100%| O|  |TAMS 0x00000000e1e00000| PB 0x00000000e1e00000| Untracked 
|  31|0x00000000e1f00000, 0x00000000e2000000, 0x00000000e2000000|100%| O|  |TAMS 0x00000000e1f00000| PB 0x00000000e1f00000| Untracked 
|  32|0x00000000e2000000, 0x00000000e2100000, 0x00000000e2100000|100%| O|  |TAMS 0x00000000e2000000| PB 0x00000000e2000000| Untracked 
|  33|0x00000000e2100000, 0x00000000e2200000, 0x00000000e2200000|100%| O|  |TAMS 0x00000000e2100000| PB 0x00000000e2100000| Untracked 
|  34|0x00000000e2200000, 0x00000000e2300000, 0x00000000e2300000|100%| O|  |TAMS 0x00000000e2200000| PB 0x00000000e2200000| Untracked 
|  35|0x00000000e2300000, 0x00000000e238a190, 0x00000000e2400000| 53%| O|  |TAMS 0x00000000e2300000| PB 0x00000000e2300000| Untracked 
|  36|0x00000000e2400000, 0x00000000e2400000, 0x00000000e2500000|  0%| F|  |TAMS 0x00000000e2400000| PB 0x00000000e2400000| Untracked 
|  37|0x00000000e2500000, 0x00000000e2500000, 0x00000000e2600000|  0%| F|  |TAMS 0x00000000e2500000| PB 0x00000000e2500000| Untracked 
|  38|0x00000000e2600000, 0x00000000e2600000, 0x00000000e2700000|  0%| F|  |TAMS 0x00000000e2600000| PB 0x00000000e2600000| Untracked 
|  39|0x00000000e2700000, 0x00000000e2700000, 0x00000000e2800000|  0%| F|  |TAMS 0x00000000e2700000| PB 0x00000000e2700000| Untracked 
|  40|0x00000000e2800000, 0x00000000e2800000, 0x00000000e2900000|  0%| F|  |TAMS 0x00000000e2800000| PB 0x00000000e2800000| Untracked 
|  41|0x00000000e2900000, 0x00000000e2900000, 0x00000000e2a00000|  0%| F|  |TAMS 0x00000000e2900000| PB 0x00000000e2900000| Untracked 
|  42|0x00000000e2a00000, 0x00000000e2a00000, 0x00000000e2b00000|  0%| F|  |TAMS 0x00000000e2a00000| PB 0x00000000e2a00000| Untracked 
|  43|0x00000000e2b00000, 0x00000000e2b00000, 0x00000000e2c00000|  0%| F|  |TAMS 0x00000000e2b00000| PB 0x00000000e2b00000| Untracked 
|  44|0x00000000e2c00000, 0x00000000e2c00000, 0x00000000e2d00000|  0%| F|  |TAMS 0x00000000e2c00000| PB 0x00000000e2c00000| Untracked 
|  45|0x00000000e2d00000, 0x00000000e2d00000, 0x00000000e2e00000|  0%| F|  |TAMS 0x00000000e2d00000| PB 0x00000000e2d00000| Untracked 
|  46|0x00000000e2e00000, 0x00000000e2e00000, 0x00000000e2f00000|  0%| F|  |TAMS 0x00000000e2e00000| PB 0x00000000e2e00000| Untracked 
|  47|0x00000000e2f00000, 0x00000000e2f00000, 0x00000000e3000000|  0%| F|  |TAMS 0x00000000e2f00000| PB 0x00000000e2f00000| Untracked 
|  48|0x00000000e3000000, 0x00000000e3000000, 0x00000000e3100000|  0%| F|  |TAMS 0x00000000e3000000| PB 0x00000000e3000000| Untracked 
|  49|0x00000000e3100000, 0x00000000e3100000, 0x00000000e3200000|  0%| F|  |TAMS 0x00000000e3100000| PB 0x00000000e3100000| Untracked 
|  50|0x00000000e3200000, 0x00000000e3200000, 0x00000000e3300000|  0%| F|  |TAMS 0x00000000e3200000| PB 0x00000000e3200000| Untracked 
|  51|0x00000000e3300000, 0x00000000e3300000, 0x00000000e3400000|  0%| F|  |TAMS 0x00000000e3300000| PB 0x00000000e3300000| Untracked 
|  52|0x00000000e3400000, 0x00000000e3400000, 0x00000000e3500000|  0%| F|  |TAMS 0x00000000e3400000| PB 0x00000000e3400000| Untracked 
|  53|0x00000000e3500000, 0x00000000e3500000, 0x00000000e3600000|  0%| F|  |TAMS 0x00000000e3500000| PB 0x00000000e3500000| Untracked 
|  54|0x00000000e3600000, 0x00000000e3600000, 0x00000000e3700000|  0%| F|  |TAMS 0x00000000e3600000| PB 0x00000000e3600000| Untracked 
|  55|0x00000000e3700000, 0x00000000e3700000, 0x00000000e3800000|  0%| F|  |TAMS 0x00000000e3700000| PB 0x00000000e3700000| Untracked 
|  56|0x00000000e3800000, 0x00000000e3800000, 0x00000000e3900000|  0%| F|  |TAMS 0x00000000e3800000| PB 0x00000000e3800000| Untracked 
|  57|0x00000000e3900000, 0x00000000e3900000, 0x00000000e3a00000|  0%| F|  |TAMS 0x00000000e3900000| PB 0x00000000e3900000| Untracked 
|  58|0x00000000e3a00000, 0x00000000e3a00000, 0x00000000e3b00000|  0%| F|  |TAMS 0x00000000e3a00000| PB 0x00000000e3a00000| Untracked 
|  59|0x00000000e3b00000, 0x00000000e3b00000, 0x00000000e3c00000|  0%| F|  |TAMS 0x00000000e3b00000| PB 0x00000000e3b00000| Untracked 
|  60|0x00000000e3c00000, 0x00000000e3c00000, 0x00000000e3d00000|  0%| F|  |TAMS 0x00000000e3c00000| PB 0x00000000e3c00000| Untracked 
|  61|0x00000000e3d00000, 0x00000000e3d00000, 0x00000000e3e00000|  0%| F|  |TAMS 0x00000000e3d00000| PB 0x00000000e3d00000| Untracked 
|  62|0x00000000e3e00000, 0x00000000e3e00000, 0x00000000e3f00000|  0%| F|  |TAMS 0x00000000e3e00000| PB 0x00000000e3e00000| Untracked 
|  63|0x00000000e3f00000, 0x00000000e3f00000, 0x00000000e4000000|  0%| F|  |TAMS 0x00000000e3f00000| PB 0x00000000e3f00000| Untracked 
|  64|0x00000000e4000000, 0x00000000e4000000, 0x00000000e4100000|  0%| F|  |TAMS 0x00000000e4000000| PB 0x00000000e4000000| Untracked 
|  65|0x00000000e4100000, 0x00000000e4100000, 0x00000000e4200000|  0%| F|  |TAMS 0x00000000e4100000| PB 0x00000000e4100000| Untracked 
|  66|0x00000000e4200000, 0x00000000e4200000, 0x00000000e4300000|  0%| F|  |TAMS 0x00000000e4200000| PB 0x00000000e4200000| Untracked 
|  67|0x00000000e4300000, 0x00000000e4300000, 0x00000000e4400000|  0%| F|  |TAMS 0x00000000e4300000| PB 0x00000000e4300000| Untracked 
|  68|0x00000000e4400000, 0x00000000e4400000, 0x00000000e4500000|  0%| F|  |TAMS 0x00000000e4400000| PB 0x00000000e4400000| Untracked 
|  69|0x00000000e4500000, 0x00000000e4500000, 0x00000000e4600000|  0%| F|  |TAMS 0x00000000e4500000| PB 0x00000000e4500000| Untracked 
|  70|0x00000000e4600000, 0x00000000e4600000, 0x00000000e4700000|  0%| F|  |TAMS 0x00000000e4600000| PB 0x00000000e4600000| Untracked 
|  71|0x00000000e4700000, 0x00000000e4700000, 0x00000000e4800000|  0%| F|  |TAMS 0x00000000e4700000| PB 0x00000000e4700000| Untracked 
|  72|0x00000000e4800000, 0x00000000e4800000, 0x00000000e4900000|  0%| F|  |TAMS 0x00000000e4800000| PB 0x00000000e4800000| Untracked 
|  73|0x00000000e4900000, 0x00000000e4900000, 0x00000000e4a00000|  0%| F|  |TAMS 0x00000000e4900000| PB 0x00000000e4900000| Untracked 
|  74|0x00000000e4a00000, 0x00000000e4a00000, 0x00000000e4b00000|  0%| F|  |TAMS 0x00000000e4a00000| PB 0x00000000e4a00000| Untracked 
|  75|0x00000000e4b00000, 0x00000000e4b00000, 0x00000000e4c00000|  0%| F|  |TAMS 0x00000000e4b00000| PB 0x00000000e4b00000| Untracked 
|  76|0x00000000e4c00000, 0x00000000e4c00000, 0x00000000e4d00000|  0%| F|  |TAMS 0x00000000e4c00000| PB 0x00000000e4c00000| Untracked 
|  77|0x00000000e4d00000, 0x00000000e4d00000, 0x00000000e4e00000|  0%| F|  |TAMS 0x00000000e4d00000| PB 0x00000000e4d00000| Untracked 
|  78|0x00000000e4e00000, 0x00000000e4e00000, 0x00000000e4f00000|  0%| F|  |TAMS 0x00000000e4e00000| PB 0x00000000e4e00000| Untracked 
|  79|0x00000000e4f00000, 0x00000000e4f00000, 0x00000000e5000000|  0%| F|  |TAMS 0x00000000e4f00000| PB 0x00000000e4f00000| Untracked 
|  80|0x00000000e5000000, 0x00000000e5000000, 0x00000000e5100000|  0%| F|  |TAMS 0x00000000e5000000| PB 0x00000000e5000000| Untracked 
|  81|0x00000000e5100000, 0x00000000e5100000, 0x00000000e5200000|  0%| F|  |TAMS 0x00000000e5100000| PB 0x00000000e5100000| Untracked 
|  82|0x00000000e5200000, 0x00000000e5200000, 0x00000000e5300000|  0%| F|  |TAMS 0x00000000e5200000| PB 0x00000000e5200000| Untracked 
|  83|0x00000000e5300000, 0x00000000e5300000, 0x00000000e5400000|  0%| F|  |TAMS 0x00000000e5300000| PB 0x00000000e5300000| Untracked 
|  84|0x00000000e5400000, 0x00000000e5400000, 0x00000000e5500000|  0%| F|  |TAMS 0x00000000e5400000| PB 0x00000000e5400000| Untracked 
|  85|0x00000000e5500000, 0x00000000e5500000, 0x00000000e5600000|  0%| F|  |TAMS 0x00000000e5500000| PB 0x00000000e5500000| Untracked 
|  86|0x00000000e5600000, 0x00000000e5600000, 0x00000000e5700000|  0%| F|  |TAMS 0x00000000e5600000| PB 0x00000000e5600000| Untracked 
|  87|0x00000000e5700000, 0x00000000e5700000, 0x00000000e5800000|  0%| F|  |TAMS 0x00000000e5700000| PB 0x00000000e5700000| Untracked 
|  88|0x00000000e5800000, 0x00000000e5800000, 0x00000000e5900000|  0%| F|  |TAMS 0x00000000e5800000| PB 0x00000000e5800000| Untracked 
|  89|0x00000000e5900000, 0x00000000e5900000, 0x00000000e5a00000|  0%| F|  |TAMS 0x00000000e5900000| PB 0x00000000e5900000| Untracked 
|  90|0x00000000e5a00000, 0x00000000e5a00000, 0x00000000e5b00000|  0%| F|  |TAMS 0x00000000e5a00000| PB 0x00000000e5a00000| Untracked 
|  91|0x00000000e5b00000, 0x00000000e5b00000, 0x00000000e5c00000|  0%| F|  |TAMS 0x00000000e5b00000| PB 0x00000000e5b00000| Untracked 
|  92|0x00000000e5c00000, 0x00000000e5c00000, 0x00000000e5d00000|  0%| F|  |TAMS 0x00000000e5c00000| PB 0x00000000e5c00000| Untracked 
|  93|0x00000000e5d00000, 0x00000000e5d00000, 0x00000000e5e00000|  0%| F|  |TAMS 0x00000000e5d00000| PB 0x00000000e5d00000| Untracked 
|  94|0x00000000e5e00000, 0x00000000e5e00000, 0x00000000e5f00000|  0%| F|  |TAMS 0x00000000e5e00000| PB 0x00000000e5e00000| Untracked 
|  95|0x00000000e5f00000, 0x00000000e5f00000, 0x00000000e6000000|  0%| F|  |TAMS 0x00000000e5f00000| PB 0x00000000e5f00000| Untracked 
|  96|0x00000000e6000000, 0x00000000e6000000, 0x00000000e6100000|  0%| F|  |TAMS 0x00000000e6000000| PB 0x00000000e6000000| Untracked 
|  97|0x00000000e6100000, 0x00000000e6100000, 0x00000000e6200000|  0%| F|  |TAMS 0x00000000e6100000| PB 0x00000000e6100000| Untracked 
|  98|0x00000000e6200000, 0x00000000e6200000, 0x00000000e6300000|  0%| F|  |TAMS 0x00000000e6200000| PB 0x00000000e6200000| Untracked 
|  99|0x00000000e6300000, 0x00000000e6300000, 0x00000000e6400000|  0%| F|  |TAMS 0x00000000e6300000| PB 0x00000000e6300000| Untracked 
| 100|0x00000000e6400000, 0x00000000e6400000, 0x00000000e6500000|  0%| F|  |TAMS 0x00000000e6400000| PB 0x00000000e6400000| Untracked 
| 101|0x00000000e6500000, 0x00000000e6500000, 0x00000000e6600000|  0%| F|  |TAMS 0x00000000e6500000| PB 0x00000000e6500000| Untracked 
| 102|0x00000000e6600000, 0x00000000e6600000, 0x00000000e6700000|  0%| F|  |TAMS 0x00000000e6600000| PB 0x00000000e6600000| Untracked 
| 103|0x00000000e6700000, 0x00000000e6700000, 0x00000000e6800000|  0%| F|  |TAMS 0x00000000e6700000| PB 0x00000000e6700000| Untracked 
| 104|0x00000000e6800000, 0x00000000e6800000, 0x00000000e6900000|  0%| F|  |TAMS 0x00000000e6800000| PB 0x00000000e6800000| Untracked 
| 105|0x00000000e6900000, 0x00000000e6900000, 0x00000000e6a00000|  0%| F|  |TAMS 0x00000000e6900000| PB 0x00000000e6900000| Untracked 
| 106|0x00000000e6a00000, 0x00000000e6a00000, 0x00000000e6b00000|  0%| F|  |TAMS 0x00000000e6a00000| PB 0x00000000e6a00000| Untracked 
| 107|0x00000000e6b00000, 0x00000000e6b00000, 0x00000000e6c00000|  0%| F|  |TAMS 0x00000000e6b00000| PB 0x00000000e6b00000| Untracked 
| 108|0x00000000e6c00000, 0x00000000e6c00000, 0x00000000e6d00000|  0%| F|  |TAMS 0x00000000e6c00000| PB 0x00000000e6c00000| Untracked 
| 109|0x00000000e6d00000, 0x00000000e6d00000, 0x00000000e6e00000|  0%| F|  |TAMS 0x00000000e6d00000| PB 0x00000000e6d00000| Untracked 
| 110|0x00000000e6e00000, 0x00000000e6e00000, 0x00000000e6f00000|  0%| F|  |TAMS 0x00000000e6e00000| PB 0x00000000e6e00000| Untracked 
| 111|0x00000000e6f00000, 0x00000000e6f00000, 0x00000000e7000000|  0%| F|  |TAMS 0x00000000e6f00000| PB 0x00000000e6f00000| Untracked 
| 112|0x00000000e7000000, 0x00000000e7000000, 0x00000000e7100000|  0%| F|  |TAMS 0x00000000e7000000| PB 0x00000000e7000000| Untracked 
| 113|0x00000000e7100000, 0x00000000e7100000, 0x00000000e7200000|  0%| F|  |TAMS 0x00000000e7100000| PB 0x00000000e7100000| Untracked 
| 114|0x00000000e7200000, 0x00000000e7200000, 0x00000000e7300000|  0%| F|  |TAMS 0x00000000e7200000| PB 0x00000000e7200000| Untracked 
| 115|0x00000000e7300000, 0x00000000e7300000, 0x00000000e7400000|  0%| F|  |TAMS 0x00000000e7300000| PB 0x00000000e7300000| Untracked 
| 116|0x00000000e7400000, 0x00000000e7400000, 0x00000000e7500000|  0%| F|  |TAMS 0x00000000e7400000| PB 0x00000000e7400000| Untracked 
| 117|0x00000000e7500000, 0x00000000e7500000, 0x00000000e7600000|  0%| F|  |TAMS 0x00000000e7500000| PB 0x00000000e7500000| Untracked 
| 118|0x00000000e7600000, 0x00000000e7600000, 0x00000000e7700000|  0%| F|  |TAMS 0x00000000e7600000| PB 0x00000000e7600000| Untracked 
| 119|0x00000000e7700000, 0x00000000e7700000, 0x00000000e7800000|  0%| F|  |TAMS 0x00000000e7700000| PB 0x00000000e7700000| Untracked 
| 120|0x00000000e7800000, 0x00000000e7800000, 0x00000000e7900000|  0%| F|  |TAMS 0x00000000e7800000| PB 0x00000000e7800000| Untracked 
| 121|0x00000000e7900000, 0x00000000e7900000, 0x00000000e7a00000|  0%| F|  |TAMS 0x00000000e7900000| PB 0x00000000e7900000| Untracked 
| 122|0x00000000e7a00000, 0x00000000e7a00000, 0x00000000e7b00000|  0%| F|  |TAMS 0x00000000e7a00000| PB 0x00000000e7a00000| Untracked 
| 123|0x00000000e7b00000, 0x00000000e7b00000, 0x00000000e7c00000|  0%| F|  |TAMS 0x00000000e7b00000| PB 0x00000000e7b00000| Untracked 
| 124|0x00000000e7c00000, 0x00000000e7c00000, 0x00000000e7d00000|  0%| F|  |TAMS 0x00000000e7c00000| PB 0x00000000e7c00000| Untracked 
| 125|0x00000000e7d00000, 0x00000000e7d00000, 0x00000000e7e00000|  0%| F|  |TAMS 0x00000000e7d00000| PB 0x00000000e7d00000| Untracked 
| 126|0x00000000e7e00000, 0x00000000e7e00000, 0x00000000e7f00000|  0%| F|  |TAMS 0x00000000e7e00000| PB 0x00000000e7e00000| Untracked 
| 127|0x00000000e7f00000, 0x00000000e7f00000, 0x00000000e8000000|  0%| F|  |TAMS 0x00000000e7f00000| PB 0x00000000e7f00000| Untracked 
| 128|0x00000000e8000000, 0x00000000e8000000, 0x00000000e8100000|  0%| F|  |TAMS 0x00000000e8000000| PB 0x00000000e8000000| Untracked 
| 129|0x00000000e8100000, 0x00000000e8100000, 0x00000000e8200000|  0%| F|  |TAMS 0x00000000e8100000| PB 0x00000000e8100000| Untracked 
| 130|0x00000000e8200000, 0x00000000e8200000, 0x00000000e8300000|  0%| F|  |TAMS 0x00000000e8200000| PB 0x00000000e8200000| Untracked 
| 131|0x00000000e8300000, 0x00000000e8300000, 0x00000000e8400000|  0%| F|  |TAMS 0x00000000e8300000| PB 0x00000000e8300000| Untracked 
| 132|0x00000000e8400000, 0x00000000e8400000, 0x00000000e8500000|  0%| F|  |TAMS 0x00000000e8400000| PB 0x00000000e8400000| Untracked 
| 133|0x00000000e8500000, 0x00000000e8500000, 0x00000000e8600000|  0%| F|  |TAMS 0x00000000e8500000| PB 0x00000000e8500000| Untracked 
| 134|0x00000000e8600000, 0x00000000e8600000, 0x00000000e8700000|  0%| F|  |TAMS 0x00000000e8600000| PB 0x00000000e8600000| Untracked 
| 135|0x00000000e8700000, 0x00000000e8700000, 0x00000000e8800000|  0%| F|  |TAMS 0x00000000e8700000| PB 0x00000000e8700000| Untracked 
| 136|0x00000000e8800000, 0x00000000e8800000, 0x00000000e8900000|  0%| F|  |TAMS 0x00000000e8800000| PB 0x00000000e8800000| Untracked 
| 137|0x00000000e8900000, 0x00000000e8900000, 0x00000000e8a00000|  0%| F|  |TAMS 0x00000000e8900000| PB 0x00000000e8900000| Untracked 
| 138|0x00000000e8a00000, 0x00000000e8a00000, 0x00000000e8b00000|  0%| F|  |TAMS 0x00000000e8a00000| PB 0x00000000e8a00000| Untracked 
| 139|0x00000000e8b00000, 0x00000000e8b00000, 0x00000000e8c00000|  0%| F|  |TAMS 0x00000000e8b00000| PB 0x00000000e8b00000| Untracked 
| 140|0x00000000e8c00000, 0x00000000e8c00000, 0x00000000e8d00000|  0%| F|  |TAMS 0x00000000e8c00000| PB 0x00000000e8c00000| Untracked 
| 141|0x00000000e8d00000, 0x00000000e8d00000, 0x00000000e8e00000|  0%| F|  |TAMS 0x00000000e8d00000| PB 0x00000000e8d00000| Untracked 
| 142|0x00000000e8e00000, 0x00000000e8e00000, 0x00000000e8f00000|  0%| F|  |TAMS 0x00000000e8e00000| PB 0x00000000e8e00000| Untracked 
| 143|0x00000000e8f00000, 0x00000000e8f00000, 0x00000000e9000000|  0%| F|  |TAMS 0x00000000e8f00000| PB 0x00000000e8f00000| Untracked 
| 144|0x00000000e9000000, 0x00000000e9000000, 0x00000000e9100000|  0%| F|  |TAMS 0x00000000e9000000| PB 0x00000000e9000000| Untracked 
| 145|0x00000000e9100000, 0x00000000e9100000, 0x00000000e9200000|  0%| F|  |TAMS 0x00000000e9100000| PB 0x00000000e9100000| Untracked 
| 146|0x00000000e9200000, 0x00000000e9200000, 0x00000000e9300000|  0%| F|  |TAMS 0x00000000e9200000| PB 0x00000000e9200000| Untracked 
| 147|0x00000000e9300000, 0x00000000e9300000, 0x00000000e9400000|  0%| F|  |TAMS 0x00000000e9300000| PB 0x00000000e9300000| Untracked 
| 148|0x00000000e9400000, 0x00000000e9400000, 0x00000000e9500000|  0%| F|  |TAMS 0x00000000e9400000| PB 0x00000000e9400000| Untracked 
| 149|0x00000000e9500000, 0x00000000e9500000, 0x00000000e9600000|  0%| F|  |TAMS 0x00000000e9500000| PB 0x00000000e9500000| Untracked 
| 150|0x00000000e9600000, 0x00000000e9600000, 0x00000000e9700000|  0%| F|  |TAMS 0x00000000e9600000| PB 0x00000000e9600000| Untracked 
| 151|0x00000000e9700000, 0x00000000e9700000, 0x00000000e9800000|  0%| F|  |TAMS 0x00000000e9700000| PB 0x00000000e9700000| Untracked 
| 152|0x00000000e9800000, 0x00000000e9800000, 0x00000000e9900000|  0%| F|  |TAMS 0x00000000e9800000| PB 0x00000000e9800000| Untracked 
| 153|0x00000000e9900000, 0x00000000e9900000, 0x00000000e9a00000|  0%| F|  |TAMS 0x00000000e9900000| PB 0x00000000e9900000| Untracked 
| 154|0x00000000e9a00000, 0x00000000e9a00000, 0x00000000e9b00000|  0%| F|  |TAMS 0x00000000e9a00000| PB 0x00000000e9a00000| Untracked 
| 155|0x00000000e9b00000, 0x00000000e9b00000, 0x00000000e9c00000|  0%| F|  |TAMS 0x00000000e9b00000| PB 0x00000000e9b00000| Untracked 
| 156|0x00000000e9c00000, 0x00000000e9c00000, 0x00000000e9d00000|  0%| F|  |TAMS 0x00000000e9c00000| PB 0x00000000e9c00000| Untracked 
| 157|0x00000000e9d00000, 0x00000000e9d00000, 0x00000000e9e00000|  0%| F|  |TAMS 0x00000000e9d00000| PB 0x00000000e9d00000| Untracked 
| 158|0x00000000e9e00000, 0x00000000e9e00000, 0x00000000e9f00000|  0%| F|  |TAMS 0x00000000e9e00000| PB 0x00000000e9e00000| Untracked 
| 159|0x00000000e9f00000, 0x00000000e9f00000, 0x00000000ea000000|  0%| F|  |TAMS 0x00000000e9f00000| PB 0x00000000e9f00000| Untracked 
| 160|0x00000000ea000000, 0x00000000ea000000, 0x00000000ea100000|  0%| F|  |TAMS 0x00000000ea000000| PB 0x00000000ea000000| Untracked 
| 161|0x00000000ea100000, 0x00000000ea100000, 0x00000000ea200000|  0%| F|  |TAMS 0x00000000ea100000| PB 0x00000000ea100000| Untracked 
| 162|0x00000000ea200000, 0x00000000ea200000, 0x00000000ea300000|  0%| F|  |TAMS 0x00000000ea200000| PB 0x00000000ea200000| Untracked 
| 163|0x00000000ea300000, 0x00000000ea300000, 0x00000000ea400000|  0%| F|  |TAMS 0x00000000ea300000| PB 0x00000000ea300000| Untracked 
| 164|0x00000000ea400000, 0x00000000ea400000, 0x00000000ea500000|  0%| F|  |TAMS 0x00000000ea400000| PB 0x00000000ea400000| Untracked 
| 165|0x00000000ea500000, 0x00000000ea500000, 0x00000000ea600000|  0%| F|  |TAMS 0x00000000ea500000| PB 0x00000000ea500000| Untracked 
| 166|0x00000000ea600000, 0x00000000ea600000, 0x00000000ea700000|  0%| F|  |TAMS 0x00000000ea600000| PB 0x00000000ea600000| Untracked 
| 167|0x00000000ea700000, 0x00000000ea700000, 0x00000000ea800000|  0%| F|  |TAMS 0x00000000ea700000| PB 0x00000000ea700000| Untracked 
| 168|0x00000000ea800000, 0x00000000ea800000, 0x00000000ea900000|  0%| F|  |TAMS 0x00000000ea800000| PB 0x00000000ea800000| Untracked 
| 169|0x00000000ea900000, 0x00000000ea900000, 0x00000000eaa00000|  0%| F|  |TAMS 0x00000000ea900000| PB 0x00000000ea900000| Untracked 
| 170|0x00000000eaa00000, 0x00000000eaa00000, 0x00000000eab00000|  0%| F|  |TAMS 0x00000000eaa00000| PB 0x00000000eaa00000| Untracked 
| 171|0x00000000eab00000, 0x00000000eab00000, 0x00000000eac00000|  0%| F|  |TAMS 0x00000000eab00000| PB 0x00000000eab00000| Untracked 
| 172|0x00000000eac00000, 0x00000000eac00000, 0x00000000ead00000|  0%| F|  |TAMS 0x00000000eac00000| PB 0x00000000eac00000| Untracked 
| 173|0x00000000ead00000, 0x00000000ead00000, 0x00000000eae00000|  0%| F|  |TAMS 0x00000000ead00000| PB 0x00000000ead00000| Untracked 
| 174|0x00000000eae00000, 0x00000000eae00000, 0x00000000eaf00000|  0%| F|  |TAMS 0x00000000eae00000| PB 0x00000000eae00000| Untracked 
| 175|0x00000000eaf00000, 0x00000000eaf00000, 0x00000000eb000000|  0%| F|  |TAMS 0x00000000eaf00000| PB 0x00000000eaf00000| Untracked 
| 176|0x00000000eb000000, 0x00000000eb000000, 0x00000000eb100000|  0%| F|  |TAMS 0x00000000eb000000| PB 0x00000000eb000000| Untracked 
| 177|0x00000000eb100000, 0x00000000eb100000, 0x00000000eb200000|  0%| F|  |TAMS 0x00000000eb100000| PB 0x00000000eb100000| Untracked 
| 178|0x00000000eb200000, 0x00000000eb200000, 0x00000000eb300000|  0%| F|  |TAMS 0x00000000eb200000| PB 0x00000000eb200000| Untracked 
| 179|0x00000000eb300000, 0x00000000eb300000, 0x00000000eb400000|  0%| F|  |TAMS 0x00000000eb300000| PB 0x00000000eb300000| Untracked 
| 180|0x00000000eb400000, 0x00000000eb400000, 0x00000000eb500000|  0%| F|  |TAMS 0x00000000eb400000| PB 0x00000000eb400000| Untracked 
| 181|0x00000000eb500000, 0x00000000eb500000, 0x00000000eb600000|  0%| F|  |TAMS 0x00000000eb500000| PB 0x00000000eb500000| Untracked 
| 182|0x00000000eb600000, 0x00000000eb600000, 0x00000000eb700000|  0%| F|  |TAMS 0x00000000eb600000| PB 0x00000000eb600000| Untracked 
| 183|0x00000000eb700000, 0x00000000eb700000, 0x00000000eb800000|  0%| F|  |TAMS 0x00000000eb700000| PB 0x00000000eb700000| Untracked 
| 184|0x00000000eb800000, 0x00000000eb800000, 0x00000000eb900000|  0%| F|  |TAMS 0x00000000eb800000| PB 0x00000000eb800000| Untracked 
| 185|0x00000000eb900000, 0x00000000eb900000, 0x00000000eba00000|  0%| F|  |TAMS 0x00000000eb900000| PB 0x00000000eb900000| Untracked 
| 186|0x00000000eba00000, 0x00000000eba00000, 0x00000000ebb00000|  0%| F|  |TAMS 0x00000000eba00000| PB 0x00000000eba00000| Untracked 
| 187|0x00000000ebb00000, 0x00000000ebb00000, 0x00000000ebc00000|  0%| F|  |TAMS 0x00000000ebb00000| PB 0x00000000ebb00000| Untracked 
| 188|0x00000000ebc00000, 0x00000000ebc00000, 0x00000000ebd00000|  0%| F|  |TAMS 0x00000000ebc00000| PB 0x00000000ebc00000| Untracked 
| 189|0x00000000ebd00000, 0x00000000ebd00000, 0x00000000ebe00000|  0%| F|  |TAMS 0x00000000ebd00000| PB 0x00000000ebd00000| Untracked 
| 190|0x00000000ebe00000, 0x00000000ebe00000, 0x00000000ebf00000|  0%| F|  |TAMS 0x00000000ebe00000| PB 0x00000000ebe00000| Untracked 
| 191|0x00000000ebf00000, 0x00000000ebf00000, 0x00000000ec000000|  0%| F|  |TAMS 0x00000000ebf00000| PB 0x00000000ebf00000| Untracked 
| 192|0x00000000ec000000, 0x00000000ec000000, 0x00000000ec100000|  0%| F|  |TAMS 0x00000000ec000000| PB 0x00000000ec000000| Untracked 
| 193|0x00000000ec100000, 0x00000000ec100000, 0x00000000ec200000|  0%| F|  |TAMS 0x00000000ec100000| PB 0x00000000ec100000| Untracked 
| 194|0x00000000ec200000, 0x00000000ec200000, 0x00000000ec300000|  0%| F|  |TAMS 0x00000000ec200000| PB 0x00000000ec200000| Untracked 
| 195|0x00000000ec300000, 0x00000000ec300000, 0x00000000ec400000|  0%| F|  |TAMS 0x00000000ec300000| PB 0x00000000ec300000| Untracked 
| 196|0x00000000ec400000, 0x00000000ec400000, 0x00000000ec500000|  0%| F|  |TAMS 0x00000000ec400000| PB 0x00000000ec400000| Untracked 
| 197|0x00000000ec500000, 0x00000000ec500000, 0x00000000ec600000|  0%| F|  |TAMS 0x00000000ec500000| PB 0x00000000ec500000| Untracked 
| 198|0x00000000ec600000, 0x00000000ec600000, 0x00000000ec700000|  0%| F|  |TAMS 0x00000000ec600000| PB 0x00000000ec600000| Untracked 
| 199|0x00000000ec700000, 0x00000000ec700000, 0x00000000ec800000|  0%| F|  |TAMS 0x00000000ec700000| PB 0x00000000ec700000| Untracked 
| 200|0x00000000ec800000, 0x00000000ec800000, 0x00000000ec900000|  0%| F|  |TAMS 0x00000000ec800000| PB 0x00000000ec800000| Untracked 
| 201|0x00000000ec900000, 0x00000000ec900000, 0x00000000eca00000|  0%| F|  |TAMS 0x00000000ec900000| PB 0x00000000ec900000| Untracked 
| 202|0x00000000eca00000, 0x00000000eca00000, 0x00000000ecb00000|  0%| F|  |TAMS 0x00000000eca00000| PB 0x00000000eca00000| Untracked 
| 203|0x00000000ecb00000, 0x00000000ecb00000, 0x00000000ecc00000|  0%| F|  |TAMS 0x00000000ecb00000| PB 0x00000000ecb00000| Untracked 
| 204|0x00000000ecc00000, 0x00000000ecc00000, 0x00000000ecd00000|  0%| F|  |TAMS 0x00000000ecc00000| PB 0x00000000ecc00000| Untracked 
| 205|0x00000000ecd00000, 0x00000000ecd00000, 0x00000000ece00000|  0%| F|  |TAMS 0x00000000ecd00000| PB 0x00000000ecd00000| Untracked 
| 206|0x00000000ece00000, 0x00000000ece00000, 0x00000000ecf00000|  0%| F|  |TAMS 0x00000000ece00000| PB 0x00000000ece00000| Untracked 
| 207|0x00000000ecf00000, 0x00000000ecf00000, 0x00000000ed000000|  0%| F|  |TAMS 0x00000000ecf00000| PB 0x00000000ecf00000| Untracked 
| 208|0x00000000ed000000, 0x00000000ed000000, 0x00000000ed100000|  0%| F|  |TAMS 0x00000000ed000000| PB 0x00000000ed000000| Untracked 
| 209|0x00000000ed100000, 0x00000000ed100000, 0x00000000ed200000|  0%| F|  |TAMS 0x00000000ed100000| PB 0x00000000ed100000| Untracked 
| 210|0x00000000ed200000, 0x00000000ed200000, 0x00000000ed300000|  0%| F|  |TAMS 0x00000000ed200000| PB 0x00000000ed200000| Untracked 
| 211|0x00000000ed300000, 0x00000000ed300000, 0x00000000ed400000|  0%| F|  |TAMS 0x00000000ed300000| PB 0x00000000ed300000| Untracked 
| 212|0x00000000ed400000, 0x00000000ed400000, 0x00000000ed500000|  0%| F|  |TAMS 0x00000000ed400000| PB 0x00000000ed400000| Untracked 
| 213|0x00000000ed500000, 0x00000000ed500000, 0x00000000ed600000|  0%| F|  |TAMS 0x00000000ed500000| PB 0x00000000ed500000| Untracked 
| 214|0x00000000ed600000, 0x00000000ed600000, 0x00000000ed700000|  0%| F|  |TAMS 0x00000000ed600000| PB 0x00000000ed600000| Untracked 
| 215|0x00000000ed700000, 0x00000000ed700000, 0x00000000ed800000|  0%| F|  |TAMS 0x00000000ed700000| PB 0x00000000ed700000| Untracked 
| 216|0x00000000ed800000, 0x00000000ed800000, 0x00000000ed900000|  0%| F|  |TAMS 0x00000000ed800000| PB 0x00000000ed800000| Untracked 
| 217|0x00000000ed900000, 0x00000000ed900000, 0x00000000eda00000|  0%| F|  |TAMS 0x00000000ed900000| PB 0x00000000ed900000| Untracked 
| 218|0x00000000eda00000, 0x00000000eda00000, 0x00000000edb00000|  0%| F|  |TAMS 0x00000000eda00000| PB 0x00000000eda00000| Untracked 
| 219|0x00000000edb00000, 0x00000000edb00000, 0x00000000edc00000|  0%| F|  |TAMS 0x00000000edb00000| PB 0x00000000edb00000| Untracked 
| 220|0x00000000edc00000, 0x00000000edc00000, 0x00000000edd00000|  0%| F|  |TAMS 0x00000000edc00000| PB 0x00000000edc00000| Untracked 
| 221|0x00000000edd00000, 0x00000000edd00000, 0x00000000ede00000|  0%| F|  |TAMS 0x00000000edd00000| PB 0x00000000edd00000| Untracked 
| 222|0x00000000ede00000, 0x00000000ede00000, 0x00000000edf00000|  0%| F|  |TAMS 0x00000000ede00000| PB 0x00000000ede00000| Untracked 
| 223|0x00000000edf00000, 0x00000000edf00000, 0x00000000ee000000|  0%| F|  |TAMS 0x00000000edf00000| PB 0x00000000edf00000| Untracked 
| 224|0x00000000ee000000, 0x00000000ee000000, 0x00000000ee100000|  0%| F|  |TAMS 0x00000000ee000000| PB 0x00000000ee000000| Untracked 
| 225|0x00000000ee100000, 0x00000000ee100000, 0x00000000ee200000|  0%| F|  |TAMS 0x00000000ee100000| PB 0x00000000ee100000| Untracked 
| 226|0x00000000ee200000, 0x00000000ee200000, 0x00000000ee300000|  0%| F|  |TAMS 0x00000000ee200000| PB 0x00000000ee200000| Untracked 
| 227|0x00000000ee300000, 0x00000000ee300000, 0x00000000ee400000|  0%| F|  |TAMS 0x00000000ee300000| PB 0x00000000ee300000| Untracked 
| 228|0x00000000ee400000, 0x00000000ee400000, 0x00000000ee500000|  0%| F|  |TAMS 0x00000000ee400000| PB 0x00000000ee400000| Untracked 
| 229|0x00000000ee500000, 0x00000000ee500000, 0x00000000ee600000|  0%| F|  |TAMS 0x00000000ee500000| PB 0x00000000ee500000| Untracked 
| 230|0x00000000ee600000, 0x00000000ee600000, 0x00000000ee700000|  0%| F|  |TAMS 0x00000000ee600000| PB 0x00000000ee600000| Untracked 
| 231|0x00000000ee700000, 0x00000000ee700000, 0x00000000ee800000|  0%| F|  |TAMS 0x00000000ee700000| PB 0x00000000ee700000| Untracked 
| 232|0x00000000ee800000, 0x00000000ee800000, 0x00000000ee900000|  0%| F|  |TAMS 0x00000000ee800000| PB 0x00000000ee800000| Untracked 
| 233|0x00000000ee900000, 0x00000000ee900000, 0x00000000eea00000|  0%| F|  |TAMS 0x00000000ee900000| PB 0x00000000ee900000| Untracked 
| 234|0x00000000eea00000, 0x00000000eea00000, 0x00000000eeb00000|  0%| F|  |TAMS 0x00000000eea00000| PB 0x00000000eea00000| Untracked 
| 235|0x00000000eeb00000, 0x00000000eeb00000, 0x00000000eec00000|  0%| F|  |TAMS 0x00000000eeb00000| PB 0x00000000eeb00000| Untracked 
| 236|0x00000000eec00000, 0x00000000eec00000, 0x00000000eed00000|  0%| F|  |TAMS 0x00000000eec00000| PB 0x00000000eec00000| Untracked 
| 237|0x00000000eed00000, 0x00000000eed00000, 0x00000000eee00000|  0%| F|  |TAMS 0x00000000eed00000| PB 0x00000000eed00000| Untracked 
| 238|0x00000000eee00000, 0x00000000eee00000, 0x00000000eef00000|  0%| F|  |TAMS 0x00000000eee00000| PB 0x00000000eee00000| Untracked 
| 239|0x00000000eef00000, 0x00000000eef00000, 0x00000000ef000000|  0%| F|  |TAMS 0x00000000eef00000| PB 0x00000000eef00000| Untracked 
| 240|0x00000000ef000000, 0x00000000ef000000, 0x00000000ef100000|  0%| F|  |TAMS 0x00000000ef000000| PB 0x00000000ef000000| Untracked 
| 241|0x00000000ef100000, 0x00000000ef100000, 0x00000000ef200000|  0%| F|  |TAMS 0x00000000ef100000| PB 0x00000000ef100000| Untracked 
| 242|0x00000000ef200000, 0x00000000ef200000, 0x00000000ef300000|  0%| F|  |TAMS 0x00000000ef200000| PB 0x00000000ef200000| Untracked 
| 243|0x00000000ef300000, 0x00000000ef300000, 0x00000000ef400000|  0%| F|  |TAMS 0x00000000ef300000| PB 0x00000000ef300000| Untracked 
| 244|0x00000000ef400000, 0x00000000ef40c990, 0x00000000ef500000|  4%| S|CS|TAMS 0x00000000ef400000| PB 0x00000000ef400000| Complete 
| 245|0x00000000ef500000, 0x00000000ef500000, 0x00000000ef600000|  0%| F|  |TAMS 0x00000000ef500000| PB 0x00000000ef500000| Untracked 
| 246|0x00000000ef600000, 0x00000000ef600000, 0x00000000ef700000|  0%| F|  |TAMS 0x00000000ef600000| PB 0x00000000ef600000| Untracked 
| 247|0x00000000ef700000, 0x00000000ef700000, 0x00000000ef800000|  0%| F|  |TAMS 0x00000000ef700000| PB 0x00000000ef700000| Untracked 
| 248|0x00000000ef800000, 0x00000000ef800000, 0x00000000ef900000|  0%| F|  |TAMS 0x00000000ef800000| PB 0x00000000ef800000| Untracked 
| 249|0x00000000ef900000, 0x00000000ef900000, 0x00000000efa00000|  0%| F|  |TAMS 0x00000000ef900000| PB 0x00000000ef900000| Untracked 
| 250|0x00000000efa00000, 0x00000000efa00000, 0x00000000efb00000|  0%| F|  |TAMS 0x00000000efa00000| PB 0x00000000efa00000| Untracked 
| 251|0x00000000efb00000, 0x00000000efb00000, 0x00000000efc00000|  0%| F|  |TAMS 0x00000000efb00000| PB 0x00000000efb00000| Untracked 
| 252|0x00000000efc00000, 0x00000000efc00000, 0x00000000efd00000|  0%| F|  |TAMS 0x00000000efc00000| PB 0x00000000efc00000| Untracked 
| 253|0x00000000efd00000, 0x00000000efd00000, 0x00000000efe00000|  0%| F|  |TAMS 0x00000000efd00000| PB 0x00000000efd00000| Untracked 
| 254|0x00000000efe00000, 0x00000000efe00000, 0x00000000eff00000|  0%| F|  |TAMS 0x00000000efe00000| PB 0x00000000efe00000| Untracked 
| 255|0x00000000eff00000, 0x00000000eff00000, 0x00000000f0000000|  0%| F|  |TAMS 0x00000000eff00000| PB 0x00000000eff00000| Untracked 

Card table byte_map: [0x000002c79d740000,0x000002c79d840000] _byte_map_base: 0x000002c79d040000

Marking Bits: (CMBitMap*) 0x000002c78af1c3d0
 Bits: [0x000002c79d840000, 0x000002c79e040000)

Polling page: 0x000002c78a6b0000

Metaspace:

Usage:
  Non-class:     34.34 MB used.
      Class:      6.01 MB used.
       Both:     40.35 MB used.

Virtual space:
  Non-class space:       64.00 MB reserved,      35.19 MB ( 55%) committed,  1 nodes.
      Class space:      320.00 MB reserved,       6.81 MB (  2%) committed,  1 nodes.
             Both:      384.00 MB reserved,      42.00 MB ( 11%) committed. 

Chunk freelists:
   Non-Class:  12.36 MB
       Class:  9.10 MB
        Both:  21.46 MB

MaxMetaspaceSize: 384.00 MB
CompressedClassSpaceSize: 320.00 MB
Initial GC threshold: 21.00 MB
Current GC threshold: 60.00 MB
CDS: on
 - commit_granule_bytes: 65536.
 - commit_granule_words: 8192.
 - virtual_space_node_default_size: 8388608.
 - enlarge_chunks_in_place: 1.
 - use_allocation_guard: 0.


Internal statistics:

num_allocs_failed_limit: 12.
num_arena_births: 2884.
num_arena_deaths: 4.
num_vsnodes_births: 2.
num_vsnodes_deaths: 0.
num_space_committed: 672.
num_space_uncommitted: 0.
num_chunks_returned_to_freelist: 16.
num_chunks_taken_from_freelist: 4908.
num_chunk_merges: 9.
num_chunk_splits: 3155.
num_chunks_enlarged: 1894.
num_inconsistent_stats: 0.

CodeHeap 'non-profiled nmethods': size=120000Kb used=3126Kb max_used=3126Kb free=116873Kb
 bounds [0x000002c795bc0000, 0x000002c795ed0000, 0x000002c79d0f0000]
CodeHeap 'profiled nmethods': size=120000Kb used=9398Kb max_used=9398Kb free=110601Kb
 bounds [0x000002c78e0f0000, 0x000002c78ea20000, 0x000002c795620000]
CodeHeap 'non-nmethods': size=5760Kb used=1833Kb max_used=1877Kb free=3926Kb
 bounds [0x000002c795620000, 0x000002c795890000, 0x000002c795bc0000]
CodeCache: size=245760Kb, used=14357Kb, max_used=14401Kb, free=231400Kb
 total_blobs=5700, nmethods=4992, adapters=612, full_count=0
Compilation: enabled, stopped_count=0, restarted_count=0

Compilation events (20 events):
Event: 15326.226 Thread 0x000002c7b6029850 5538       3       org.gradle.cache.internal.DefaultFileLockManager$DefaultFileLock::assertOpen (18 bytes)
Event: 15326.615 Thread 0x000002c7b6028db0 nmethod 5541 0x000002c795eca690 code [0x000002c795eca880, 0x000002c795ecb208]
Event: 15326.682 Thread 0x000002c7b6028db0 5543       4       java.util.concurrent.TimeUnit::convert (73 bytes)
Event: 15326.853 Thread 0x000002c7b6028db0 nmethod 5543 0x000002c795ecb610 code [0x000002c795ecb7c0, 0x000002c795ecb950]
Event: 15326.853 Thread 0x000002c7b6028db0 5544       4       java.lang.ThreadLocal::remove (8 bytes)
Event: 15327.121 Thread 0x000002c7b6029850 nmethod 5538 0x000002c78ea1bf90 code [0x000002c78ea1c140, 0x000002c78ea1c360]
Event: 15327.121 Thread 0x000002c7b6029850 5540       3       java.io.FilterInputStream::close (8 bytes)
Event: 15327.168 Thread 0x000002c7b6028db0 nmethod 5544 0x000002c795ecba90 code [0x000002c795ecbca0, 0x000002c795ecc4f8]
Event: 15327.168 Thread 0x000002c7b6028db0 5545       4       java.util.concurrent.ThreadPoolExecutor$Worker::unlock (7 bytes)
Event: 15329.361 Thread 0x000002c7b6028db0 nmethod 5545 0x000002c795ecca90 code [0x000002c795eccc40, 0x000002c795eccdb0]
Event: 15329.437 Thread 0x000002c7b6029850 nmethod 5540 0x000002c78ea1c490 code [0x000002c78ea1c640, 0x000002c78ea1c818]
Event: 15329.479 Thread 0x000002c7b6028db0 5546       4       java.util.stream.FindOps$FindSink::accept (18 bytes)
Event: 15329.483 Thread 0x000002c7b6028db0 nmethod 5546 0x000002c795ecce90 code [0x000002c795ecd020, 0x000002c795ecd1a0]
Event: 15329.602 Thread 0x000002c7b6028db0 5547       4       java.util.stream.ReferencePipeline$7::opWrapSink (10 bytes)
Event: 15329.604 Thread 0x000002c7b6028db0 nmethod 5547 0x000002c795ecd210 code [0x000002c795ecd3a0, 0x000002c795ecd5c8]
Event: 15329.990 Thread 0x000002c7b6028db0 5548   !   4       org.gradle.internal.concurrent.AbstractManagedExecutor$1::run (57 bytes)
Event: 15330.080 Thread 0x000002c7b6029850 5550       1       org.gradle.launcher.daemon.server.Daemon::getDaemonRegistry (5 bytes)
Event: 15332.325 Thread 0x000002c7b6029850 nmethod 5550 0x000002c795ecd710 code [0x000002c795ecd8a0, 0x000002c795ecd968]
Event: 15334.924 Thread 0x000002c7b6029850 5553   !   3       org.gradle.launcher.daemon.registry.PersistentDaemonRegistry::getDaemonsMatching (104 bytes)
Event: 15338.400 Thread 0x000002c7b6029850 nmethod 5553 0x000002c78ea1c910 code [0x000002c78ea1cba0, 0x000002c78ea1d820]

GC Heap History (20 events):
Event: 555.064 GC heap after
{Heap after GC invocations=3 (full 0):
 garbage-first heap   total 262144K, used 22466K [0x00000000e0000000, 0x0000000100000000)
  region size 1024K, 10 young (10240K), 10 survivors (10240K)
 Metaspace       used 15866K, committed 16320K, reserved 393216K
  class space    used 2158K, committed 2368K, reserved 327680K
}
Event: 563.706 GC heap before
{Heap before GC invocations=3 (full 0):
 garbage-first heap   total 262144K, used 55234K [0x00000000e0000000, 0x0000000100000000)
  region size 1024K, 44 young (45056K), 10 survivors (10240K)
 Metaspace       used 20809K, committed 21504K, reserved 393216K
  class space    used 2951K, committed 3264K, reserved 327680K
}
Event: 563.723 GC heap after
{Heap after GC invocations=4 (full 0):
 garbage-first heap   total 262144K, used 24869K [0x00000000e0000000, 0x0000000100000000)
  region size 1024K, 13 young (13312K), 13 survivors (13312K)
 Metaspace       used 20809K, committed 21504K, reserved 393216K
  class space    used 2951K, committed 3264K, reserved 327680K
}
Event: 590.958 GC heap before
{Heap before GC invocations=5 (full 0):
 garbage-first heap   total 262144K, used 132389K [0x00000000e0000000, 0x0000000100000000)
  region size 1024K, 120 young (122880K), 13 survivors (13312K)
 Metaspace       used 34750K, committed 36160K, reserved 393216K
  class space    used 5141K, committed 5888K, reserved 327680K
}
Event: 590.989 GC heap after
{Heap after GC invocations=6 (full 0):
 garbage-first heap   total 262144K, used 31308K [0x00000000e0000000, 0x0000000100000000)
  region size 1024K, 9 young (9216K), 9 survivors (9216K)
 Metaspace       used 34750K, committed 36160K, reserved 393216K
  class space    used 5141K, committed 5888K, reserved 327680K
}
Event: 591.101 GC heap before
{Heap before GC invocations=6 (full 0):
 garbage-first heap   total 262144K, used 32332K [0x00000000e0000000, 0x0000000100000000)
  region size 1024K, 11 young (11264K), 9 survivors (9216K)
 Metaspace       used 35057K, committed 36480K, reserved 393216K
  class space    used 5157K, committed 5888K, reserved 327680K
}
Event: 591.110 GC heap after
{Heap after GC invocations=7 (full 0):
 garbage-first heap   total 262144K, used 32077K [0x00000000e0000000, 0x0000000100000000)
  region size 1024K, 10 young (10240K), 10 survivors (10240K)
 Metaspace       used 35057K, committed 36480K, reserved 393216K
  class space    used 5157K, committed 5888K, reserved 327680K
}
Event: 591.240 GC heap before
{Heap before GC invocations=7 (full 0):
 garbage-first heap   total 262144K, used 33101K [0x00000000e0000000, 0x0000000100000000)
  region size 1024K, 12 young (12288K), 10 survivors (10240K)
 Metaspace       used 35470K, committed 36800K, reserved 393216K
  class space    used 5217K, committed 5888K, reserved 327680K
}
Event: 591.249 GC heap after
{Heap after GC invocations=8 (full 0):
 garbage-first heap   total 262144K, used 32247K [0x00000000e0000000, 0x0000000100000000)
  region size 1024K, 10 young (10240K), 10 survivors (10240K)
 Metaspace       used 35470K, committed 36800K, reserved 393216K
  class space    used 5217K, committed 5888K, reserved 327680K
}
Event: 15285.249 GC heap before
{Heap before GC invocations=9 (full 0):
 garbage-first heap   total 262144K, used 178679K [0x00000000e0000000, 0x0000000100000000)
  region size 1024K, 153 young (156672K), 10 survivors (10240K)
 Metaspace       used 41316K, committed 43008K, reserved 393216K
  class space    used 6156K, committed 6976K, reserved 327680K
}
Event: 15312.676 GC heap after
{Heap after GC invocations=10 (full 0):
 garbage-first heap   total 262144K, used 36346K [0x00000000e0000000, 0x0000000100000000)
  region size 1024K, 14 young (14336K), 14 survivors (14336K)
 Metaspace       used 41316K, committed 43008K, reserved 393216K
  class space    used 6156K, committed 6976K, reserved 327680K
}
Event: 15312.758 GC heap before
{Heap before GC invocations=10 (full 0):
 garbage-first heap   total 262144K, used 37370K [0x00000000e0000000, 0x0000000100000000)
  region size 1024K, 15 young (15360K), 14 survivors (14336K)
 Metaspace       used 41316K, committed 43008K, reserved 393216K
  class space    used 6156K, committed 6976K, reserved 327680K
}
Event: 15316.740 GC heap after
{Heap after GC invocations=11 (full 0):
 garbage-first heap   total 262144K, used 36392K [0x00000000e0000000, 0x0000000100000000)
  region size 1024K, 1 young (1024K), 1 survivors (1024K)
 Metaspace       used 41316K, committed 43008K, reserved 393216K
  class space    used 6156K, committed 6976K, reserved 327680K
}
Event: 15335.590 GC heap before
{Heap before GC invocations=11 (full 0):
 garbage-first heap   total 262144K, used 47656K [0x00000000e0000000, 0x0000000100000000)
  region size 1024K, 12 young (12288K), 1 survivors (1024K)
 Metaspace       used 41319K, committed 43008K, reserved 393216K
  class space    used 6156K, committed 6976K, reserved 327680K
}
Event: 15337.883 GC heap after
{Heap after GC invocations=12 (full 0):
 garbage-first heap   total 262144K, used 36061K [0x00000000e0000000, 0x0000000100000000)
  region size 1024K, 1 young (1024K), 1 survivors (1024K)
 Metaspace       used 41319K, committed 43008K, reserved 393216K
  class space    used 6156K, committed 6976K, reserved 327680K
}
Event: 15340.766 GC heap before
{Heap before GC invocations=12 (full 0):
 garbage-first heap   total 262144K, used 47325K [0x00000000e0000000, 0x0000000100000000)
  region size 1024K, 12 young (12288K), 1 survivors (1024K)
 Metaspace       used 41320K, committed 43008K, reserved 393216K
  class space    used 6156K, committed 6976K, reserved 327680K
}
Event: 15341.094 GC heap after
{Heap after GC invocations=13 (full 0):
 garbage-first heap   total 262144K, used 35478K [0x00000000e0000000, 0x0000000100000000)
  region size 1024K, 1 young (1024K), 1 survivors (1024K)
 Metaspace       used 41320K, committed 43008K, reserved 393216K
  class space    used 6156K, committed 6976K, reserved 327680K
}
Event: 15342.835 GC heap before
{Heap before GC invocations=13 (full 0):
 garbage-first heap   total 262144K, used 46742K [0x00000000e0000000, 0x0000000100000000)
  region size 1024K, 12 young (12288K), 1 survivors (1024K)
 Metaspace       used 41320K, committed 43008K, reserved 393216K
  class space    used 6156K, committed 6976K, reserved 327680K
}
Event: 15343.073 GC heap after
{Heap after GC invocations=14 (full 0):
 garbage-first heap   total 262144K, used 35662K [0x00000000e0000000, 0x0000000100000000)
  region size 1024K, 1 young (1024K), 1 survivors (1024K)
 Metaspace       used 41320K, committed 43008K, reserved 393216K
  class space    used 6156K, committed 6976K, reserved 327680K
}
Event: 15345.056 GC heap before
{Heap before GC invocations=14 (full 0):
 garbage-first heap   total 262144K, used 46926K [0x00000000e0000000, 0x0000000100000000)
  region size 1024K, 12 young (12288K), 1 survivors (1024K)
 Metaspace       used 41320K, committed 43008K, reserved 393216K
  class space    used 6156K, committed 6976K, reserved 327680K
}

Dll operation events (20 events):
Event: 1.207 Attempting to load shared library C:\Users\pjoo6\.vscode\extensions\redhat.java-1.56.0-win32-x64\jre\21.0.12.1-win32-x86_64\bin\nio.dll
Event: 1.210 Loaded shared library C:\Users\pjoo6\.vscode\extensions\redhat.java-1.56.0-win32-x64\jre\21.0.12.1-win32-x86_64\bin\nio.dll
Event: 1.222 Attempting to load shared library C:\Users\pjoo6\.vscode\extensions\redhat.java-1.56.0-win32-x64\jre\21.0.12.1-win32-x86_64\bin\zip.dll
Event: 1.222 Loaded shared library C:\Users\pjoo6\.vscode\extensions\redhat.java-1.56.0-win32-x64\jre\21.0.12.1-win32-x86_64\bin\zip.dll
Event: 4.775 Attempting to load shared library C:\Users\pjoo6\.vscode\extensions\redhat.java-1.56.0-win32-x64\jre\21.0.12.1-win32-x86_64\bin\jimage.dll
Event: 4.775 Loaded shared library C:\Users\pjoo6\.vscode\extensions\redhat.java-1.56.0-win32-x64\jre\21.0.12.1-win32-x86_64\bin\jimage.dll
Event: 47.886 Attempting to load shared library C:\Users\pjoo6\.vscode\extensions\redhat.java-1.56.0-win32-x64\jre\21.0.12.1-win32-x86_64\bin\verify.dll
Event: 47.891 Loaded shared library C:\Users\pjoo6\.vscode\extensions\redhat.java-1.56.0-win32-x64\jre\21.0.12.1-win32-x86_64\bin\verify.dll
Event: 74.272 Attempting to load shared library C:\Users\pjoo6\.gradle\native\660c5614fbf4a5f2a75b1949f50a0caf5cd603558e7d8a26e50b933a0cfb79d1\windows-amd64\native-platform.dll
Event: 74.287 Loaded shared library C:\Users\pjoo6\.gradle\native\660c5614fbf4a5f2a75b1949f50a0caf5cd603558e7d8a26e50b933a0cfb79d1\windows-amd64\native-platform.dll
Event: 76.706 Attempting to load shared library C:\Users\pjoo6\.gradle\native\0.2.8\x86_64-windows-gnu\gradle-fileevents.dll
Event: 76.714 Loaded shared library C:\Users\pjoo6\.gradle\native\0.2.8\x86_64-windows-gnu\gradle-fileevents.dll
Event: 353.936 Attempting to load shared library C:\Users\pjoo6\.vscode\extensions\redhat.java-1.56.0-win32-x64\jre\21.0.12.1-win32-x86_64\bin\management.dll
Event: 353.960 Loaded shared library C:\Users\pjoo6\.vscode\extensions\redhat.java-1.56.0-win32-x64\jre\21.0.12.1-win32-x86_64\bin\management.dll
Event: 353.977 Attempting to load shared library C:\Users\pjoo6\.vscode\extensions\redhat.java-1.56.0-win32-x64\jre\21.0.12.1-win32-x86_64\bin\management_ext.dll
Event: 353.980 Loaded shared library C:\Users\pjoo6\.vscode\extensions\redhat.java-1.56.0-win32-x64\jre\21.0.12.1-win32-x86_64\bin\management_ext.dll
Event: 361.697 Attempting to load shared library C:\Users\pjoo6\.vscode\extensions\redhat.java-1.56.0-win32-x64\jre\21.0.12.1-win32-x86_64\bin\extnet.dll
Event: 361.699 Loaded shared library C:\Users\pjoo6\.vscode\extensions\redhat.java-1.56.0-win32-x64\jre\21.0.12.1-win32-x86_64\bin\extnet.dll
Event: 521.002 Attempting to load shared library C:\Users\pjoo6\.vscode\extensions\redhat.java-1.56.0-win32-x64\jre\21.0.12.1-win32-x86_64\bin\sunmscapi.dll
Event: 521.076 Loaded shared library C:\Users\pjoo6\.vscode\extensions\redhat.java-1.56.0-win32-x64\jre\21.0.12.1-win32-x86_64\bin\sunmscapi.dll

Deoptimization events (20 events):
Event: 15211.730 Thread 0x000002c7bb15db90 Uncommon trap: trap_request=0xffffffd6 fr.pc=0x000002c795ea382c relative=0x00000000000006ec
Event: 15211.730 Thread 0x000002c7bb15db90 Uncommon trap: reason=array_check action=maybe_recompile pc=0x000002c795ea382c method=java.util.ComparableTimSort.reverseRange([Ljava/lang/Object;II)V @ 20 c2
Event: 15211.730 Thread 0x000002c7bb15db90 DEOPT PACKING pc=0x000002c795ea382c sp=0x000000fa612fe1c0
Event: 15211.730 Thread 0x000002c7bb15db90 DEOPT UNPACKING pc=0x000002c795674422 sp=0x000000fa612fe170 mode 2
Event: 15211.730 Thread 0x000002c7bb15db90 Uncommon trap: trap_request=0xffffffd6 fr.pc=0x000002c795ea382c relative=0x00000000000006ec
Event: 15211.730 Thread 0x000002c7bb15db90 Uncommon trap: reason=array_check action=maybe_recompile pc=0x000002c795ea382c method=java.util.ComparableTimSort.reverseRange([Ljava/lang/Object;II)V @ 20 c2
Event: 15211.730 Thread 0x000002c7bb15db90 DEOPT PACKING pc=0x000002c795ea382c sp=0x000000fa612fe1c0
Event: 15211.730 Thread 0x000002c7bb15db90 DEOPT UNPACKING pc=0x000002c795674422 sp=0x000000fa612fe170 mode 2
Event: 15212.230 Thread 0x000002c7bb15db90 Uncommon trap: trap_request=0xffffff45 fr.pc=0x000002c795c9be1c relative=0x000000000000017c
Event: 15212.230 Thread 0x000002c7bb15db90 Uncommon trap: reason=unstable_if action=reinterpret pc=0x000002c795c9be1c method=java.util.concurrent.locks.ReentrantLock$NonfairSync.initialTryLock()Z @ 25 c2
Event: 15212.230 Thread 0x000002c7bb15db90 DEOPT PACKING pc=0x000002c795c9be1c sp=0x000000fa612fe900
Event: 15212.230 Thread 0x000002c7bb15db90 DEOPT UNPACKING pc=0x000002c795674422 sp=0x000000fa612fe8a0 mode 2
Event: 15214.561 Thread 0x000002c7bb15db90 Uncommon trap: trap_request=0xffffffd6 fr.pc=0x000002c795ea5bc8 relative=0x00000000000008e8
Event: 15214.561 Thread 0x000002c7bb15db90 Uncommon trap: reason=array_check action=maybe_recompile pc=0x000002c795ea5bc8 method=java.util.ComparableTimSort.reverseRange([Ljava/lang/Object;II)V @ 27 c2
Event: 15214.561 Thread 0x000002c7bb15db90 DEOPT PACKING pc=0x000002c795ea5bc8 sp=0x000000fa612fe1b0
Event: 15214.561 Thread 0x000002c7bb15db90 DEOPT UNPACKING pc=0x000002c795674422 sp=0x000000fa612fe170 mode 2
Event: 15214.561 Thread 0x000002c7bb15db90 Uncommon trap: trap_request=0xffffffd6 fr.pc=0x000002c795ea5bc8 relative=0x00000000000008e8
Event: 15214.561 Thread 0x000002c7bb15db90 Uncommon trap: reason=array_check action=maybe_recompile pc=0x000002c795ea5bc8 method=java.util.ComparableTimSort.reverseRange([Ljava/lang/Object;II)V @ 27 c2
Event: 15214.561 Thread 0x000002c7bb15db90 DEOPT PACKING pc=0x000002c795ea5bc8 sp=0x000000fa612fe1b0
Event: 15214.561 Thread 0x000002c7bb15db90 DEOPT UNPACKING pc=0x000002c795674422 sp=0x000000fa612fe170 mode 2

Classes loaded (20 events):
Event: 651.503 Loading class sun/reflect/generics/tree/BooleanSignature
Event: 651.503 Loading class sun/reflect/generics/tree/BooleanSignature done
Event: 651.529 Loading class org/xml/sax/SAXParseException
Event: 651.529 Loading class org/xml/sax/SAXParseException done
Event: 651.530 Loading class org/xml/sax/Locator
Event: 651.530 Loading class org/xml/sax/Locator done
Event: 651.754 Loading class org/xml/sax/Attributes
Event: 651.756 Loading class org/xml/sax/Attributes done
Event: 653.496 Loading class java/util/DualPivotQuicksort
Event: 653.497 Loading class java/util/DualPivotQuicksort done
Event: 653.667 Loading class java/util/function/LongUnaryOperator
Event: 653.667 Loading class java/util/function/LongUnaryOperator done
Event: 653.954 Loading class java/util/TreeMap$KeySpliterator
Event: 653.954 Loading class java/util/TreeMap$TreeMapSpliterator
Event: 653.954 Loading class java/util/TreeMap$TreeMapSpliterator done
Event: 653.954 Loading class java/util/TreeMap$KeySpliterator done
Event: 654.093 Loading class java/util/PrimitiveIterator$OfInt
Event: 654.095 Loading class java/util/PrimitiveIterator$OfInt done
Event: 654.207 Loading class java/security/CodeSigner
Event: 654.208 Loading class java/security/CodeSigner done

Classes unloaded (2 events):
Event: 563.973 Thread 0x000002c7a0cde910 Unloading class 0x000002c7a2002000 'java/lang/invoke/LambdaForm$MH+0x000002c7a2002000'
Event: 563.973 Thread 0x000002c7a0cde910 Unloading class 0x000002c7a2001c00 'java/lang/invoke/LambdaForm$MH+0x000002c7a2001c00'

Classes redefined (0 events):
No events

Internal exceptions (20 events):
Event: 645.156 Thread 0x000002c7bc127a80 Exception <a 'java/lang/NoSuchMethodError'{0x00000000edcd2900}: 'java.lang.Object java.lang.invoke.DelegatingMethodHandle$Holder.reinvoke_L(java.lang.Object, java.lang.Object, java.lang.Object, java.lang.Object, int, int)'> (0x00000000edcd2900) 
thrown [s\src\hotspot\share\interpreter\linkResolver.cpp, line 773]
Event: 645.189 Thread 0x000002c7bc127a80 Exception <a 'java/lang/ClassNotFoundException'{0x00000000edb4f9d8}: org/gradle/initialization/DefaultSettings_DecoratedBeanInfo> (0x00000000edb4f9d8) 
thrown [s\src\hotspot\share\classfile\systemDictionary.cpp, line 313]
Event: 645.191 Thread 0x000002c7bc127a80 Exception <a 'java/lang/ClassNotFoundException'{0x00000000edb5eb58}: org/gradle/initialization/DefaultSettingsBeanInfo> (0x00000000edb5eb58) 
thrown [s\src\hotspot\share\classfile\systemDictionary.cpp, line 313]
Event: 645.194 Thread 0x000002c7bc127a80 Exception <a 'java/lang/ClassNotFoundException'{0x00000000edb6da18}: org/gradle/initialization/DefaultSettingsCustomizer> (0x00000000edb6da18) 
thrown [s\src\hotspot\share\classfile\systemDictionary.cpp, line 313]
Event: 645.205 Thread 0x000002c7bc127a80 Exception <a 'java/lang/ClassNotFoundException'{0x00000000edbbb1b8}: org/gradle/initialization/DefaultSettings_DecoratedCustomizer> (0x00000000edbbb1b8) 
thrown [s\src\hotspot\share\classfile\systemDictionary.cpp, line 313]
Event: 645.246 Thread 0x000002c7bc127a80 Exception <a 'java/lang/ClassNotFoundException'{0x00000000eda715f8}: org/gradle/initialization/DefaultProjectDescriptorBeanInfo> (0x00000000eda715f8) 
thrown [s\src\hotspot\share\classfile\systemDictionary.cpp, line 313]
Event: 645.248 Thread 0x000002c7bc127a80 Exception <a 'java/lang/ClassNotFoundException'{0x00000000eda7f2c8}: org/gradle/initialization/DefaultProjectDescriptorCustomizer> (0x00000000eda7f2c8) 
thrown [s\src\hotspot\share\classfile\systemDictionary.cpp, line 313]
Event: 650.517 Thread 0x000002c7bc127a80 Exception <a 'java/lang/IncompatibleClassChangeError'{0x00000000ecebfe68}: Found class java.lang.Object, but interface was expected> (0x00000000ecebfe68) 
thrown [s\src\hotspot\share\interpreter\linkResolver.cpp, line 840]
Event: 650.681 Thread 0x000002c7bc127a80 Exception <a 'java/lang/ClassNotFoundException'{0x00000000ecd8e120}: org/gradle/internal/metaobject/ConfigureDelegateBeanInfo> (0x00000000ecd8e120) 
thrown [s\src\hotspot\share\classfile\systemDictionary.cpp, line 313]
Event: 650.681 Thread 0x000002c7bc127a80 Exception <a 'java/lang/ClassNotFoundException'{0x00000000ecd9ae40}: org/gradle/internal/metaobject/ConfigureDelegateCustomizer> (0x00000000ecd9ae40) 
thrown [s\src\hotspot\share\classfile\systemDictionary.cpp, line 313]
Event: 651.489 Thread 0x000002c7bc127a80 Exception <a 'java/lang/ClassNotFoundException'{0x00000000ecb26e50}: org/gradle/api/internal/project/DefaultProject_DecoratedBeanInfo> (0x00000000ecb26e50) 
thrown [s\src\hotspot\share\classfile\systemDictionary.cpp, line 313]
Event: 651.492 Thread 0x000002c7bc127a80 Exception <a 'java/lang/ClassNotFoundException'{0x00000000ecb339e0}: org/gradle/api/internal/project/DefaultProjectBeanInfo> (0x00000000ecb339e0) 
thrown [s\src\hotspot\share\classfile\systemDictionary.cpp, line 313]
Event: 651.493 Thread 0x000002c7bc127a80 Exception <a 'java/lang/ClassNotFoundException'{0x00000000ecb406b8}: org/gradle/api/internal/project/DefaultProjectCustomizer> (0x00000000ecb406b8) 
thrown [s\src\hotspot\share\classfile\systemDictionary.cpp, line 313]
Event: 651.524 Thread 0x000002c7bc127a80 Exception <a 'java/lang/ClassNotFoundException'{0x00000000ecbf6040}: org/gradle/api/internal/project/DefaultProject_DecoratedCustomizer> (0x00000000ecbf6040) 
thrown [s\src\hotspot\share\classfile\systemDictionary.cpp, line 313]
Event: 651.792 Thread 0x000002c7bc127a80 Exception <a 'java/lang/ClassNotFoundException'{0x00000000eca96b00}: org/gradle/configuration/internal/DefaultListenerBuildOperationDecorator$BuildOperationEmittingClosureBeanInfo> (0x00000000eca96b00) 
thrown [s\src\hotspot\share\classfile\systemDictionary.cpp, line 313]
Event: 651.794 Thread 0x000002c7bc127a80 Exception <a 'java/lang/ClassNotFoundException'{0x00000000ecaa59d0}: org/gradle/configuration/internal/DefaultListenerBuildOperationDecorator$BuildOperationEmittingClosureCustomizer> (0x00000000ecaa59d0) 
thrown [s\src\hotspot\share\classfile\systemDictionary.cpp, line 313]
Event: 652.789 Thread 0x000002c7bc127a80 Implicit null exception at 0x000002c795e047c2 to 0x000002c795e04c38
Event: 653.667 Thread 0x000002c7bc127a80 Exception <a 'java/lang/NoSuchMethodError'{0x00000000ec353f08}: 'long java.lang.invoke.DirectMethodHandle$Holder.invokeStatic(java.lang.Object, long)'> (0x00000000ec353f08) 
thrown [s\src\hotspot\share\interpreter\linkResolver.cpp, line 773]
Event: 653.955 Thread 0x000002c7bc127a80 Exception <a 'java/lang/IncompatibleClassChangeError'{0x00000000ec26a388}: Found class java.lang.Object, but interface was expected> (0x00000000ec26a388) 
thrown [s\src\hotspot\share\interpreter\linkResolver.cpp, line 840]
Event: 657.492 Thread 0x000002c7bc127a80 Exception <a 'java/lang/NoSuchMethodError'{0x00000000eba8f338}: 'void java.lang.invoke.DirectMethodHandle$Holder.invokeStatic(java.lang.Object, java.lang.Object, java.lang.Object, java.lang.Object, java.lang.Object, java.lang.Object)'> (0x00000000eba8f338) 
thrown [s\src\hotspot\share\interpreter\linkResolver.cpp, line 773]

ZGC Phase Switch (0 events):
No events

VM Operations (20 events):
Event: 15277.398 Executing safepoint VM operation: Cleanup done
Event: 15279.425 Executing safepoint VM operation: Cleanup
Event: 15279.568 Executing safepoint VM operation: Cleanup done
Event: 15285.080 Executing safepoint VM operation: G1CollectForAllocation (G1 Evacuation Pause)
Event: 15312.677 Executing safepoint VM operation: G1CollectForAllocation (G1 Evacuation Pause) done
Event: 15312.678 Executing safepoint VM operation: G1CollectForAllocation (G1 Evacuation Pause)
Event: 15316.740 Executing safepoint VM operation: G1CollectForAllocation (G1 Evacuation Pause) done
Event: 15317.754 Executing safepoint VM operation: Cleanup
Event: 15323.287 Executing safepoint VM operation: Cleanup done
Event: 15327.323 Executing safepoint VM operation: Cleanup
Event: 15329.357 Executing safepoint VM operation: Cleanup done
Event: 15330.372 Executing safepoint VM operation: Cleanup
Event: 15332.325 Executing safepoint VM operation: Cleanup done
Event: 15335.344 Executing safepoint VM operation: G1CollectForAllocation (G1 Evacuation Pause)
Event: 15337.883 Executing safepoint VM operation: G1CollectForAllocation (G1 Evacuation Pause) done
Event: 15338.561 Executing safepoint VM operation: G1CollectForAllocation (G1 Evacuation Pause)
Event: 15341.094 Executing safepoint VM operation: G1CollectForAllocation (G1 Evacuation Pause) done
Event: 15341.161 Executing safepoint VM operation: G1CollectForAllocation (G1 Evacuation Pause)
Event: 15343.073 Executing safepoint VM operation: G1CollectForAllocation (G1 Evacuation Pause) done
Event: 15343.139 Executing safepoint VM operation: G1CollectForAllocation (G1 Evacuation Pause)

Memory protections (0 events):
No events

Nmethod flushes (20 events):
Event: 591.275 Thread 0x000002c7a0cde910 flushing  nmethod 0x000002c78e309c10
Event: 591.275 Thread 0x000002c7a0cde910 flushing  nmethod 0x000002c78e30b510
Event: 591.275 Thread 0x000002c7a0cde910 flushing  nmethod 0x000002c78e30c910
Event: 591.275 Thread 0x000002c7a0cde910 flushing  nmethod 0x000002c78e3ac210
Event: 591.275 Thread 0x000002c7a0cde910 flushing  nmethod 0x000002c78e3b8990
Event: 591.275 Thread 0x000002c7a0cde910 flushing  nmethod 0x000002c78e3b9290
Event: 591.275 Thread 0x000002c7a0cde910 flushing  nmethod 0x000002c78e580990
Event: 591.275 Thread 0x000002c7a0cde910 flushing  nmethod 0x000002c78e581510
Event: 591.275 Thread 0x000002c7a0cde910 flushing osr nmethod 0x000002c78e582590
Event: 591.275 Thread 0x000002c7a0cde910 flushing  nmethod 0x000002c78e583e90
Event: 591.275 Thread 0x000002c7a0cde910 flushing  nmethod 0x000002c78e584290
Event: 591.275 Thread 0x000002c7a0cde910 flushing  nmethod 0x000002c78e584610
Event: 591.275 Thread 0x000002c7a0cde910 flushing  nmethod 0x000002c78e584a90
Event: 591.275 Thread 0x000002c7a0cde910 flushing  nmethod 0x000002c78e585b90
Event: 591.275 Thread 0x000002c7a0cde910 flushing  nmethod 0x000002c78e587090
Event: 591.275 Thread 0x000002c7a0cde910 flushing  nmethod 0x000002c78e5ae410
Event: 591.275 Thread 0x000002c7a0cde910 flushing  nmethod 0x000002c78e5ae710
Event: 591.275 Thread 0x000002c7a0cde910 flushing  nmethod 0x000002c78e5b0910
Event: 591.275 Thread 0x000002c7a0cde910 flushing  nmethod 0x000002c78e5b1090
Event: 591.275 Thread 0x000002c7a0cde910 flushing  nmethod 0x000002c78e60db10

Events (20 events):
Event: 537.238 Thread 0x000002c7bc127a80 Thread added: 0x000002c7bc126040
Event: 545.873 Thread 0x000002c7bc127a80 Thread added: 0x000002c7bc1266d0
Event: 546.151 Thread 0x000002c7bc127a80 Thread added: 0x000002c7bc125320
Event: 554.634 Thread 0x000002c7bc125320 Thread added: 0x000002c7bc124c90
Event: 555.896 Thread 0x000002c7bc127a80 Thread added: 0x000002c7bc124600
Event: 568.416 Thread 0x000002c7bc127a80 Thread added: 0x000002c7bc7ff6c0
Event: 569.311 Thread 0x000002c7bc127a80 Thread added: 0x000002c7bc7fe310
Event: 572.440 Thread 0x000002c7bc127a80 Thread added: 0x000002c7bc7fe9a0
Event: 572.670 Thread 0x000002c7bc127a80 Thread added: 0x000002c7bc7fdc80
Event: 573.470 Thread 0x000002c7bc127a80 Thread added: 0x000002c7bc7fcf60
Event: 573.912 Thread 0x000002c7bc127a80 Thread added: 0x000002c7bc8003e0
Event: 575.836 Thread 0x000002c7bc127a80 Thread added: 0x000002c7bc800a70
Event: 576.082 Thread 0x000002c7bc127a80 Thread added: 0x000002c7bc7fd5f0
Event: 580.925 Thread 0x000002c7bc127a80 Thread added: 0x000002c7bc801100
Event: 588.562 Thread 0x000002c7bc127a80 Thread added: 0x000002c7bc8031d0
Event: 590.329 Thread 0x000002c7b6029850 Thread added: 0x000002c7bd9e0c70
Event: 591.071 Thread 0x000002c7bd9e0c70 Thread exited: 0x000002c7bd9e0c70
Event: 602.779 Thread 0x000002c7bc127a80 Thread added: 0x000002c7bc803ef0
Event: 637.120 Thread 0x000002c7bc127a80 Thread added: 0x000002c7bc804580
Event: 719.059 Thread 0x000002c7bc124c90 Thread exited: 0x000002c7bc124c90


Dynamic libraries:
0x00007ff7ad5d0000 - 0x00007ff7ad5de000 	C:\Users\pjoo6\.vscode\extensions\redhat.java-1.56.0-win32-x64\jre\21.0.12.1-win32-x86_64\bin\java.exe
0x00007ffe85b40000 - 0x00007ffe85da7000 	C:\WINDOWS\SYSTEM32\ntdll.dll
0x00007ffe83fa0000 - 0x00007ffe8406b000 	C:\WINDOWS\System32\KERNEL32.DLL
0x00007ffe83450000 - 0x00007ffe83852000 	C:\WINDOWS\System32\KERNELBASE.dll
0x00007ffe831a0000 - 0x00007ffe832ec000 	C:\WINDOWS\System32\ucrtbase.dll
0x00007ffe63b40000 - 0x00007ffe63b58000 	C:\Users\pjoo6\.vscode\extensions\redhat.java-1.56.0-win32-x64\jre\21.0.12.1-win32-x86_64\bin\jli.dll
0x00007ffe84370000 - 0x00007ffe8453f000 	C:\WINDOWS\System32\USER32.dll
0x00007ffe83170000 - 0x00007ffe83197000 	C:\WINDOWS\System32\win32u.dll
0x00007ffe84190000 - 0x00007ffe841bb000 	C:\WINDOWS\System32\GDI32.dll
0x00007ffe82eb0000 - 0x00007ffe82fd9000 	C:\WINDOWS\System32\gdi32full.dll
0x00007ffe82d40000 - 0x00007ffe82de3000 	C:\WINDOWS\System32\msvcp_win.dll
0x00007ffe63b60000 - 0x00007ffe63b7e000 	C:\Users\pjoo6\.vscode\extensions\redhat.java-1.56.0-win32-x64\jre\21.0.12.1-win32-x86_64\bin\VCRUNTIME140.dll
0x00007ffe59f50000 - 0x00007ffe5a1e0000 	C:\WINDOWS\WinSxS\amd64_microsoft.windows.common-controls_6595b64144ccf1df_6.0.26100.9278_none_3e0d1ba8e3303201\COMCTL32.dll
0x00007ffe847b0000 - 0x00007ffe84859000 	C:\WINDOWS\System32\msvcrt.dll
0x00007ffe841c0000 - 0x00007ffe841f1000 	C:\WINDOWS\System32\IMM32.DLL
0x00007ffe63b30000 - 0x00007ffe63b3c000 	C:\Users\pjoo6\.vscode\extensions\redhat.java-1.56.0-win32-x64\jre\21.0.12.1-win32-x86_64\bin\vcruntime140_1.dll
0x00007ffe63aa0000 - 0x00007ffe63b2d000 	C:\Users\pjoo6\.vscode\extensions\redhat.java-1.56.0-win32-x64\jre\21.0.12.1-win32-x86_64\bin\msvcp140.dll
0x00007ffdaaf20000 - 0x00007ffdabcc2000 	C:\Users\pjoo6\.vscode\extensions\redhat.java-1.56.0-win32-x64\jre\21.0.12.1-win32-x86_64\bin\server\jvm.dll
0x00007ffe83a90000 - 0x00007ffe83b4c000 	C:\WINDOWS\System32\ADVAPI32.dll
0x00007ffe84630000 - 0x00007ffe846d9000 	C:\WINDOWS\System32\sechost.dll
0x00007ffe84070000 - 0x00007ffe84188000 	C:\WINDOWS\System32\RPCRT4.dll
0x00007ffe849b0000 - 0x00007ffe84a30000 	C:\WINDOWS\System32\WS2_32.dll
0x00007ffe82ba0000 - 0x00007ffe82bfe000 	C:\WINDOWS\SYSTEM32\POWRPROF.dll
0x00007ffe77900000 - 0x00007ffe77936000 	C:\WINDOWS\SYSTEM32\WINMM.dll
0x00007ffe6dff0000 - 0x00007ffe6dffb000 	C:\WINDOWS\SYSTEM32\VERSION.dll
0x00007ffe82b80000 - 0x00007ffe82b95000 	C:\WINDOWS\SYSTEM32\UMPDC.dll
0x00007ffe81a10000 - 0x00007ffe81a2b000 	C:\WINDOWS\SYSTEM32\kernel.appcore.dll
0x00007ffe63a90000 - 0x00007ffe63a9a000 	C:\Users\pjoo6\.vscode\extensions\redhat.java-1.56.0-win32-x64\jre\21.0.12.1-win32-x86_64\bin\jimage.dll
0x00007ffe80280000 - 0x00007ffe804cc000 	C:\WINDOWS\SYSTEM32\DBGHELP.DLL
0x00007ffe83b60000 - 0x00007ffe83ee5000 	C:\WINDOWS\System32\combase.dll
0x00007ffe84550000 - 0x00007ffe84629000 	C:\WINDOWS\System32\OLEAUT32.dll
0x00007ffe58920000 - 0x00007ffe5895b000 	C:\WINDOWS\SYSTEM32\dbgcore.DLL
0x00007ffe83300000 - 0x00007ffe833ac000 	C:\WINDOWS\System32\bcryptPrimitives.dll
0x00007ffe5c060000 - 0x00007ffe5c06f000 	C:\Users\pjoo6\.vscode\extensions\redhat.java-1.56.0-win32-x64\jre\21.0.12.1-win32-x86_64\bin\instrument.dll
0x00007ffe638f0000 - 0x00007ffe63910000 	C:\Users\pjoo6\.vscode\extensions\redhat.java-1.56.0-win32-x64\jre\21.0.12.1-win32-x86_64\bin\java.dll
0x00007ffe84ba0000 - 0x00007ffe85338000 	C:\WINDOWS\System32\SHELL32.dll
0x00007ffe80770000 - 0x00007ffe8101e000 	C:\WINDOWS\SYSTEM32\windows.storage.dll
0x00007ffe84200000 - 0x00007ffe842fb000 	C:\WINDOWS\System32\SHCORE.dll
0x00007ffe84300000 - 0x00007ffe84366000 	C:\WINDOWS\System32\shlwapi.dll
0x00007ffe82c60000 - 0x00007ffe82c89000 	C:\WINDOWS\SYSTEM32\profapi.dll
0x00007ffe638d0000 - 0x00007ffe638e8000 	C:\Users\pjoo6\.vscode\extensions\redhat.java-1.56.0-win32-x64\jre\21.0.12.1-win32-x86_64\bin\zip.dll
0x00007ffe63a80000 - 0x00007ffe63a90000 	C:\Users\pjoo6\.vscode\extensions\redhat.java-1.56.0-win32-x64\jre\21.0.12.1-win32-x86_64\bin\net.dll
0x00007ffe76d70000 - 0x00007ffe76e9a000 	C:\WINDOWS\SYSTEM32\WINHTTP.dll
0x00007ffe81fd0000 - 0x00007ffe8203c000 	C:\WINDOWS\system32\mswsock.dll
0x00007ffe63820000 - 0x00007ffe63836000 	C:\Users\pjoo6\.vscode\extensions\redhat.java-1.56.0-win32-x64\jre\21.0.12.1-win32-x86_64\bin\nio.dll
0x00007ffe5c1d0000 - 0x00007ffe5c1e0000 	C:\Users\pjoo6\.vscode\extensions\redhat.java-1.56.0-win32-x64\jre\21.0.12.1-win32-x86_64\bin\verify.dll
0x00007ffe5c1f0000 - 0x00007ffe5c217000 	C:\Users\pjoo6\.gradle\native\660c5614fbf4a5f2a75b1949f50a0caf5cd603558e7d8a26e50b933a0cfb79d1\windows-amd64\native-platform.dll
0x00007ffe25f70000 - 0x00007ffe25fe7000 	C:\Users\pjoo6\.gradle\native\0.2.8\x86_64-windows-gnu\gradle-fileevents.dll
0x00007ffe5c1e0000 - 0x00007ffe5c1ea000 	C:\Users\pjoo6\.vscode\extensions\redhat.java-1.56.0-win32-x64\jre\21.0.12.1-win32-x86_64\bin\management.dll
0x00007ffe5c130000 - 0x00007ffe5c13c000 	C:\Users\pjoo6\.vscode\extensions\redhat.java-1.56.0-win32-x64\jre\21.0.12.1-win32-x86_64\bin\management_ext.dll
0x00007ffe85400000 - 0x00007ffe85408000 	C:\WINDOWS\System32\PSAPI.DLL
0x00007ffe81390000 - 0x00007ffe813c3000 	C:\WINDOWS\SYSTEM32\IPHLPAPI.DLL
0x00007ffe847a0000 - 0x00007ffe847aa000 	C:\WINDOWS\System32\NSI.dll
0x00007ffe63d20000 - 0x00007ffe63d29000 	C:\Users\pjoo6\.vscode\extensions\redhat.java-1.56.0-win32-x64\jre\21.0.12.1-win32-x86_64\bin\extnet.dll
0x00007ffe822e0000 - 0x00007ffe822fb000 	C:\WINDOWS\SYSTEM32\CRYPTSP.dll
0x00007ffe81970000 - 0x00007ffe819a9000 	C:\WINDOWS\system32\rsaenh.dll
0x00007ffe82080000 - 0x00007ffe820b4000 	C:\WINDOWS\SYSTEM32\USERENV.dll
0x00007ffe82c30000 - 0x00007ffe82c5a000 	C:\WINDOWS\SYSTEM32\bcrypt.dll
0x00007ffe822c0000 - 0x00007ffe822cc000 	C:\WINDOWS\SYSTEM32\CRYPTBASE.dll
0x00007ffe3a480000 - 0x00007ffe3a48e000 	C:\Users\pjoo6\.vscode\extensions\redhat.java-1.56.0-win32-x64\jre\21.0.12.1-win32-x86_64\bin\sunmscapi.dll
0x00007ffe82fe0000 - 0x00007ffe8315e000 	C:\WINDOWS\System32\CRYPT32.dll
0x00007ffe82500000 - 0x00007ffe82530000 	C:\WINDOWS\SYSTEM32\ncrypt.dll
0x00007ffe824b0000 - 0x00007ffe824ef000 	C:\WINDOWS\SYSTEM32\NTASN1.dll
0x00007ffe50a60000 - 0x00007ffe50a68000 	C:\WINDOWS\system32\wshunix.dll

JVMTI agents:
C:\Users\pjoo6\.gradle\wrapper\dists\gradle-9.7.1-bin\1w1c7tv4s851m17nbqdsro2tv\gradle-9.7.1\lib\agents\gradle-instrumentation-agent-9.7.1.jar path:C:\Users\pjoo6\.vscode\extensions\redhat.java-1.56.0-win32-x64\jre\21.0.12.1-win32-x86_64\bin\instrument.dll, loaded, initialized, instrumentlib options:none

dbghelp: loaded successfully - version: 4.0.5 - missing functions: none
symbol engine: initialized successfully - sym options: 0x614 - pdb path: .;C:\Users\pjoo6\.vscode\extensions\redhat.java-1.56.0-win32-x64\jre\21.0.12.1-win32-x86_64\bin;C:\WINDOWS\SYSTEM32;C:\WINDOWS\WinSxS\amd64_microsoft.windows.common-controls_6595b64144ccf1df_6.0.26100.9278_none_3e0d1ba8e3303201;C:\Users\pjoo6\.vscode\extensions\redhat.java-1.56.0-win32-x64\jre\21.0.12.1-win32-x86_64\bin\server;C:\Users\pjoo6\.gradle\native\660c5614fbf4a5f2a75b1949f50a0caf5cd603558e7d8a26e50b933a0cfb79d1\windows-amd64;C:\Users\pjoo6\.gradle\native\0.2.8\x86_64-windows-gnu

VM Arguments:
jvm_args: --add-opens=java.base/java.lang=ALL-UNNAMED --add-opens=java.base/java.lang.invoke=ALL-UNNAMED --add-opens=java.base/java.util=ALL-UNNAMED --add-opens=java.prefs/java.util.prefs=ALL-UNNAMED --add-exports=jdk.compiler/com.sun.tools.javac.api=ALL-UNNAMED --add-exports=jdk.compiler/com.sun.tools.javac.util=ALL-UNNAMED --add-opens=java.base/java.nio.charset=ALL-UNNAMED --add-opens=java.base/java.net=ALL-UNNAMED --add-opens=java.base/java.util.concurrent=ALL-UNNAMED --add-opens=java.base/java.util.concurrent.atomic=ALL-UNNAMED --add-opens=java.xml/javax.xml.namespace=ALL-UNNAMED --add-opens=java.base/java.time=ALL-UNNAMED -XX:MaxMetaspaceSize=384m -XX:+HeapDumpOnOutOfMemoryError -Xms256m -Xmx512m -Dfile.encoding=UTF-8 -Duser.country=KR -Duser.language=ko -Duser.variant -javaagent:C:\Users\pjoo6\.gradle\wrapper\dists\gradle-9.7.1-bin\1w1c7tv4s851m17nbqdsro2tv\gradle-9.7.1\lib\agents\gradle-instrumentation-agent-9.7.1.jar 
java_command: org.gradle.launcher.daemon.bootstrap.GradleDaemon 9.7.1
java_class_path (initial): C:\Users\pjoo6\.gradle\wrapper\dists\gradle-9.7.1-bin\1w1c7tv4s851m17nbqdsro2tv\gradle-9.7.1\lib\gradle-daemon-main-9.7.1.jar
Launcher Type: SUN_STANDARD

[Global flags]
     intx CICompilerCount                          = 4                                         {product} {ergonomic}
   size_t CompressedClassSpaceSize                 = 335544320                                 {product} {ergonomic}
     uint ConcGCThreads                            = 3                                         {product} {ergonomic}
     uint G1ConcRefinementThreads                  = 10                                        {product} {ergonomic}
   size_t G1HeapRegionSize                         = 1048576                                   {product} {ergonomic}
    uintx GCDrainStackTargetSize                   = 64                                        {product} {ergonomic}
     bool HeapDumpOnOutOfMemoryError               = true                                   {manageable} {command line}
   size_t InitialHeapSize                          = 268435456                                 {product} {command line}
   size_t MarkStackSize                            = 4194304                                   {product} {ergonomic}
   size_t MaxHeapSize                              = 536870912                                 {product} {command line}
   size_t MaxMetaspaceSize                         = 402653184                                 {product} {command line}
   size_t MaxNewSize                               = 321912832                                 {product} {ergonomic}
   size_t MinHeapDeltaBytes                        = 1048576                                   {product} {ergonomic}
   size_t MinHeapSize                              = 268435456                                 {product} {command line}
    uintx NonNMethodCodeHeapSize                   = 5839372                                {pd product} {ergonomic}
    uintx NonProfiledCodeHeapSize                  = 122909434                              {pd product} {ergonomic}
    uintx ProfiledCodeHeapSize                     = 122909434                              {pd product} {ergonomic}
    uintx ReservedCodeCacheSize                    = 251658240                              {pd product} {ergonomic}
     bool SegmentedCodeCache                       = true                                      {product} {ergonomic}
   size_t SoftMaxHeapSize                          = 536870912                              {manageable} {ergonomic}
     bool UseCompressedOops                        = true                           {product lp64_product} {ergonomic}
     bool UseG1GC                                  = true                                      {product} {ergonomic}
     bool UseLargePagesIndividualAllocation        = false                                  {pd product} {ergonomic}

Logging:
Log output configuration:
 #0: stdout all=warning uptime,level,tags foldmultilines=false
 #1: stderr all=off uptime,level,tags foldmultilines=false

Release file:
JAVA_VERSION="21.0.12.1" 
MODULES="java.base java.compiler java.datatransfer java.xml java.prefs java.desktop java.instrument java.logging java.management java.security.sasl java.naming java.rmi java.management.rmi java.net.http java.scripting java.security.jgss java.transaction.xa java.sql java.sql.rowset java.xml.crypto java.se java.smartcardio jdk.accessibility jdk.internal.jvmstat jdk.attach jdk.charsets jdk.internal.opt jdk.zipfs jdk.compiler jdk.crypto.ec jdk.crypto.cryptoki jdk.crypto.mscapi jdk.dynalink jdk.internal.ed jdk.editpad jdk.hotspot.agent jdk.httpserver jdk.internal.le jdk.internal.vm.ci jdk.internal.vm.compiler jdk.internal.vm.compiler.management jdk.jartool jdk.javadoc jdk.jcmd jdk.management jdk.management.agent jdk.jconsole jdk.jdeps jdk.jdwp.agent jdk.jdi jdk.jfr jdk.jshell jdk.jsobject jdk.jstatd jdk.localedata jdk.management.jfr jdk.naming.dns jdk.naming.rmi jdk.net jdk.nio.mapmode jdk.random jdk.sctp jdk.security.auth jdk.security.jgss jdk.unsupported jdk.unsupported.desktop jdk.xml.dom" 

Environment Variables:
JAVA_HOME=C:\Program Files\Eclipse Adoptium\jdk-21.0.12.101-hotspot\
PATH=C:\Program Files\Eclipse Adoptium\jdk-21.0.12.101-hotspot\bin;C:\Program Files\Common Files\Oracle\Java\javapath;C:\windows\system32;C:\windows;C:\windows\System32\Wbem;C:\windows\System32\WindowsPowerShell\v1.0\;C:\windows\System32\OpenSSH\;C:\WINDOWS\system32;C:\WINDOWS;C:\WINDOWS\System32\Wbem;C:\WINDOWS\System32\WindowsPowerShell\v1.0\;C:\WINDOWS\System32\OpenSSH\;C:\Program Files (x86)\IncrediBuild;C:\Program Files\Git\cmd;C:\Program Files\dotnet\;C:\Program Files\nodejs\;C:\Program Files (x86)\cloudflared\;C:\Users\pjoo6\AppData\Local\Programs\Python\Python39\Scripts\;C:\Users\pjoo6\AppData\Local\Programs\Python\Python39\;C:\Users\pjoo6\AppData\Local\Microsoft\WindowsApps;C:\Users\pjoo6\OneDrive\πŸ≈¡ »≠∏È\opencv\build\x64\vc15\bin;C:\Users\pjoo6\AppData\Local\Programs\Microsoft VS Code\bin;C:\Users\pjoo6\AppData\Roaming\npm
USERNAME=pjoo6
OS=Windows_NT
PROCESSOR_IDENTIFIER=Intel64 Family 6 Model 186 Stepping 3, GenuineIntel
TMP=C:\Users\pjoo6\AppData\Local\Temp
TEMP=C:\Users\pjoo6\AppData\Local\Temp




Periodic native trim disabled

---------------  S Y S T E M  ---------------

OS:
 Windows 11 , 64 bit Build 26100 (10.0.26100.9444)
OS uptime: 0 days 5:12 hours
Hyper-V role detected

CPU: total 12 (initial active 12) (6 cores per cpu, 2 threads per core) family 6 model 186 stepping 3 microcode 0x6134, cx8, cmov, fxsr, ht, mmx, 3dnowpref, sse, sse2, sse3, ssse3, sse4.1, sse4.2, popcnt, lzcnt, tsc, tscinvbit, avx, avx2, aes, erms, clmul, bmi1, bmi2, adx, sha, fma, vzeroupper, clflush, clflushopt, clwb, hv, serialize, rdtscp, rdpid, fsrm, f16c, cet_ibt, cet_ss
Processor Information for the first 12 processors :
  Max Mhz: 1300, Current Mhz: 1300, Mhz Limit: 1300

Memory: 4k page, system-wide physical 16027M (206M free)
TotalPageFile size 65179M (AvailPageFile size 0M)
current process WorkingSet (physical memory assigned to process): 32M, peak: 287M
current process commit charge ("private bytes"): 454M, peak: 549M

vm_info: OpenJDK 64-Bit Server VM (21.0.12.1+1-LTS) for windows-amd64 JRE (21.0.12.1+1-LTS), built on 2026-08-18T00:00:00Z by "admin" with MS VC++ 17.12 (VS2022)

END.
