#
# There is insufficient memory for the Java Runtime Environment to continue.
# Native memory allocation (mmap) failed to map 36700160 bytes. Error detail: G1 virtual space
# Possible reasons:
#   The system is out of physical RAM or swap space
#   This process is running with CompressedOops enabled, and the Java Heap may be blocking the growth of the native heap
# Possible solutions:
#   Reduce memory load on the system
#   Increase physical memory or swap space
#   Check if swap backing store is full
#   Decrease Java heap size (-Xmx/-Xms)
#   Decrease number of Java threads
#   Decrease Java thread stack sizes (-Xss)
#   Set larger code cache with -XX:ReservedCodeCacheSize=
#   JVM is running with Unscaled Compressed Oops mode in which the Java heap is
#     placed in the first 4GB address space. The Java Heap base address is the
#     maximum limit for the native heap growth. Please use -XX:HeapBaseMinAddress
#     to set the Java Heap base and to place the Java Heap above 4GB virtual address.
# This output file may be truncated or incomplete.
#
#  Out of Memory Error (os_windows.cpp:3732), pid=31448, tid=31804
#
# JRE version: OpenJDK Runtime Environment Temurin-21.0.12.1+1 (21.0.12.1+1) (build 21.0.12.1+1-LTS)
# Java VM: OpenJDK 64-Bit Server VM Temurin-21.0.12.1+1 (21.0.12.1+1-LTS, mixed mode, sharing, tiered, compressed oops, compressed class ptrs, g1 gc, windows-amd64)
# No core dump will be written. Minidumps are not enabled by default on client versions of Windows
#

---------------  S U M M A R Y ------------

Command Line: --add-opens=java.base/java.lang=ALL-UNNAMED --add-opens=java.base/java.lang.invoke=ALL-UNNAMED --add-opens=java.base/java.util=ALL-UNNAMED --add-opens=java.prefs/java.util.prefs=ALL-UNNAMED --add-exports=jdk.compiler/com.sun.tools.javac.api=ALL-UNNAMED --add-exports=jdk.compiler/com.sun.tools.javac.util=ALL-UNNAMED --add-opens=java.base/java.nio.charset=ALL-UNNAMED --add-opens=java.base/java.net=ALL-UNNAMED --add-opens=java.base/java.util.concurrent=ALL-UNNAMED --add-opens=java.base/java.util.concurrent.atomic=ALL-UNNAMED --add-opens=java.xml/javax.xml.namespace=ALL-UNNAMED --add-opens=java.base/java.time=ALL-UNNAMED -XX:MaxMetaspaceSize=384m -XX:+HeapDumpOnOutOfMemoryError -Xms256m -Xmx512m -Dfile.encoding=UTF-8 -Duser.country=KR -Duser.language=ko -Duser.variant -javaagent:C:\Users\pjoo6\.gradle\wrapper\dists\gradle-9.7.1-bin\1w1c7tv4s851m17nbqdsro2tv\gradle-9.7.1\lib\agents\gradle-instrumentation-agent-9.7.1.jar org.gradle.launcher.daemon.bootstrap.GradleDaemon 9.7.1

Host: 13th Gen Intel(R) Core(TM) i5-1335U, 12 cores, 15G,  Windows 11 , 64 bit Build 26100 (10.0.26100.9444)
Time: Tue Oct  6 02:09:48 2026 elapsed time: 15362.218154 seconds (0d 4h 16m 2s)

---------------  T H R E A D  ---------------

Current thread (0x0000027391a753d0):  VMThread "VM Thread"          [id=31804, stack(0x000000b7a3d00000,0x000000b7a3e00000) (1024K)]

Stack: [0x000000b7a3d00000,0x000000b7a3e00000]
Native frames: (J=compiled Java code, j=interpreted, Vv=VM code, C=native code)
V  [jvm.dll+0x6d83e9]
V  [jvm.dll+0x8b5736]
V  [jvm.dll+0x8b7cee]
V  [jvm.dll+0x8b83d3]
V  [jvm.dll+0x284596]
V  [jvm.dll+0x6d4d05]
V  [jvm.dll+0x6c898a]
V  [jvm.dll+0x35f2f8]
V  [jvm.dll+0x366f36]
V  [jvm.dll+0x3b804e]
V  [jvm.dll+0x3b82f8]
V  [jvm.dll+0x33320c]
V  [jvm.dll+0x33329a]
V  [jvm.dll+0x377382]
V  [jvm.dll+0x375b1a]
V  [jvm.dll+0x332951]
V  [jvm.dll+0x37517a]
V  [jvm.dll+0x8be0c0]
V  [jvm.dll+0x8bf434]
V  [jvm.dll+0x8bf960]
V  [jvm.dll+0x8bfc03]
V  [jvm.dll+0x8600cd]
V  [jvm.dll+0x6d6c1d]
C  [ucrtbase.dll+0x2cd30]
C  [KERNEL32.DLL+0x2cd87]
C  [ntdll.dll+0xacaec]

VM_Operation (0x000000b7a4efe5a0): G1CollectForAllocation, mode: safepoint, requested by thread 0x0000027391df2970


---------------  P R O C E S S  ---------------

Threads class SMR info:
_java_thread_list=0x00000273ae919d80, length=36, elements={
0x00000273fbc10100, 0x0000027391a8dec0, 0x0000027391aa4090, 0x0000027391aa69c0,
0x0000027391aa9430, 0x0000027391aa9e90, 0x0000027391aaa8f0, 0x0000027391aab680,
0x0000027391aac120, 0x0000027391b25660, 0x0000027391c66030, 0x0000027391df2970,
0x00000273ac5c2f00, 0x00000273ab90fed0, 0x00000273ab9ae3d0, 0x00000273aba37f60,
0x00000273accc8c70, 0x00000273abb80620, 0x00000273ab92d3e0, 0x00000273ab92c6c0,
0x00000273ab92da70, 0x00000273ab92e100, 0x00000273ab92e790, 0x00000273ab92b310,
0x00000273acfa6140, 0x00000273acfa8210, 0x00000273acfa74f0, 0x00000273acfa7b80,
0x00000273acfa88a0, 0x00000273acfa5420, 0x00000273acfa8f30, 0x00000273acfa67d0,
0x00000273acfa6e60, 0x00000273acfa5ab0, 0x00000273acfac3b0, 0x00000273acfa9c50
}

Java Threads: ( => current thread )
  0x00000273fbc10100 JavaThread "main"                              [_thread_blocked, id=31708, stack(0x000000b7a3600000,0x000000b7a3700000) (1024K)]
  0x0000027391a8dec0 JavaThread "Reference Handler"          daemon [_thread_blocked, id=31840, stack(0x000000b7a3e00000,0x000000b7a3f00000) (1024K)]
  0x0000027391aa4090 JavaThread "Finalizer"                  daemon [_thread_blocked, id=31844, stack(0x000000b7a3f00000,0x000000b7a4000000) (1024K)]
  0x0000027391aa69c0 JavaThread "Signal Dispatcher"          daemon [_thread_blocked, id=31848, stack(0x000000b7a4000000,0x000000b7a4100000) (1024K)]
  0x0000027391aa9430 JavaThread "Attach Listener"            daemon [_thread_blocked, id=31852, stack(0x000000b7a4100000,0x000000b7a4200000) (1024K)]
  0x0000027391aa9e90 JavaThread "Service Thread"             daemon [_thread_blocked, id=31856, stack(0x000000b7a4200000,0x000000b7a4300000) (1024K)]
  0x0000027391aaa8f0 JavaThread "Monitor Deflation Thread"   daemon [_thread_blocked, id=31860, stack(0x000000b7a4300000,0x000000b7a4400000) (1024K)]
  0x0000027391aab680 JavaThread "C2 CompilerThread0"         daemon [_thread_blocked, id=31864, stack(0x000000b7a4400000,0x000000b7a4500000) (1024K)]
  0x0000027391aac120 JavaThread "C1 CompilerThread0"         daemon [_thread_blocked, id=31868, stack(0x000000b7a4500000,0x000000b7a4600000) (1024K)]
  0x0000027391b25660 JavaThread "Common-Cleaner"             daemon [_thread_blocked, id=31944, stack(0x000000b7a4600000,0x000000b7a4700000) (1024K)]
  0x0000027391c66030 JavaThread "Notification Thread"        daemon [_thread_blocked, id=32348, stack(0x000000b7a4700000,0x000000b7a4800000) (1024K)]
  0x0000027391df2970 JavaThread "Daemon health stats"               [_thread_blocked, id=26144, stack(0x000000b7a4e00000,0x000000b7a4f00000) (1024K)]
  0x00000273ac5c2f00 JavaThread "Incoming local TCP Connector on port 49779"        [_thread_in_native, id=33076, stack(0x000000b7a5000000,0x000000b7a5100000) (1024K)]
  0x00000273ab90fed0 JavaThread "Daemon periodic checks"            [_thread_blocked, id=35036, stack(0x000000b7a5100000,0x000000b7a5200000) (1024K)]
  0x00000273ab9ae3d0 JavaThread "Daemon"                            [_thread_blocked, id=24408, stack(0x000000b7a4d00000,0x000000b7a4e00000) (1024K)]
  0x00000273aba37f60 JavaThread "Handler for socket connection from /127.0.0.1:49779 to /127.0.0.1:52856"        [_thread_in_native, id=24716, stack(0x000000b7a4f00000,0x000000b7a5000000) (1024K)]
  0x00000273accc8c70 JavaThread "Cancel handler"                    [_thread_blocked, id=19904, stack(0x000000b7a5200000,0x000000b7a5300000) (1024K)]
  0x00000273abb80620 JavaThread "Daemon worker"                     [_thread_blocked, id=35488, stack(0x000000b7a5300000,0x000000b7a5400000) (1024K)]
  0x00000273ab92d3e0 JavaThread "Asynchronous log dispatcher for DefaultDaemonConnection: socket connection from /127.0.0.1:49779 to /127.0.0.1:52856"        [_thread_blocked, id=2904, stack(0x000000b7a5400000,0x000000b7a5500000) (1024K)]
  0x00000273ab92c6c0 JavaThread "Stdin handler"                     [_thread_blocked, id=31252, stack(0x000000b7a5500000,0x000000b7a5600000) (1024K)]
  0x00000273ab92da70 JavaThread "Daemon client event forwarder"        [_thread_blocked, id=29116, stack(0x000000b7a5600000,0x000000b7a5700000) (1024K)]
  0x00000273ab92e100 JavaThread "Cache worker for journal cache (C:\Users\pjoo6\.gradle\caches\journal-1)"        [_thread_blocked, id=35700, stack(0x000000b7a4b00000,0x000000b7a4c00000) (1024K)]
  0x00000273ab92e790 JavaThread "File lock request listener"        [_thread_in_native, id=31196, stack(0x000000b7a4c00000,0x000000b7a4d00000) (1024K)]
  0x00000273ab92b310 JavaThread "Cache worker for file hash cache (C:\Users\pjoo6\.gradle\caches\9.7.1\fileHashes)"        [_thread_blocked, id=18384, stack(0x000000b7a5800000,0x000000b7a5900000) (1024K)]
  0x00000273acfa6140 JavaThread "Cache worker for file hash cache (C:\RegularProject1\oncare_backend\.gradle\9.7.1\fileHashes)"        [_thread_blocked, id=30852, stack(0x000000b7a5f00000,0x000000b7a6000000) (1024K)]
  0x00000273acfa8210 JavaThread "Cache worker for Build Output Cleanup Cache (C:\RegularProject1\oncare_backend\.gradle\buildOutputCleanup)"        [_thread_blocked, id=33384, stack(0x000000b7a6000000,0x000000b7a6100000) (1024K)]
  0x00000273acfa74f0 JavaThread "File watcher server"        daemon [_thread_in_native, id=26968, stack(0x000000b7a6100000,0x000000b7a6200000) (1024K)]
  0x00000273acfa7b80 JavaThread "File watcher consumer"      daemon [_thread_blocked, id=2208, stack(0x000000b7a6200000,0x000000b7a6300000) (1024K)]
  0x00000273acfa88a0 JavaThread "Cache worker for file content cache (C:\Users\pjoo6\.gradle\caches\9.7.1\fileContent)"        [_thread_blocked, id=33980, stack(0x000000b7a6300000,0x000000b7a6400000) (1024K)]
  0x00000273acfa5420 JavaThread "Cache worker for checksums cache (C:\RegularProject1\oncare_backend\.gradle\9.7.1\checksums)"        [_thread_blocked, id=23008, stack(0x000000b7a6400000,0x000000b7a6500000) (1024K)]
  0x00000273acfa8f30 JavaThread "Cache worker for cache directory md-supplier (C:\Users\pjoo6\.gradle\caches\9.7.1\md-supplier)"        [_thread_blocked, id=32036, stack(0x000000b7a6500000,0x000000b7a6600000) (1024K)]
  0x00000273acfa67d0 JavaThread "Cache worker for cache directory md-rule (C:\Users\pjoo6\.gradle\caches\9.7.1\md-rule)"        [_thread_blocked, id=15068, stack(0x000000b7a6600000,0x000000b7a6700000) (1024K)]
  0x00000273acfa6e60 JavaThread "jar transforms"                    [_thread_blocked, id=27340, stack(0x000000b7a6700000,0x000000b7a6800000) (1024K)]
  0x00000273acfa5ab0 JavaThread "jar transforms Thread 2"           [_thread_blocked, id=41488, stack(0x000000b7a6a00000,0x000000b7a6b00000) (1024K)]
  0x00000273acfac3b0 JavaThread "jar transforms Thread 3"           [_thread_blocked, id=12312, stack(0x000000b7a6b00000,0x000000b7a6c00000) (1024K)]
  0x00000273acfa9c50 JavaThread "jar transforms Thread 4"           [_thread_blocked, id=28920, stack(0x000000b7a6800000,0x000000b7a6900000) (1024K)]
Total: 36

Other Threads:
=>0x0000027391a753d0 VMThread "VM Thread"                           [id=31804, stack(0x000000b7a3d00000,0x000000b7a3e00000) (1024K)]
  0x0000027391a67f30 WatcherThread "VM Periodic Task Thread"        [id=31800, stack(0x000000b7a3c00000,0x000000b7a3d00000) (1024K)]
  0x00000273fbc3c160 WorkerThread "GC Thread#0"                     [id=31336, stack(0x000000b7a3700000,0x000000b7a3800000) (1024K)]
  0x00000273ab749810 WorkerThread "GC Thread#1"                     [id=32100, stack(0x000000b7a3400000,0x000000b7a3500000) (1024K)]
  0x00000273ab047110 WorkerThread "GC Thread#2"                     [id=30072, stack(0x000000b7a3500000,0x000000b7a3600000) (1024K)]
  0x00000273ab0474c0 WorkerThread "GC Thread#3"                     [id=32456, stack(0x000000b7a4800000,0x000000b7a4900000) (1024K)]
  0x00000273ab047870 WorkerThread "GC Thread#4"                     [id=32464, stack(0x000000b7a4900000,0x000000b7a4a00000) (1024K)]
  0x00000273ab047c20 WorkerThread "GC Thread#5"                     [id=32368, stack(0x000000b7a4a00000,0x000000b7a4b00000) (1024K)]
  0x00000273ac5a0b70 WorkerThread "GC Thread#6"                     [id=28372, stack(0x000000b7a5900000,0x000000b7a5a00000) (1024K)]
  0x00000273ac5a0f20 WorkerThread "GC Thread#7"                     [id=30864, stack(0x000000b7a5a00000,0x000000b7a5b00000) (1024K)]
  0x00000273ac5a1de0 WorkerThread "GC Thread#8"                     [id=24588, stack(0x000000b7a5b00000,0x000000b7a5c00000) (1024K)]
  0x00000273ac5a1680 WorkerThread "GC Thread#9"                     [id=23648, stack(0x000000b7a5c00000,0x000000b7a5d00000) (1024K)]
  0x00000273fbc41060 ConcurrentGCThread "G1 Main Marker"            [id=31264, stack(0x000000b7a3800000,0x000000b7a3900000) (1024K)]
  0x00000273fbc41a80 WorkerThread "G1 Conc#0"                       [id=31328, stack(0x000000b7a3900000,0x000000b7a3a00000) (1024K)]
  0x00000273ad0bf320 WorkerThread "G1 Conc#1"                       [id=24852, stack(0x000000b7a5d00000,0x000000b7a5e00000) (1024K)]
  0x00000273ad0bca90 WorkerThread "G1 Conc#2"                       [id=24648, stack(0x000000b7a5e00000,0x000000b7a5f00000) (1024K)]
  0x00000273fbccea20 ConcurrentGCThread "G1 Refine#0"               [id=31760, stack(0x000000b7a3a00000,0x000000b7a3b00000) (1024K)]
  0x0000027391931ba0 ConcurrentGCThread "G1 Service"                [id=31764, stack(0x000000b7a3b00000,0x000000b7a3c00000) (1024K)]
Total: 18

Threads with active compile tasks:
C2 CompilerThread0  15364998 5575   !   4       org.gradle.launcher.daemon.server.health.gc.GarbageCollectionCheck::run (213 bytes)
C1 CompilerThread0  15364999 5594       3       org.gradle.cache.internal.filelock.DefaultLockStateSerializer$SequenceNumberLockState::<init> (21 bytes)
Total: 2

VM state: at safepoint (normal execution)

VM Mutex/Monitor currently owned by a thread:  ([mutex/lock_event])
[0x00007ffdabbde5b0] CompileThread_lock - owner thread: 0x0000027391aac120
[0x00007ffdabbdf5b0] Threads_lock - owner thread: 0x0000027391a753d0
[0x00007ffdabbdf6b0] Heap_lock - owner thread: 0x0000027391df2970

Heap address: 0x00000000e0000000, size: 512 MB, Compressed Oops mode: 32-bit

CDS archive(s) mapped at: [0x0000027392000000-0x0000027392ba0000-0x0000027392ba0000), size 12189696, SharedBaseAddress: 0x0000027392000000, ArchiveRelocationMode: 1.
Compressed class space mapped at: 0x0000027393000000-0x00000273a7000000, reserved size: 335544320
Narrow klass base: 0x0000027392000000, Narrow klass shift: 0, Narrow klass range: 0x100000000

GC Precious Log:
 CardTable entry size: 512
 Card Set container configuration: InlinePtr #cards 5 size 8 Array Of Cards #cards 12 size 40 Howl #buckets 4 coarsen threshold 1843 Howl Bitmap #cards 512 size 80 coarsen threshold 460 Card regions per heap region 1 cards per card region 2048
 CPUs: 12 total, 12 available
 Memory: 16027M
 Large Page Support: Disabled
 NUMA Support: Disabled
 Compressed Oops: Enabled (32-bit)
 Heap Region Size: 1M
 Heap Min Capacity: 256M
 Heap Initial Capacity: 256M
 Heap Max Capacity: 512M
 Pre-touch: Disabled
 Parallel Workers: 10
 Concurrent Workers: 3
 Concurrent Refinement Workers: 10
 Periodic GC: Disabled

Heap:
 garbage-first heap   total 262144K, used 35856K [0x00000000e0000000, 0x0000000100000000)
  region size 1024K, 1 young (1024K), 1 survivors (1024K)
 Metaspace       used 41377K, committed 43008K, reserved 393216K
  class space    used 6164K, committed 6976K, reserved 327680K

Heap Regions: E=young(eden), S=young(survivor), O=old, HS=humongous(starts), HC=humongous(continues), CS=collection set, F=free, TAMS=top-at-mark-start, PB=parsable bottom
|   0|0x00000000e0000000, 0x00000000e0100000, 0x00000000e0100000|100%|HS|  |TAMS 0x00000000e0000000| PB 0x00000000e0000000| Complete 
|   1|0x00000000e0100000, 0x00000000e0200000, 0x00000000e0200000|100%|HC|  |TAMS 0x00000000e0100000| PB 0x00000000e0100000| Complete 
|   2|0x00000000e0200000, 0x00000000e0300000, 0x00000000e0300000|100%|HC|  |TAMS 0x00000000e0200000| PB 0x00000000e0200000| Complete 
|   3|0x00000000e0300000, 0x00000000e0400000, 0x00000000e0400000|100%|HC|  |TAMS 0x00000000e0300000| PB 0x00000000e0300000| Complete 
|   4|0x00000000e0400000, 0x00000000e0500000, 0x00000000e0500000|100%| O|  |TAMS 0x00000000e0400000| PB 0x00000000e0400000| Untracked 
|   5|0x00000000e0500000, 0x00000000e0600000, 0x00000000e0600000|100%| O|  |TAMS 0x00000000e0500000| PB 0x00000000e0500000| Untracked 
|   6|0x00000000e0600000, 0x00000000e0700000, 0x00000000e0700000|100%| O|  |TAMS 0x00000000e0600000| PB 0x00000000e0600000| Untracked 
|   7|0x00000000e0700000, 0x00000000e0800000, 0x00000000e0800000|100%| O|  |TAMS 0x00000000e0700000| PB 0x00000000e0700000| Untracked 
|   8|0x00000000e0800000, 0x00000000e0900000, 0x00000000e0900000|100%| O|  |TAMS 0x00000000e0800000| PB 0x00000000e0800000| Untracked 
|   9|0x00000000e0900000, 0x00000000e0a00000, 0x00000000e0a00000|100%| O|  |TAMS 0x00000000e0900000| PB 0x00000000e0900000| Untracked 
|  10|0x00000000e0a00000, 0x00000000e0b00000, 0x00000000e0b00000|100%| O|  |TAMS 0x00000000e0a00000| PB 0x00000000e0a00000| Untracked 
|  11|0x00000000e0b00000, 0x00000000e0c00000, 0x00000000e0c00000|100%| O|  |TAMS 0x00000000e0b00000| PB 0x00000000e0b00000| Untracked 
|  12|0x00000000e0c00000, 0x00000000e0d00000, 0x00000000e0d00000|100%|HS|  |TAMS 0x00000000e0c00000| PB 0x00000000e0c00000| Complete 
|  13|0x00000000e0d00000, 0x00000000e0e00000, 0x00000000e0e00000|100%| O|  |TAMS 0x00000000e0d00000| PB 0x00000000e0d00000| Untracked 
|  14|0x00000000e0e00000, 0x00000000e0f00000, 0x00000000e0f00000|100%| O|  |TAMS 0x00000000e0e00000| PB 0x00000000e0e00000| Untracked 
|  15|0x00000000e0f00000, 0x00000000e1000000, 0x00000000e1000000|100%| O|  |TAMS 0x00000000e0f00000| PB 0x00000000e0f00000| Untracked 
|  16|0x00000000e1000000, 0x00000000e1100000, 0x00000000e1100000|100%| O|  |TAMS 0x00000000e1000000| PB 0x00000000e1000000| Untracked 
|  17|0x00000000e1100000, 0x00000000e1200000, 0x00000000e1200000|100%| O|  |TAMS 0x00000000e1100000| PB 0x00000000e1100000| Untracked 
|  18|0x00000000e1200000, 0x00000000e1300000, 0x00000000e1300000|100%| O|  |TAMS 0x00000000e1200000| PB 0x00000000e1200000| Untracked 
|  19|0x00000000e1300000, 0x00000000e1400000, 0x00000000e1400000|100%| O|  |TAMS 0x00000000e1300000| PB 0x00000000e1300000| Untracked 
|  20|0x00000000e1400000, 0x00000000e1500000, 0x00000000e1500000|100%| O|  |TAMS 0x00000000e1400000| PB 0x00000000e1400000| Untracked 
|  21|0x00000000e1500000, 0x00000000e1600000, 0x00000000e1600000|100%| O|  |TAMS 0x00000000e1500000| PB 0x00000000e1500000| Untracked 
|  22|0x00000000e1600000, 0x00000000e1700000, 0x00000000e1700000|100%| O|  |TAMS 0x00000000e1600000| PB 0x00000000e1600000| Untracked 
|  23|0x00000000e1700000, 0x00000000e1800000, 0x00000000e1800000|100%| O|  |TAMS 0x00000000e1700000| PB 0x00000000e1700000| Untracked 
|  24|0x00000000e1800000, 0x00000000e1900000, 0x00000000e1900000|100%| O|  |TAMS 0x00000000e1800000| PB 0x00000000e1800000| Untracked 
|  25|0x00000000e1900000, 0x00000000e1a00000, 0x00000000e1a00000|100%| O|  |TAMS 0x00000000e1900000| PB 0x00000000e1900000| Untracked 
|  26|0x00000000e1a00000, 0x00000000e1b00000, 0x00000000e1b00000|100%| O|  |TAMS 0x00000000e1a00000| PB 0x00000000e1a00000| Untracked 
|  27|0x00000000e1b00000, 0x00000000e1c00000, 0x00000000e1c00000|100%| O|  |TAMS 0x00000000e1b00000| PB 0x00000000e1b00000| Untracked 
|  28|0x00000000e1c00000, 0x00000000e1d00000, 0x00000000e1d00000|100%| O|  |TAMS 0x00000000e1c00000| PB 0x00000000e1c00000| Untracked 
|  29|0x00000000e1d00000, 0x00000000e1e00000, 0x00000000e1e00000|100%| O|  |TAMS 0x00000000e1d00000| PB 0x00000000e1d00000| Untracked 
|  30|0x00000000e1e00000, 0x00000000e1f00000, 0x00000000e1f00000|100%| O|  |TAMS 0x00000000e1e00000| PB 0x00000000e1e00000| Untracked 
|  31|0x00000000e1f00000, 0x00000000e2000000, 0x00000000e2000000|100%| O|  |TAMS 0x00000000e1f00000| PB 0x00000000e1f00000| Untracked 
|  32|0x00000000e2000000, 0x00000000e2100000, 0x00000000e2100000|100%| O|  |TAMS 0x00000000e2000000| PB 0x00000000e2000000| Untracked 
|  33|0x00000000e2100000, 0x00000000e2200000, 0x00000000e2200000|100%| O|  |TAMS 0x00000000e2100000| PB 0x00000000e2100000| Untracked 
|  34|0x00000000e2200000, 0x00000000e2300000, 0x00000000e2300000|100%| O|  |TAMS 0x00000000e2200000| PB 0x00000000e2200000| Untracked 
|  35|0x00000000e2300000, 0x00000000e2300000, 0x00000000e2400000|  0%| F|  |TAMS 0x00000000e2300000| PB 0x00000000e2300000| Untracked 
|  36|0x00000000e2400000, 0x00000000e2400000, 0x00000000e2500000|  0%| F|  |TAMS 0x00000000e2400000| PB 0x00000000e2400000| Untracked 
|  37|0x00000000e2500000, 0x00000000e2500000, 0x00000000e2600000|  0%| F|  |TAMS 0x00000000e2500000| PB 0x00000000e2500000| Untracked 
|  38|0x00000000e2600000, 0x00000000e2600000, 0x00000000e2700000|  0%| F|  |TAMS 0x00000000e2600000| PB 0x00000000e2600000| Untracked 
|  39|0x00000000e2700000, 0x00000000e2700000, 0x00000000e2800000|  0%| F|  |TAMS 0x00000000e2700000| PB 0x00000000e2700000| Untracked 
|  40|0x00000000e2800000, 0x00000000e2800000, 0x00000000e2900000|  0%| F|  |TAMS 0x00000000e2800000| PB 0x00000000e2800000| Untracked 
|  41|0x00000000e2900000, 0x00000000e2900000, 0x00000000e2a00000|  0%| F|  |TAMS 0x00000000e2900000| PB 0x00000000e2900000| Untracked 
|  42|0x00000000e2a00000, 0x00000000e2a00000, 0x00000000e2b00000|  0%| F|  |TAMS 0x00000000e2a00000| PB 0x00000000e2a00000| Untracked 
|  43|0x00000000e2b00000, 0x00000000e2b00000, 0x00000000e2c00000|  0%| F|  |TAMS 0x00000000e2b00000| PB 0x00000000e2b00000| Untracked 
|  44|0x00000000e2c00000, 0x00000000e2c00000, 0x00000000e2d00000|  0%| F|  |TAMS 0x00000000e2c00000| PB 0x00000000e2c00000| Untracked 
|  45|0x00000000e2d00000, 0x00000000e2d00000, 0x00000000e2e00000|  0%| F|  |TAMS 0x00000000e2d00000| PB 0x00000000e2d00000| Untracked 
|  46|0x00000000e2e00000, 0x00000000e2e00000, 0x00000000e2f00000|  0%| F|  |TAMS 0x00000000e2e00000| PB 0x00000000e2e00000| Untracked 
|  47|0x00000000e2f00000, 0x00000000e2f00000, 0x00000000e3000000|  0%| F|  |TAMS 0x00000000e2f00000| PB 0x00000000e2f00000| Untracked 
|  48|0x00000000e3000000, 0x00000000e3000000, 0x00000000e3100000|  0%| F|  |TAMS 0x00000000e3000000| PB 0x00000000e3000000| Untracked 
|  49|0x00000000e3100000, 0x00000000e3100000, 0x00000000e3200000|  0%| F|  |TAMS 0x00000000e3100000| PB 0x00000000e3100000| Untracked 
|  50|0x00000000e3200000, 0x00000000e3200000, 0x00000000e3300000|  0%| F|  |TAMS 0x00000000e3200000| PB 0x00000000e3200000| Untracked 
|  51|0x00000000e3300000, 0x00000000e3300000, 0x00000000e3400000|  0%| F|  |TAMS 0x00000000e3300000| PB 0x00000000e3300000| Untracked 
|  52|0x00000000e3400000, 0x00000000e3400000, 0x00000000e3500000|  0%| F|  |TAMS 0x00000000e3400000| PB 0x00000000e3400000| Untracked 
|  53|0x00000000e3500000, 0x00000000e3500000, 0x00000000e3600000|  0%| F|  |TAMS 0x00000000e3500000| PB 0x00000000e3500000| Untracked 
|  54|0x00000000e3600000, 0x00000000e3600000, 0x00000000e3700000|  0%| F|  |TAMS 0x00000000e3600000| PB 0x00000000e3600000| Untracked 
|  55|0x00000000e3700000, 0x00000000e3700000, 0x00000000e3800000|  0%| F|  |TAMS 0x00000000e3700000| PB 0x00000000e3700000| Untracked 
|  56|0x00000000e3800000, 0x00000000e3800000, 0x00000000e3900000|  0%| F|  |TAMS 0x00000000e3800000| PB 0x00000000e3800000| Untracked 
|  57|0x00000000e3900000, 0x00000000e3900000, 0x00000000e3a00000|  0%| F|  |TAMS 0x00000000e3900000| PB 0x00000000e3900000| Untracked 
|  58|0x00000000e3a00000, 0x00000000e3a00000, 0x00000000e3b00000|  0%| F|  |TAMS 0x00000000e3a00000| PB 0x00000000e3a00000| Untracked 
|  59|0x00000000e3b00000, 0x00000000e3b00000, 0x00000000e3c00000|  0%| F|  |TAMS 0x00000000e3b00000| PB 0x00000000e3b00000| Untracked 
|  60|0x00000000e3c00000, 0x00000000e3c00000, 0x00000000e3d00000|  0%| F|  |TAMS 0x00000000e3c00000| PB 0x00000000e3c00000| Untracked 
|  61|0x00000000e3d00000, 0x00000000e3d00000, 0x00000000e3e00000|  0%| F|  |TAMS 0x00000000e3d00000| PB 0x00000000e3d00000| Untracked 
|  62|0x00000000e3e00000, 0x00000000e3e00000, 0x00000000e3f00000|  0%| F|  |TAMS 0x00000000e3e00000| PB 0x00000000e3e00000| Untracked 
|  63|0x00000000e3f00000, 0x00000000e3f00000, 0x00000000e4000000|  0%| F|  |TAMS 0x00000000e3f00000| PB 0x00000000e3f00000| Untracked 
|  64|0x00000000e4000000, 0x00000000e4000000, 0x00000000e4100000|  0%| F|  |TAMS 0x00000000e4000000| PB 0x00000000e4000000| Untracked 
|  65|0x00000000e4100000, 0x00000000e4100000, 0x00000000e4200000|  0%| F|  |TAMS 0x00000000e4100000| PB 0x00000000e4100000| Untracked 
|  66|0x00000000e4200000, 0x00000000e4200000, 0x00000000e4300000|  0%| F|  |TAMS 0x00000000e4200000| PB 0x00000000e4200000| Untracked 
|  67|0x00000000e4300000, 0x00000000e4300000, 0x00000000e4400000|  0%| F|  |TAMS 0x00000000e4300000| PB 0x00000000e4300000| Untracked 
|  68|0x00000000e4400000, 0x00000000e4400000, 0x00000000e4500000|  0%| F|  |TAMS 0x00000000e4400000| PB 0x00000000e4400000| Untracked 
|  69|0x00000000e4500000, 0x00000000e4500000, 0x00000000e4600000|  0%| F|  |TAMS 0x00000000e4500000| PB 0x00000000e4500000| Untracked 
|  70|0x00000000e4600000, 0x00000000e4600000, 0x00000000e4700000|  0%| F|  |TAMS 0x00000000e4600000| PB 0x00000000e4600000| Untracked 
|  71|0x00000000e4700000, 0x00000000e4700000, 0x00000000e4800000|  0%| F|  |TAMS 0x00000000e4700000| PB 0x00000000e4700000| Untracked 
|  72|0x00000000e4800000, 0x00000000e4800000, 0x00000000e4900000|  0%| F|  |TAMS 0x00000000e4800000| PB 0x00000000e4800000| Untracked 
|  73|0x00000000e4900000, 0x00000000e4900000, 0x00000000e4a00000|  0%| F|  |TAMS 0x00000000e4900000| PB 0x00000000e4900000| Untracked 
|  74|0x00000000e4a00000, 0x00000000e4a00000, 0x00000000e4b00000|  0%| F|  |TAMS 0x00000000e4a00000| PB 0x00000000e4a00000| Untracked 
|  75|0x00000000e4b00000, 0x00000000e4b00000, 0x00000000e4c00000|  0%| F|  |TAMS 0x00000000e4b00000| PB 0x00000000e4b00000| Untracked 
|  76|0x00000000e4c00000, 0x00000000e4c00000, 0x00000000e4d00000|  0%| F|  |TAMS 0x00000000e4c00000| PB 0x00000000e4c00000| Untracked 
|  77|0x00000000e4d00000, 0x00000000e4d00000, 0x00000000e4e00000|  0%| F|  |TAMS 0x00000000e4d00000| PB 0x00000000e4d00000| Untracked 
|  78|0x00000000e4e00000, 0x00000000e4e00000, 0x00000000e4f00000|  0%| F|  |TAMS 0x00000000e4e00000| PB 0x00000000e4e00000| Untracked 
|  79|0x00000000e4f00000, 0x00000000e4f00000, 0x00000000e5000000|  0%| F|  |TAMS 0x00000000e4f00000| PB 0x00000000e4f00000| Untracked 
|  80|0x00000000e5000000, 0x00000000e5000000, 0x00000000e5100000|  0%| F|  |TAMS 0x00000000e5000000| PB 0x00000000e5000000| Untracked 
|  81|0x00000000e5100000, 0x00000000e5100000, 0x00000000e5200000|  0%| F|  |TAMS 0x00000000e5100000| PB 0x00000000e5100000| Untracked 
|  82|0x00000000e5200000, 0x00000000e5200000, 0x00000000e5300000|  0%| F|  |TAMS 0x00000000e5200000| PB 0x00000000e5200000| Untracked 
|  83|0x00000000e5300000, 0x00000000e5300000, 0x00000000e5400000|  0%| F|  |TAMS 0x00000000e5300000| PB 0x00000000e5300000| Untracked 
|  84|0x00000000e5400000, 0x00000000e5400000, 0x00000000e5500000|  0%| F|  |TAMS 0x00000000e5400000| PB 0x00000000e5400000| Untracked 
|  85|0x00000000e5500000, 0x00000000e5500000, 0x00000000e5600000|  0%| F|  |TAMS 0x00000000e5500000| PB 0x00000000e5500000| Untracked 
|  86|0x00000000e5600000, 0x00000000e5600000, 0x00000000e5700000|  0%| F|  |TAMS 0x00000000e5600000| PB 0x00000000e5600000| Untracked 
|  87|0x00000000e5700000, 0x00000000e5700000, 0x00000000e5800000|  0%| F|  |TAMS 0x00000000e5700000| PB 0x00000000e5700000| Untracked 
|  88|0x00000000e5800000, 0x00000000e5800000, 0x00000000e5900000|  0%| F|  |TAMS 0x00000000e5800000| PB 0x00000000e5800000| Untracked 
|  89|0x00000000e5900000, 0x00000000e5900000, 0x00000000e5a00000|  0%| F|  |TAMS 0x00000000e5900000| PB 0x00000000e5900000| Untracked 
|  90|0x00000000e5a00000, 0x00000000e5a00000, 0x00000000e5b00000|  0%| F|  |TAMS 0x00000000e5a00000| PB 0x00000000e5a00000| Untracked 
|  91|0x00000000e5b00000, 0x00000000e5b00000, 0x00000000e5c00000|  0%| F|  |TAMS 0x00000000e5b00000| PB 0x00000000e5b00000| Untracked 
|  92|0x00000000e5c00000, 0x00000000e5c00000, 0x00000000e5d00000|  0%| F|  |TAMS 0x00000000e5c00000| PB 0x00000000e5c00000| Untracked 
|  93|0x00000000e5d00000, 0x00000000e5d00000, 0x00000000e5e00000|  0%| F|  |TAMS 0x00000000e5d00000| PB 0x00000000e5d00000| Untracked 
|  94|0x00000000e5e00000, 0x00000000e5e00000, 0x00000000e5f00000|  0%| F|  |TAMS 0x00000000e5e00000| PB 0x00000000e5e00000| Untracked 
|  95|0x00000000e5f00000, 0x00000000e5f00000, 0x00000000e6000000|  0%| F|  |TAMS 0x00000000e5f00000| PB 0x00000000e5f00000| Untracked 
|  96|0x00000000e6000000, 0x00000000e6000000, 0x00000000e6100000|  0%| F|  |TAMS 0x00000000e6000000| PB 0x00000000e6000000| Untracked 
|  97|0x00000000e6100000, 0x00000000e6100000, 0x00000000e6200000|  0%| F|  |TAMS 0x00000000e6100000| PB 0x00000000e6100000| Untracked 
|  98|0x00000000e6200000, 0x00000000e6200000, 0x00000000e6300000|  0%| F|  |TAMS 0x00000000e6200000| PB 0x00000000e6200000| Untracked 
|  99|0x00000000e6300000, 0x00000000e6300000, 0x00000000e6400000|  0%| F|  |TAMS 0x00000000e6300000| PB 0x00000000e6300000| Untracked 
| 100|0x00000000e6400000, 0x00000000e6400000, 0x00000000e6500000|  0%| F|  |TAMS 0x00000000e6400000| PB 0x00000000e6400000| Untracked 
| 101|0x00000000e6500000, 0x00000000e6500000, 0x00000000e6600000|  0%| F|  |TAMS 0x00000000e6500000| PB 0x00000000e6500000| Untracked 
| 102|0x00000000e6600000, 0x00000000e6600000, 0x00000000e6700000|  0%| F|  |TAMS 0x00000000e6600000| PB 0x00000000e6600000| Untracked 
| 103|0x00000000e6700000, 0x00000000e6700000, 0x00000000e6800000|  0%| F|  |TAMS 0x00000000e6700000| PB 0x00000000e6700000| Untracked 
| 104|0x00000000e6800000, 0x00000000e6800000, 0x00000000e6900000|  0%| F|  |TAMS 0x00000000e6800000| PB 0x00000000e6800000| Untracked 
| 105|0x00000000e6900000, 0x00000000e6900000, 0x00000000e6a00000|  0%| F|  |TAMS 0x00000000e6900000| PB 0x00000000e6900000| Untracked 
| 106|0x00000000e6a00000, 0x00000000e6a00000, 0x00000000e6b00000|  0%| F|  |TAMS 0x00000000e6a00000| PB 0x00000000e6a00000| Untracked 
| 107|0x00000000e6b00000, 0x00000000e6b00000, 0x00000000e6c00000|  0%| F|  |TAMS 0x00000000e6b00000| PB 0x00000000e6b00000| Untracked 
| 108|0x00000000e6c00000, 0x00000000e6c00000, 0x00000000e6d00000|  0%| F|  |TAMS 0x00000000e6c00000| PB 0x00000000e6c00000| Untracked 
| 109|0x00000000e6d00000, 0x00000000e6d00000, 0x00000000e6e00000|  0%| F|  |TAMS 0x00000000e6d00000| PB 0x00000000e6d00000| Untracked 
| 110|0x00000000e6e00000, 0x00000000e6e00000, 0x00000000e6f00000|  0%| F|  |TAMS 0x00000000e6e00000| PB 0x00000000e6e00000| Untracked 
| 111|0x00000000e6f00000, 0x00000000e6f00000, 0x00000000e7000000|  0%| F|  |TAMS 0x00000000e6f00000| PB 0x00000000e6f00000| Untracked 
| 112|0x00000000e7000000, 0x00000000e7000000, 0x00000000e7100000|  0%| F|  |TAMS 0x00000000e7000000| PB 0x00000000e7000000| Untracked 
| 113|0x00000000e7100000, 0x00000000e7100000, 0x00000000e7200000|  0%| F|  |TAMS 0x00000000e7100000| PB 0x00000000e7100000| Untracked 
| 114|0x00000000e7200000, 0x00000000e7200000, 0x00000000e7300000|  0%| F|  |TAMS 0x00000000e7200000| PB 0x00000000e7200000| Untracked 
| 115|0x00000000e7300000, 0x00000000e7300000, 0x00000000e7400000|  0%| F|  |TAMS 0x00000000e7300000| PB 0x00000000e7300000| Untracked 
| 116|0x00000000e7400000, 0x00000000e7400000, 0x00000000e7500000|  0%| F|  |TAMS 0x00000000e7400000| PB 0x00000000e7400000| Untracked 
| 117|0x00000000e7500000, 0x00000000e7500000, 0x00000000e7600000|  0%| F|  |TAMS 0x00000000e7500000| PB 0x00000000e7500000| Untracked 
| 118|0x00000000e7600000, 0x00000000e7600000, 0x00000000e7700000|  0%| F|  |TAMS 0x00000000e7600000| PB 0x00000000e7600000| Untracked 
| 119|0x00000000e7700000, 0x00000000e7700000, 0x00000000e7800000|  0%| F|  |TAMS 0x00000000e7700000| PB 0x00000000e7700000| Untracked 
| 120|0x00000000e7800000, 0x00000000e7800000, 0x00000000e7900000|  0%| F|  |TAMS 0x00000000e7800000| PB 0x00000000e7800000| Untracked 
| 121|0x00000000e7900000, 0x00000000e7900000, 0x00000000e7a00000|  0%| F|  |TAMS 0x00000000e7900000| PB 0x00000000e7900000| Untracked 
| 122|0x00000000e7a00000, 0x00000000e7a00000, 0x00000000e7b00000|  0%| F|  |TAMS 0x00000000e7a00000| PB 0x00000000e7a00000| Untracked 
| 123|0x00000000e7b00000, 0x00000000e7b00000, 0x00000000e7c00000|  0%| F|  |TAMS 0x00000000e7b00000| PB 0x00000000e7b00000| Untracked 
| 124|0x00000000e7c00000, 0x00000000e7c00000, 0x00000000e7d00000|  0%| F|  |TAMS 0x00000000e7c00000| PB 0x00000000e7c00000| Untracked 
| 125|0x00000000e7d00000, 0x00000000e7d00000, 0x00000000e7e00000|  0%| F|  |TAMS 0x00000000e7d00000| PB 0x00000000e7d00000| Untracked 
| 126|0x00000000e7e00000, 0x00000000e7e00000, 0x00000000e7f00000|  0%| F|  |TAMS 0x00000000e7e00000| PB 0x00000000e7e00000| Untracked 
| 127|0x00000000e7f00000, 0x00000000e7f00000, 0x00000000e8000000|  0%| F|  |TAMS 0x00000000e7f00000| PB 0x00000000e7f00000| Untracked 
| 128|0x00000000e8000000, 0x00000000e8000000, 0x00000000e8100000|  0%| F|  |TAMS 0x00000000e8000000| PB 0x00000000e8000000| Untracked 
| 129|0x00000000e8100000, 0x00000000e8100000, 0x00000000e8200000|  0%| F|  |TAMS 0x00000000e8100000| PB 0x00000000e8100000| Untracked 
| 130|0x00000000e8200000, 0x00000000e8200000, 0x00000000e8300000|  0%| F|  |TAMS 0x00000000e8200000| PB 0x00000000e8200000| Untracked 
| 131|0x00000000e8300000, 0x00000000e8300000, 0x00000000e8400000|  0%| F|  |TAMS 0x00000000e8300000| PB 0x00000000e8300000| Untracked 
| 132|0x00000000e8400000, 0x00000000e8400000, 0x00000000e8500000|  0%| F|  |TAMS 0x00000000e8400000| PB 0x00000000e8400000| Untracked 
| 133|0x00000000e8500000, 0x00000000e8500000, 0x00000000e8600000|  0%| F|  |TAMS 0x00000000e8500000| PB 0x00000000e8500000| Untracked 
| 134|0x00000000e8600000, 0x00000000e8600000, 0x00000000e8700000|  0%| F|  |TAMS 0x00000000e8600000| PB 0x00000000e8600000| Untracked 
| 135|0x00000000e8700000, 0x00000000e8700000, 0x00000000e8800000|  0%| F|  |TAMS 0x00000000e8700000| PB 0x00000000e8700000| Untracked 
| 136|0x00000000e8800000, 0x00000000e8800000, 0x00000000e8900000|  0%| F|  |TAMS 0x00000000e8800000| PB 0x00000000e8800000| Untracked 
| 137|0x00000000e8900000, 0x00000000e8900000, 0x00000000e8a00000|  0%| F|  |TAMS 0x00000000e8900000| PB 0x00000000e8900000| Untracked 
| 138|0x00000000e8a00000, 0x00000000e8a00000, 0x00000000e8b00000|  0%| F|  |TAMS 0x00000000e8a00000| PB 0x00000000e8a00000| Untracked 
| 139|0x00000000e8b00000, 0x00000000e8b00000, 0x00000000e8c00000|  0%| F|  |TAMS 0x00000000e8b00000| PB 0x00000000e8b00000| Untracked 
| 140|0x00000000e8c00000, 0x00000000e8c00000, 0x00000000e8d00000|  0%| F|  |TAMS 0x00000000e8c00000| PB 0x00000000e8c00000| Untracked 
| 141|0x00000000e8d00000, 0x00000000e8d00000, 0x00000000e8e00000|  0%| F|  |TAMS 0x00000000e8d00000| PB 0x00000000e8d00000| Untracked 
| 142|0x00000000e8e00000, 0x00000000e8e00000, 0x00000000e8f00000|  0%| F|  |TAMS 0x00000000e8e00000| PB 0x00000000e8e00000| Untracked 
| 143|0x00000000e8f00000, 0x00000000e8f00000, 0x00000000e9000000|  0%| F|  |TAMS 0x00000000e8f00000| PB 0x00000000e8f00000| Untracked 
| 144|0x00000000e9000000, 0x00000000e9000000, 0x00000000e9100000|  0%| F|  |TAMS 0x00000000e9000000| PB 0x00000000e9000000| Untracked 
| 145|0x00000000e9100000, 0x00000000e9100000, 0x00000000e9200000|  0%| F|  |TAMS 0x00000000e9100000| PB 0x00000000e9100000| Untracked 
| 146|0x00000000e9200000, 0x00000000e9200000, 0x00000000e9300000|  0%| F|  |TAMS 0x00000000e9200000| PB 0x00000000e9200000| Untracked 
| 147|0x00000000e9300000, 0x00000000e9300000, 0x00000000e9400000|  0%| F|  |TAMS 0x00000000e9300000| PB 0x00000000e9300000| Untracked 
| 148|0x00000000e9400000, 0x00000000e9400000, 0x00000000e9500000|  0%| F|  |TAMS 0x00000000e9400000| PB 0x00000000e9400000| Untracked 
| 149|0x00000000e9500000, 0x00000000e9500000, 0x00000000e9600000|  0%| F|  |TAMS 0x00000000e9500000| PB 0x00000000e9500000| Untracked 
| 150|0x00000000e9600000, 0x00000000e9600000, 0x00000000e9700000|  0%| F|  |TAMS 0x00000000e9600000| PB 0x00000000e9600000| Untracked 
| 151|0x00000000e9700000, 0x00000000e9700000, 0x00000000e9800000|  0%| F|  |TAMS 0x00000000e9700000| PB 0x00000000e9700000| Untracked 
| 152|0x00000000e9800000, 0x00000000e9800000, 0x00000000e9900000|  0%| F|  |TAMS 0x00000000e9800000| PB 0x00000000e9800000| Untracked 
| 153|0x00000000e9900000, 0x00000000e9900000, 0x00000000e9a00000|  0%| F|  |TAMS 0x00000000e9900000| PB 0x00000000e9900000| Untracked 
| 154|0x00000000e9a00000, 0x00000000e9a00000, 0x00000000e9b00000|  0%| F|  |TAMS 0x00000000e9a00000| PB 0x00000000e9a00000| Untracked 
| 155|0x00000000e9b00000, 0x00000000e9b00000, 0x00000000e9c00000|  0%| F|  |TAMS 0x00000000e9b00000| PB 0x00000000e9b00000| Untracked 
| 156|0x00000000e9c00000, 0x00000000e9c00000, 0x00000000e9d00000|  0%| F|  |TAMS 0x00000000e9c00000| PB 0x00000000e9c00000| Untracked 
| 157|0x00000000e9d00000, 0x00000000e9d00000, 0x00000000e9e00000|  0%| F|  |TAMS 0x00000000e9d00000| PB 0x00000000e9d00000| Untracked 
| 158|0x00000000e9e00000, 0x00000000e9e00000, 0x00000000e9f00000|  0%| F|  |TAMS 0x00000000e9e00000| PB 0x00000000e9e00000| Untracked 
| 159|0x00000000e9f00000, 0x00000000e9f00000, 0x00000000ea000000|  0%| F|  |TAMS 0x00000000e9f00000| PB 0x00000000e9f00000| Untracked 
| 160|0x00000000ea000000, 0x00000000ea000000, 0x00000000ea100000|  0%| F|  |TAMS 0x00000000ea000000| PB 0x00000000ea000000| Untracked 
| 161|0x00000000ea100000, 0x00000000ea100000, 0x00000000ea200000|  0%| F|  |TAMS 0x00000000ea100000| PB 0x00000000ea100000| Untracked 
| 162|0x00000000ea200000, 0x00000000ea200000, 0x00000000ea300000|  0%| F|  |TAMS 0x00000000ea200000| PB 0x00000000ea200000| Untracked 
| 163|0x00000000ea300000, 0x00000000ea300000, 0x00000000ea400000|  0%| F|  |TAMS 0x00000000ea300000| PB 0x00000000ea300000| Untracked 
| 164|0x00000000ea400000, 0x00000000ea400000, 0x00000000ea500000|  0%| F|  |TAMS 0x00000000ea400000| PB 0x00000000ea400000| Untracked 
| 165|0x00000000ea500000, 0x00000000ea500000, 0x00000000ea600000|  0%| F|  |TAMS 0x00000000ea500000| PB 0x00000000ea500000| Untracked 
| 166|0x00000000ea600000, 0x00000000ea600000, 0x00000000ea700000|  0%| F|  |TAMS 0x00000000ea600000| PB 0x00000000ea600000| Untracked 
| 167|0x00000000ea700000, 0x00000000ea700000, 0x00000000ea800000|  0%| F|  |TAMS 0x00000000ea700000| PB 0x00000000ea700000| Untracked 
| 168|0x00000000ea800000, 0x00000000ea800000, 0x00000000ea900000|  0%| F|  |TAMS 0x00000000ea800000| PB 0x00000000ea800000| Untracked 
| 169|0x00000000ea900000, 0x00000000ea900000, 0x00000000eaa00000|  0%| F|  |TAMS 0x00000000ea900000| PB 0x00000000ea900000| Untracked 
| 170|0x00000000eaa00000, 0x00000000eaa00000, 0x00000000eab00000|  0%| F|  |TAMS 0x00000000eaa00000| PB 0x00000000eaa00000| Untracked 
| 171|0x00000000eab00000, 0x00000000eab00000, 0x00000000eac00000|  0%| F|  |TAMS 0x00000000eab00000| PB 0x00000000eab00000| Untracked 
| 172|0x00000000eac00000, 0x00000000eac00000, 0x00000000ead00000|  0%| F|  |TAMS 0x00000000eac00000| PB 0x00000000eac00000| Untracked 
| 173|0x00000000ead00000, 0x00000000ead00000, 0x00000000eae00000|  0%| F|  |TAMS 0x00000000ead00000| PB 0x00000000ead00000| Untracked 
| 174|0x00000000eae00000, 0x00000000eae00000, 0x00000000eaf00000|  0%| F|  |TAMS 0x00000000eae00000| PB 0x00000000eae00000| Untracked 
| 175|0x00000000eaf00000, 0x00000000eaf00000, 0x00000000eb000000|  0%| F|  |TAMS 0x00000000eaf00000| PB 0x00000000eaf00000| Untracked 
| 176|0x00000000eb000000, 0x00000000eb000000, 0x00000000eb100000|  0%| F|  |TAMS 0x00000000eb000000| PB 0x00000000eb000000| Untracked 
| 177|0x00000000eb100000, 0x00000000eb100000, 0x00000000eb200000|  0%| F|  |TAMS 0x00000000eb100000| PB 0x00000000eb100000| Untracked 
| 178|0x00000000eb200000, 0x00000000eb200000, 0x00000000eb300000|  0%| F|  |TAMS 0x00000000eb200000| PB 0x00000000eb200000| Untracked 
| 179|0x00000000eb300000, 0x00000000eb300000, 0x00000000eb400000|  0%| F|  |TAMS 0x00000000eb300000| PB 0x00000000eb300000| Untracked 
| 180|0x00000000eb400000, 0x00000000eb400000, 0x00000000eb500000|  0%| F|  |TAMS 0x00000000eb400000| PB 0x00000000eb400000| Untracked 
| 181|0x00000000eb500000, 0x00000000eb500000, 0x00000000eb600000|  0%| F|  |TAMS 0x00000000eb500000| PB 0x00000000eb500000| Untracked 
| 182|0x00000000eb600000, 0x00000000eb600000, 0x00000000eb700000|  0%| F|  |TAMS 0x00000000eb600000| PB 0x00000000eb600000| Untracked 
| 183|0x00000000eb700000, 0x00000000eb700000, 0x00000000eb800000|  0%| F|  |TAMS 0x00000000eb700000| PB 0x00000000eb700000| Untracked 
| 184|0x00000000eb800000, 0x00000000eb800000, 0x00000000eb900000|  0%| F|  |TAMS 0x00000000eb800000| PB 0x00000000eb800000| Untracked 
| 185|0x00000000eb900000, 0x00000000eb900000, 0x00000000eba00000|  0%| F|  |TAMS 0x00000000eb900000| PB 0x00000000eb900000| Untracked 
| 186|0x00000000eba00000, 0x00000000eba00000, 0x00000000ebb00000|  0%| F|  |TAMS 0x00000000eba00000| PB 0x00000000eba00000| Untracked 
| 187|0x00000000ebb00000, 0x00000000ebb00000, 0x00000000ebc00000|  0%| F|  |TAMS 0x00000000ebb00000| PB 0x00000000ebb00000| Untracked 
| 188|0x00000000ebc00000, 0x00000000ebc00000, 0x00000000ebd00000|  0%| F|  |TAMS 0x00000000ebc00000| PB 0x00000000ebc00000| Untracked 
| 189|0x00000000ebd00000, 0x00000000ebd00000, 0x00000000ebe00000|  0%| F|  |TAMS 0x00000000ebd00000| PB 0x00000000ebd00000| Untracked 
| 190|0x00000000ebe00000, 0x00000000ebe00000, 0x00000000ebf00000|  0%| F|  |TAMS 0x00000000ebe00000| PB 0x00000000ebe00000| Untracked 
| 191|0x00000000ebf00000, 0x00000000ebf00000, 0x00000000ec000000|  0%| F|  |TAMS 0x00000000ebf00000| PB 0x00000000ebf00000| Untracked 
| 192|0x00000000ec000000, 0x00000000ec000000, 0x00000000ec100000|  0%| F|  |TAMS 0x00000000ec000000| PB 0x00000000ec000000| Untracked 
| 193|0x00000000ec100000, 0x00000000ec100000, 0x00000000ec200000|  0%| F|  |TAMS 0x00000000ec100000| PB 0x00000000ec100000| Untracked 
| 194|0x00000000ec200000, 0x00000000ec200000, 0x00000000ec300000|  0%| F|  |TAMS 0x00000000ec200000| PB 0x00000000ec200000| Untracked 
| 195|0x00000000ec300000, 0x00000000ec300000, 0x00000000ec400000|  0%| F|  |TAMS 0x00000000ec300000| PB 0x00000000ec300000| Untracked 
| 196|0x00000000ec400000, 0x00000000ec400000, 0x00000000ec500000|  0%| F|  |TAMS 0x00000000ec400000| PB 0x00000000ec400000| Untracked 
| 197|0x00000000ec500000, 0x00000000ec500000, 0x00000000ec600000|  0%| F|  |TAMS 0x00000000ec500000| PB 0x00000000ec500000| Untracked 
| 198|0x00000000ec600000, 0x00000000ec600000, 0x00000000ec700000|  0%| F|  |TAMS 0x00000000ec600000| PB 0x00000000ec600000| Untracked 
| 199|0x00000000ec700000, 0x00000000ec700000, 0x00000000ec800000|  0%| F|  |TAMS 0x00000000ec700000| PB 0x00000000ec700000| Untracked 
| 200|0x00000000ec800000, 0x00000000ec800000, 0x00000000ec900000|  0%| F|  |TAMS 0x00000000ec800000| PB 0x00000000ec800000| Untracked 
| 201|0x00000000ec900000, 0x00000000ec900000, 0x00000000eca00000|  0%| F|  |TAMS 0x00000000ec900000| PB 0x00000000ec900000| Untracked 
| 202|0x00000000eca00000, 0x00000000eca00000, 0x00000000ecb00000|  0%| F|  |TAMS 0x00000000eca00000| PB 0x00000000eca00000| Untracked 
| 203|0x00000000ecb00000, 0x00000000ecb00000, 0x00000000ecc00000|  0%| F|  |TAMS 0x00000000ecb00000| PB 0x00000000ecb00000| Untracked 
| 204|0x00000000ecc00000, 0x00000000ecc00000, 0x00000000ecd00000|  0%| F|  |TAMS 0x00000000ecc00000| PB 0x00000000ecc00000| Untracked 
| 205|0x00000000ecd00000, 0x00000000ecd00000, 0x00000000ece00000|  0%| F|  |TAMS 0x00000000ecd00000| PB 0x00000000ecd00000| Untracked 
| 206|0x00000000ece00000, 0x00000000ece00000, 0x00000000ecf00000|  0%| F|  |TAMS 0x00000000ece00000| PB 0x00000000ece00000| Untracked 
| 207|0x00000000ecf00000, 0x00000000ecf00000, 0x00000000ed000000|  0%| F|  |TAMS 0x00000000ecf00000| PB 0x00000000ecf00000| Untracked 
| 208|0x00000000ed000000, 0x00000000ed000000, 0x00000000ed100000|  0%| F|  |TAMS 0x00000000ed000000| PB 0x00000000ed000000| Untracked 
| 209|0x00000000ed100000, 0x00000000ed100000, 0x00000000ed200000|  0%| F|  |TAMS 0x00000000ed100000| PB 0x00000000ed100000| Untracked 
| 210|0x00000000ed200000, 0x00000000ed200000, 0x00000000ed300000|  0%| F|  |TAMS 0x00000000ed200000| PB 0x00000000ed200000| Untracked 
| 211|0x00000000ed300000, 0x00000000ed300000, 0x00000000ed400000|  0%| F|  |TAMS 0x00000000ed300000| PB 0x00000000ed300000| Untracked 
| 212|0x00000000ed400000, 0x00000000ed400000, 0x00000000ed500000|  0%| F|  |TAMS 0x00000000ed400000| PB 0x00000000ed400000| Untracked 
| 213|0x00000000ed500000, 0x00000000ed500000, 0x00000000ed600000|  0%| F|  |TAMS 0x00000000ed500000| PB 0x00000000ed500000| Untracked 
| 214|0x00000000ed600000, 0x00000000ed600000, 0x00000000ed700000|  0%| F|  |TAMS 0x00000000ed600000| PB 0x00000000ed600000| Untracked 
| 215|0x00000000ed700000, 0x00000000ed700000, 0x00000000ed800000|  0%| F|  |TAMS 0x00000000ed700000| PB 0x00000000ed700000| Untracked 
| 216|0x00000000ed800000, 0x00000000ed800000, 0x00000000ed900000|  0%| F|  |TAMS 0x00000000ed800000| PB 0x00000000ed800000| Untracked 
| 217|0x00000000ed900000, 0x00000000ed900000, 0x00000000eda00000|  0%| F|  |TAMS 0x00000000ed900000| PB 0x00000000ed900000| Untracked 
| 218|0x00000000eda00000, 0x00000000eda00000, 0x00000000edb00000|  0%| F|  |TAMS 0x00000000eda00000| PB 0x00000000eda00000| Untracked 
| 219|0x00000000edb00000, 0x00000000edb00000, 0x00000000edc00000|  0%| F|  |TAMS 0x00000000edb00000| PB 0x00000000edb00000| Untracked 
| 220|0x00000000edc00000, 0x00000000edc00000, 0x00000000edd00000|  0%| F|  |TAMS 0x00000000edc00000| PB 0x00000000edc00000| Untracked 
| 221|0x00000000edd00000, 0x00000000edd00000, 0x00000000ede00000|  0%| F|  |TAMS 0x00000000edd00000| PB 0x00000000edd00000| Untracked 
| 222|0x00000000ede00000, 0x00000000ede00000, 0x00000000edf00000|  0%| F|  |TAMS 0x00000000ede00000| PB 0x00000000ede00000| Untracked 
| 223|0x00000000edf00000, 0x00000000edf00000, 0x00000000ee000000|  0%| F|  |TAMS 0x00000000edf00000| PB 0x00000000edf00000| Untracked 
| 224|0x00000000ee000000, 0x00000000ee000000, 0x00000000ee100000|  0%| F|  |TAMS 0x00000000ee000000| PB 0x00000000ee000000| Untracked 
| 225|0x00000000ee100000, 0x00000000ee100000, 0x00000000ee200000|  0%| F|  |TAMS 0x00000000ee100000| PB 0x00000000ee100000| Untracked 
| 226|0x00000000ee200000, 0x00000000ee200000, 0x00000000ee300000|  0%| F|  |TAMS 0x00000000ee200000| PB 0x00000000ee200000| Untracked 
| 227|0x00000000ee300000, 0x00000000ee300000, 0x00000000ee400000|  0%| F|  |TAMS 0x00000000ee300000| PB 0x00000000ee300000| Untracked 
| 228|0x00000000ee400000, 0x00000000ee400000, 0x00000000ee500000|  0%| F|  |TAMS 0x00000000ee400000| PB 0x00000000ee400000| Untracked 
| 229|0x00000000ee500000, 0x00000000ee500000, 0x00000000ee600000|  0%| F|  |TAMS 0x00000000ee500000| PB 0x00000000ee500000| Untracked 
| 230|0x00000000ee600000, 0x00000000ee600000, 0x00000000ee700000|  0%| F|  |TAMS 0x00000000ee600000| PB 0x00000000ee600000| Untracked 
| 231|0x00000000ee700000, 0x00000000ee700000, 0x00000000ee800000|  0%| F|  |TAMS 0x00000000ee700000| PB 0x00000000ee700000| Untracked 
| 232|0x00000000ee800000, 0x00000000ee800000, 0x00000000ee900000|  0%| F|  |TAMS 0x00000000ee800000| PB 0x00000000ee800000| Untracked 
| 233|0x00000000ee900000, 0x00000000ee900000, 0x00000000eea00000|  0%| F|  |TAMS 0x00000000ee900000| PB 0x00000000ee900000| Untracked 
| 234|0x00000000eea00000, 0x00000000eea00000, 0x00000000eeb00000|  0%| F|  |TAMS 0x00000000eea00000| PB 0x00000000eea00000| Untracked 
| 235|0x00000000eeb00000, 0x00000000eeb00000, 0x00000000eec00000|  0%| F|  |TAMS 0x00000000eeb00000| PB 0x00000000eeb00000| Untracked 
| 236|0x00000000eec00000, 0x00000000eec00000, 0x00000000eed00000|  0%| F|  |TAMS 0x00000000eec00000| PB 0x00000000eec00000| Untracked 
| 237|0x00000000eed00000, 0x00000000eed00000, 0x00000000eee00000|  0%| F|  |TAMS 0x00000000eed00000| PB 0x00000000eed00000| Untracked 
| 238|0x00000000eee00000, 0x00000000eee00000, 0x00000000eef00000|  0%| F|  |TAMS 0x00000000eee00000| PB 0x00000000eee00000| Untracked 
| 239|0x00000000eef00000, 0x00000000eef00000, 0x00000000ef000000|  0%| F|  |TAMS 0x00000000eef00000| PB 0x00000000eef00000| Untracked 
| 240|0x00000000ef000000, 0x00000000ef000000, 0x00000000ef100000|  0%| F|  |TAMS 0x00000000ef000000| PB 0x00000000ef000000| Untracked 
| 241|0x00000000ef100000, 0x00000000ef100000, 0x00000000ef200000|  0%| F|  |TAMS 0x00000000ef100000| PB 0x00000000ef100000| Untracked 
| 242|0x00000000ef200000, 0x00000000ef200000, 0x00000000ef300000|  0%| F|  |TAMS 0x00000000ef200000| PB 0x00000000ef200000| Untracked 
| 243|0x00000000ef300000, 0x00000000ef304190, 0x00000000ef400000|  1%| S|CS|TAMS 0x00000000ef300000| PB 0x00000000ef300000| Complete 
| 244|0x00000000ef400000, 0x00000000ef400000, 0x00000000ef500000|  0%| F|  |TAMS 0x00000000ef400000| PB 0x00000000ef400000| Untracked 
| 245|0x00000000ef500000, 0x00000000ef500000, 0x00000000ef600000|  0%| F|  |TAMS 0x00000000ef500000| PB 0x00000000ef500000| Untracked 
| 246|0x00000000ef600000, 0x00000000ef600000, 0x00000000ef700000|  0%| F|  |TAMS 0x00000000ef600000| PB 0x00000000ef600000| Untracked 
| 247|0x00000000ef700000, 0x00000000ef700000, 0x00000000ef800000|  0%| F|  |TAMS 0x00000000ef700000| PB 0x00000000ef700000| Untracked 
| 248|0x00000000ef800000, 0x00000000ef800000, 0x00000000ef900000|  0%| F|  |TAMS 0x00000000ef800000| PB 0x00000000ef800000| Untracked 
| 249|0x00000000ef900000, 0x00000000ef900000, 0x00000000efa00000|  0%| F|  |TAMS 0x00000000ef900000| PB 0x00000000ef900000| Untracked 
| 250|0x00000000efa00000, 0x00000000efa00000, 0x00000000efb00000|  0%| F|  |TAMS 0x00000000efa00000| PB 0x00000000efa00000| Untracked 
| 251|0x00000000efb00000, 0x00000000efb00000, 0x00000000efc00000|  0%| F|  |TAMS 0x00000000efb00000| PB 0x00000000efb00000| Untracked 
| 252|0x00000000efc00000, 0x00000000efc00000, 0x00000000efd00000|  0%| F|  |TAMS 0x00000000efc00000| PB 0x00000000efc00000| Untracked 
| 253|0x00000000efd00000, 0x00000000efd00000, 0x00000000efe00000|  0%| F|  |TAMS 0x00000000efd00000| PB 0x00000000efd00000| Untracked 
| 254|0x00000000efe00000, 0x00000000efe00000, 0x00000000eff00000|  0%| F|  |TAMS 0x00000000efe00000| PB 0x00000000efe00000| Untracked 
| 255|0x00000000eff00000, 0x00000000eff00000, 0x00000000f0000000|  0%| F|  |TAMS 0x00000000eff00000| PB 0x00000000eff00000| Untracked 

Card table byte_map: [0x00000273ff460000,0x00000273ff560000] _byte_map_base: 0x00000273fed60000

Marking Bits: (CMBitMap*) 0x00000273fbc3c780
 Bits: [0x00000273ff560000, 0x00000273ffd60000)

Polling page: 0x00000273f9af0000

Metaspace:

Usage:
  Non-class:     34.39 MB used.
      Class:      6.02 MB used.
       Both:     40.41 MB used.

Virtual space:
  Non-class space:       64.00 MB reserved,      35.19 MB ( 55%) committed,  1 nodes.
      Class space:      320.00 MB reserved,       6.81 MB (  2%) committed,  1 nodes.
             Both:      384.00 MB reserved,      42.00 MB ( 11%) committed. 

Chunk freelists:
   Non-Class:  12.75 MB
       Class:  9.04 MB
        Both:  21.79 MB

MaxMetaspaceSize: 384.00 MB
CompressedClassSpaceSize: 320.00 MB
Initial GC threshold: 21.00 MB
Current GC threshold: 59.00 MB
CDS: on
 - commit_granule_bytes: 65536.
 - commit_granule_words: 8192.
 - virtual_space_node_default_size: 8388608.
 - enlarge_chunks_in_place: 1.
 - use_allocation_guard: 0.


Internal statistics:

num_allocs_failed_limit: 6.
num_arena_births: 2944.
num_arena_deaths: 4.
num_vsnodes_births: 2.
num_vsnodes_deaths: 0.
num_space_committed: 672.
num_space_uncommitted: 0.
num_chunks_returned_to_freelist: 10.
num_chunks_taken_from_freelist: 4948.
num_chunk_merges: 6.
num_chunk_splits: 3205.
num_chunks_enlarged: 1958.
num_inconsistent_stats: 0.

CodeHeap 'non-profiled nmethods': size=120000Kb used=2983Kb max_used=2983Kb free=117016Kb
 bounds [0x0000027387ad0000, 0x0000027387dc0000, 0x000002738f000000]
CodeHeap 'profiled nmethods': size=120000Kb used=9683Kb max_used=9683Kb free=110316Kb
 bounds [0x0000027380000000, 0x0000027380980000, 0x0000027387530000]
CodeHeap 'non-nmethods': size=5760Kb used=1835Kb max_used=1880Kb free=3924Kb
 bounds [0x0000027387530000, 0x00000273877a0000, 0x0000027387ad0000]
CodeCache: size=245760Kb, used=14501Kb, max_used=14546Kb, free=231256Kb
 total_blobs=5776, nmethods=5068, adapters=612, full_count=0
Compilation: enabled, stopped_count=0, restarted_count=0

Compilation events (20 events):
Event: 15283.683 Thread 0x0000027391aab680 nmethod 5572 0x0000027387db5090 code [0x0000027387db5220, 0x0000027387db53e8]
Event: 15283.697 Thread 0x0000027391aab680 5574       4       sun.management.ManagementFactoryHelper::getMemoryPoolMXBeans (51 bytes)
Event: 15284.237 Thread 0x0000027391aac120 5576       3       java.io.FilterInputStream::close (8 bytes)
Event: 15284.549 Thread 0x0000027391aac120 nmethod 5576 0x0000027380971d10 code [0x0000027380971ec0, 0x0000027380972098]
Event: 15284.691 Thread 0x0000027391aab680 nmethod 5574 0x0000027387db5490 code [0x0000027387db56a0, 0x0000027387db6280]
Event: 15284.692 Thread 0x0000027391aab680 5573       4       java.lang.management.DefaultPlatformMBeanProvider$6::nameToMBeanMap (85 bytes)
Event: 15286.592 Thread 0x0000027391aac120 5577       3       org.gradle.cache.internal.DefaultFileLockManager$DefaultFileLock::assertOpen (18 bytes)
Event: 15287.557 Thread 0x0000027391aac120 nmethod 5577 0x0000027380972190 code [0x0000027380972340, 0x0000027380972560]
Event: 15289.131 Thread 0x0000027391aab680 nmethod 5573 0x0000027387db6710 code [0x0000027387db6a00, 0x0000027387db7e70]
Event: 15289.436 Thread 0x0000027391aab680 5575   !   4       org.gradle.launcher.daemon.server.health.gc.GarbageCollectionCheck::run (213 bytes)
Event: 15330.307 Thread 0x0000027391aac120 5588       1       org.gradle.launcher.daemon.server.Daemon::getDaemonRegistry (5 bytes)
Event: 15339.881 Thread 0x0000027391aac120 nmethod 5588 0x0000027387db9590 code [0x0000027387db9720, 0x0000027387db97e8]
Event: 15343.558 Thread 0x0000027391aac120 5591       3       java.util.Date::<init> (10 bytes)
Event: 15343.688 Thread 0x0000027391aac120 nmethod 5591 0x0000027380972690 code [0x0000027380972840, 0x00000273809729a8]
Event: 15344.176 Thread 0x0000027391aac120 5592   !   3       org.gradle.launcher.daemon.registry.PersistentDaemonRegistry::getDaemonsMatching (104 bytes)
Event: 15344.767 Thread 0x0000027391aac120 nmethod 5592 0x0000027380972a90 code [0x0000027380972d20, 0x00000273809739a0]
Event: 15347.840 Thread 0x0000027391aac120 5593       3       org.gradle.launcher.daemon.server.health.gc.GarbageCollectionStats::calculateAverageUsage (53 bytes)
Event: 15348.815 Thread 0x0000027391aac120 nmethod 5593 0x0000027380973f10 code [0x0000027380974120, 0x0000027380974778]
Event: 15353.325 Thread 0x0000027391aac120 5594       3       org.gradle.cache.internal.filelock.DefaultLockStateSerializer$SequenceNumberLockState::<init> (21 bytes)
Event: 15356.883 Thread 0x0000027391aac120 nmethod 5594 0x0000027380974990 code [0x0000027380974b40, 0x0000027380974cb0]

GC Heap History (20 events):
Event: 462.829 GC heap after
{Heap after GC invocations=4 (full 0):
 garbage-first heap   total 262144K, used 25097K [0x00000000e0000000, 0x0000000100000000)
  region size 1024K, 13 young (13312K), 13 survivors (13312K)
 Metaspace       used 20795K, committed 21504K, reserved 393216K
  class space    used 2963K, committed 3328K, reserved 327680K
}
Event: 545.633 GC heap before
{Heap before GC invocations=5 (full 0):
 garbage-first heap   total 262144K, used 136713K [0x00000000e0000000, 0x0000000100000000)
  region size 1024K, 124 young (126976K), 13 survivors (13312K)
 Metaspace       used 34727K, committed 36160K, reserved 393216K
  class space    used 5157K, committed 5888K, reserved 327680K
}
Event: 545.727 GC heap after
{Heap after GC invocations=6 (full 0):
 garbage-first heap   total 262144K, used 31410K [0x00000000e0000000, 0x0000000100000000)
  region size 1024K, 9 young (9216K), 9 survivors (9216K)
 Metaspace       used 34727K, committed 36160K, reserved 393216K
  class space    used 5157K, committed 5888K, reserved 327680K
}
Event: 15295.618 GC heap before
{Heap before GC invocations=7 (full 0):
 garbage-first heap   total 262144K, used 177842K [0x00000000e0000000, 0x0000000100000000)
  region size 1024K, 153 young (156672K), 9 survivors (9216K)
 Metaspace       used 41373K, committed 43008K, reserved 393216K
  class space    used 6164K, committed 6976K, reserved 327680K
}
Event: 15330.280 GC heap after
{Heap after GC invocations=8 (full 0):
 garbage-first heap   total 262144K, used 36322K [0x00000000e0000000, 0x0000000100000000)
  region size 1024K, 14 young (14336K), 14 survivors (14336K)
 Metaspace       used 41373K, committed 43008K, reserved 393216K
  class space    used 6164K, committed 6976K, reserved 327680K
}
Event: 15337.395 GC heap before
{Heap before GC invocations=8 (full 0):
 garbage-first heap   total 262144K, used 37346K [0x00000000e0000000, 0x0000000100000000)
  region size 1024K, 15 young (15360K), 14 survivors (14336K)
 Metaspace       used 41373K, committed 43008K, reserved 393216K
  class space    used 6164K, committed 6976K, reserved 327680K
}
Event: 15339.284 GC heap after
{Heap after GC invocations=9 (full 0):
 garbage-first heap   total 262144K, used 37088K [0x00000000e0000000, 0x0000000100000000)
  region size 1024K, 2 young (2048K), 2 survivors (2048K)
 Metaspace       used 41373K, committed 43008K, reserved 393216K
  class space    used 6164K, committed 6976K, reserved 327680K
}
Event: 15346.291 GC heap before
{Heap before GC invocations=9 (full 0):
 garbage-first heap   total 262144K, used 47328K [0x00000000e0000000, 0x0000000100000000)
  region size 1024K, 12 young (12288K), 2 survivors (2048K)
 Metaspace       used 41376K, committed 43008K, reserved 393216K
  class space    used 6164K, committed 6976K, reserved 327680K
}
Event: 15346.486 GC heap after
{Heap after GC invocations=10 (full 0):
 garbage-first heap   total 262144K, used 36289K [0x00000000e0000000, 0x0000000100000000)
  region size 1024K, 1 young (1024K), 1 survivors (1024K)
 Metaspace       used 41376K, committed 43008K, reserved 393216K
  class space    used 6164K, committed 6976K, reserved 327680K
}
Event: 15348.521 GC heap before
{Heap before GC invocations=10 (full 0):
 garbage-first heap   total 262144K, used 47553K [0x00000000e0000000, 0x0000000100000000)
  region size 1024K, 12 young (12288K), 1 survivors (1024K)
 Metaspace       used 41376K, committed 43008K, reserved 393216K
  class space    used 6164K, committed 6976K, reserved 327680K
}
Event: 15348.754 GC heap after
{Heap after GC invocations=11 (full 0):
 garbage-first heap   total 262144K, used 36024K [0x00000000e0000000, 0x0000000100000000)
  region size 1024K, 1 young (1024K), 1 survivors (1024K)
 Metaspace       used 41376K, committed 43008K, reserved 393216K
  class space    used 6164K, committed 6976K, reserved 327680K
}
Event: 15350.442 GC heap before
{Heap before GC invocations=11 (full 0):
 garbage-first heap   total 262144K, used 47288K [0x00000000e0000000, 0x0000000100000000)
  region size 1024K, 12 young (12288K), 1 survivors (1024K)
 Metaspace       used 41376K, committed 43008K, reserved 393216K
  class space    used 6164K, committed 6976K, reserved 327680K
}
Event: 15350.690 GC heap after
{Heap after GC invocations=12 (full 0):
 garbage-first heap   total 262144K, used 36168K [0x00000000e0000000, 0x0000000100000000)
  region size 1024K, 1 young (1024K), 1 survivors (1024K)
 Metaspace       used 41376K, committed 43008K, reserved 393216K
  class space    used 6164K, committed 6976K, reserved 327680K
}
Event: 15353.139 GC heap before
{Heap before GC invocations=12 (full 0):
 garbage-first heap   total 262144K, used 47432K [0x00000000e0000000, 0x0000000100000000)
  region size 1024K, 12 young (12288K), 1 survivors (1024K)
 Metaspace       used 41376K, committed 43008K, reserved 393216K
  class space    used 6164K, committed 6976K, reserved 327680K
}
Event: 15353.272 GC heap after
{Heap after GC invocations=13 (full 0):
 garbage-first heap   total 262144K, used 36121K [0x00000000e0000000, 0x0000000100000000)
  region size 1024K, 1 young (1024K), 1 survivors (1024K)
 Metaspace       used 41376K, committed 43008K, reserved 393216K
  class space    used 6164K, committed 6976K, reserved 327680K
}
Event: 15354.568 GC heap before
{Heap before GC invocations=13 (full 0):
 garbage-first heap   total 262144K, used 47385K [0x00000000e0000000, 0x0000000100000000)
  region size 1024K, 12 young (12288K), 1 survivors (1024K)
 Metaspace       used 41376K, committed 43008K, reserved 393216K
  class space    used 6164K, committed 6976K, reserved 327680K
}
Event: 15354.626 GC heap after
{Heap after GC invocations=14 (full 0):
 garbage-first heap   total 262144K, used 35876K [0x00000000e0000000, 0x0000000100000000)
  region size 1024K, 1 young (1024K), 1 survivors (1024K)
 Metaspace       used 41376K, committed 43008K, reserved 393216K
  class space    used 6164K, committed 6976K, reserved 327680K
}
Event: 15356.652 GC heap before
{Heap before GC invocations=14 (full 0):
 garbage-first heap   total 262144K, used 47140K [0x00000000e0000000, 0x0000000100000000)
  region size 1024K, 12 young (12288K), 1 survivors (1024K)
 Metaspace       used 41377K, committed 43008K, reserved 393216K
  class space    used 6164K, committed 6976K, reserved 327680K
}
Event: 15356.872 GC heap after
{Heap after GC invocations=15 (full 0):
 garbage-first heap   total 262144K, used 35862K [0x00000000e0000000, 0x0000000100000000)
  region size 1024K, 1 young (1024K), 1 survivors (1024K)
 Metaspace       used 41377K, committed 43008K, reserved 393216K
  class space    used 6164K, committed 6976K, reserved 327680K
}
Event: 15358.444 GC heap before
{Heap before GC invocations=15 (full 0):
 garbage-first heap   total 262144K, used 47126K [0x00000000e0000000, 0x0000000100000000)
  region size 1024K, 12 young (12288K), 1 survivors (1024K)
 Metaspace       used 41377K, committed 43008K, reserved 393216K
  class space    used 6164K, committed 6976K, reserved 327680K
}

Dll operation events (20 events):
Event: 1.327 Attempting to load shared library C:\Users\pjoo6\.vscode\extensions\redhat.java-1.56.0-win32-x64\jre\21.0.12.1-win32-x86_64\bin\nio.dll
Event: 1.330 Loaded shared library C:\Users\pjoo6\.vscode\extensions\redhat.java-1.56.0-win32-x64\jre\21.0.12.1-win32-x86_64\bin\nio.dll
Event: 1.344 Attempting to load shared library C:\Users\pjoo6\.vscode\extensions\redhat.java-1.56.0-win32-x64\jre\21.0.12.1-win32-x86_64\bin\zip.dll
Event: 1.344 Loaded shared library C:\Users\pjoo6\.vscode\extensions\redhat.java-1.56.0-win32-x64\jre\21.0.12.1-win32-x86_64\bin\zip.dll
Event: 6.858 Attempting to load shared library C:\Users\pjoo6\.vscode\extensions\redhat.java-1.56.0-win32-x64\jre\21.0.12.1-win32-x86_64\bin\jimage.dll
Event: 6.858 Loaded shared library C:\Users\pjoo6\.vscode\extensions\redhat.java-1.56.0-win32-x64\jre\21.0.12.1-win32-x86_64\bin\jimage.dll
Event: 82.837 Attempting to load shared library C:\Users\pjoo6\.vscode\extensions\redhat.java-1.56.0-win32-x64\jre\21.0.12.1-win32-x86_64\bin\verify.dll
Event: 82.861 Loaded shared library C:\Users\pjoo6\.vscode\extensions\redhat.java-1.56.0-win32-x64\jre\21.0.12.1-win32-x86_64\bin\verify.dll
Event: 89.474 Attempting to load shared library C:\Users\pjoo6\.gradle\native\660c5614fbf4a5f2a75b1949f50a0caf5cd603558e7d8a26e50b933a0cfb79d1\windows-amd64\native-platform.dll
Event: 89.491 Loaded shared library C:\Users\pjoo6\.gradle\native\660c5614fbf4a5f2a75b1949f50a0caf5cd603558e7d8a26e50b933a0cfb79d1\windows-amd64\native-platform.dll
Event: 91.022 Attempting to load shared library C:\Users\pjoo6\.gradle\native\0.2.8\x86_64-windows-gnu\gradle-fileevents.dll
Event: 91.044 Loaded shared library C:\Users\pjoo6\.gradle\native\0.2.8\x86_64-windows-gnu\gradle-fileevents.dll
Event: 350.134 Attempting to load shared library C:\Users\pjoo6\.vscode\extensions\redhat.java-1.56.0-win32-x64\jre\21.0.12.1-win32-x86_64\bin\management.dll
Event: 350.135 Loaded shared library C:\Users\pjoo6\.vscode\extensions\redhat.java-1.56.0-win32-x64\jre\21.0.12.1-win32-x86_64\bin\management.dll
Event: 350.146 Attempting to load shared library C:\Users\pjoo6\.vscode\extensions\redhat.java-1.56.0-win32-x64\jre\21.0.12.1-win32-x86_64\bin\management_ext.dll
Event: 350.154 Loaded shared library C:\Users\pjoo6\.vscode\extensions\redhat.java-1.56.0-win32-x64\jre\21.0.12.1-win32-x86_64\bin\management_ext.dll
Event: 356.652 Attempting to load shared library C:\Users\pjoo6\.vscode\extensions\redhat.java-1.56.0-win32-x64\jre\21.0.12.1-win32-x86_64\bin\extnet.dll
Event: 356.654 Loaded shared library C:\Users\pjoo6\.vscode\extensions\redhat.java-1.56.0-win32-x64\jre\21.0.12.1-win32-x86_64\bin\extnet.dll
Event: 407.933 Attempting to load shared library C:\Users\pjoo6\.vscode\extensions\redhat.java-1.56.0-win32-x64\jre\21.0.12.1-win32-x86_64\bin\sunmscapi.dll
Event: 408.468 Loaded shared library C:\Users\pjoo6\.vscode\extensions\redhat.java-1.56.0-win32-x64\jre\21.0.12.1-win32-x86_64\bin\sunmscapi.dll

Deoptimization events (20 events):
Event: 15221.369 Thread 0x0000027391df2970 Uncommon trap: trap_request=0xffffffd6 fr.pc=0x0000027387da9fc8 relative=0x00000000000008e8
Event: 15221.369 Thread 0x0000027391df2970 Uncommon trap: reason=array_check action=maybe_recompile pc=0x0000027387da9fc8 method=java.util.ComparableTimSort.reverseRange([Ljava/lang/Object;II)V @ 27 c2
Event: 15221.369 Thread 0x0000027391df2970 DEOPT PACKING pc=0x0000027387da9fc8 sp=0x000000b7a4efe4c0
Event: 15221.369 Thread 0x0000027391df2970 DEOPT UNPACKING pc=0x0000027387584422 sp=0x000000b7a4efe480 mode 2
Event: 15221.369 Thread 0x0000027391df2970 Uncommon trap: trap_request=0xffffffd6 fr.pc=0x0000027387da9fc8 relative=0x00000000000008e8
Event: 15221.369 Thread 0x0000027391df2970 Uncommon trap: reason=array_check action=maybe_recompile pc=0x0000027387da9fc8 method=java.util.ComparableTimSort.reverseRange([Ljava/lang/Object;II)V @ 27 c2
Event: 15221.369 Thread 0x0000027391df2970 DEOPT PACKING pc=0x0000027387da9fc8 sp=0x000000b7a4efe4c0
Event: 15221.369 Thread 0x0000027391df2970 DEOPT UNPACKING pc=0x0000027387584422 sp=0x000000b7a4efe480 mode 2
Event: 15256.864 Thread 0x0000027391df2970 Uncommon trap: trap_request=0xffffff45 fr.pc=0x0000027387ba551c relative=0x000000000000017c
Event: 15256.899 Thread 0x0000027391df2970 Uncommon trap: reason=unstable_if action=reinterpret pc=0x0000027387ba551c method=java.util.concurrent.locks.ReentrantLock$NonfairSync.initialTryLock()Z @ 25 c2
Event: 15256.899 Thread 0x0000027391df2970 DEOPT PACKING pc=0x0000027387ba551c sp=0x000000b7a4efeae0
Event: 15256.899 Thread 0x0000027391df2970 DEOPT UNPACKING pc=0x0000027387584422 sp=0x000000b7a4efea80 mode 2
Event: 15271.789 Thread 0x00000273abb80620 Uncommon trap: trap_request=0xffffff45 fr.pc=0x0000027387b018f4 relative=0x0000000000000f34
Event: 15271.827 Thread 0x00000273abb80620 Uncommon trap: reason=unstable_if action=reinterpret pc=0x0000027387b018f4 method=java.util.concurrent.locks.ReentrantLock$NonfairSync.tryAcquire(I)Z @ 4 c2
Event: 15271.880 Thread 0x00000273abb80620 DEOPT PACKING pc=0x0000027387b018f4 sp=0x000000b7a53f85f0
Event: 15272.037 Thread 0x00000273abb80620 DEOPT UNPACKING pc=0x0000027387584422 sp=0x000000b7a53f8520 mode 2
Event: 15272.164 Thread 0x00000273abb80620 Uncommon trap: trap_request=0xffffff45 fr.pc=0x0000027387bc8c18 relative=0x00000000000001f8
Event: 15272.186 Thread 0x00000273abb80620 Uncommon trap: reason=unstable_if action=reinterpret pc=0x0000027387bc8c18 method=java.util.concurrent.locks.AbstractQueuedSynchronizer$ConditionObject.unlinkCancelledWaiters(Ljava/util/concurrent/locks/AbstractQueuedSynchronizer$ConditionNode;)V @ 16 c2
Event: 15272.203 Thread 0x00000273abb80620 DEOPT PACKING pc=0x0000027387bc8c18 sp=0x000000b7a53f86a0
Event: 15272.230 Thread 0x00000273abb80620 DEOPT UNPACKING pc=0x0000027387584422 sp=0x000000b7a53f8630 mode 2

Classes loaded (20 events):
Event: 655.963 Loading class java/util/stream/Nodes$IntArrayNode done
Event: 655.964 Loading class java/util/stream/Nodes$IntFixedNodeBuilder done
Event: 667.958 Loading class sun/reflect/generics/tree/BooleanSignature
Event: 667.958 Loading class sun/reflect/generics/tree/BooleanSignature done
Event: 668.677 Loading class org/xml/sax/SAXParseException
Event: 668.679 Loading class org/xml/sax/SAXParseException done
Event: 668.679 Loading class org/xml/sax/Locator
Event: 668.680 Loading class org/xml/sax/Locator done
Event: 668.715 Loading class org/xml/sax/Attributes
Event: 668.719 Loading class org/xml/sax/Attributes done
Event: 671.587 Loading class java/util/DualPivotQuicksort
Event: 671.593 Loading class java/util/DualPivotQuicksort done
Event: 673.239 Loading class java/util/function/LongUnaryOperator
Event: 673.240 Loading class java/util/function/LongUnaryOperator done
Event: 673.943 Loading class java/util/TreeMap$KeySpliterator
Event: 673.944 Loading class java/util/TreeMap$TreeMapSpliterator
Event: 673.945 Loading class java/util/TreeMap$TreeMapSpliterator done
Event: 673.945 Loading class java/util/TreeMap$KeySpliterator done
Event: 674.649 Loading class java/util/PrimitiveIterator$OfInt
Event: 674.649 Loading class java/util/PrimitiveIterator$OfInt done

Classes unloaded (2 events):
Event: 546.057 Thread 0x0000027391a753d0 Unloading class 0x0000027393002000 'java/lang/invoke/LambdaForm$MH+0x0000027393002000'
Event: 546.057 Thread 0x0000027391a753d0 Unloading class 0x0000027393001c00 'java/lang/invoke/LambdaForm$MH+0x0000027393001c00'

Classes redefined (0 events):
No events

Internal exceptions (20 events):
Event: 655.116 Thread 0x00000273abb80620 Implicit null exception at 0x0000027387b712aa to 0x0000027387b716ac
Event: 655.900 Thread 0x00000273abb80620 Exception <a 'java/lang/NoSuchMethodError'{0x00000000edd81e18}: 'java.lang.Object java.lang.invoke.DelegatingMethodHandle$Holder.reinvoke_L(java.lang.Object, java.lang.Object, java.lang.Object, java.lang.Object, int, int)'> (0x00000000edd81e18) 
thrown [s\src\hotspot\share\interpreter\linkResolver.cpp, line 773]
Event: 656.348 Thread 0x00000273abb80620 Exception <a 'java/lang/ClassNotFoundException'{0x00000000eddfecb8}: org/gradle/initialization/DefaultSettings_DecoratedBeanInfo> (0x00000000eddfecb8) 
thrown [s\src\hotspot\share\classfile\systemDictionary.cpp, line 313]
Event: 656.371 Thread 0x00000273abb80620 Exception <a 'java/lang/ClassNotFoundException'{0x00000000edc0e078}: org/gradle/initialization/DefaultSettingsBeanInfo> (0x00000000edc0e078) 
thrown [s\src\hotspot\share\classfile\systemDictionary.cpp, line 313]
Event: 656.401 Thread 0x00000273abb80620 Exception <a 'java/lang/ClassNotFoundException'{0x00000000edc1cf38}: org/gradle/initialization/DefaultSettingsCustomizer> (0x00000000edc1cf38) 
thrown [s\src\hotspot\share\classfile\systemDictionary.cpp, line 313]
Event: 656.629 Thread 0x00000273abb80620 Exception <a 'java/lang/ClassNotFoundException'{0x00000000edc6a470}: org/gradle/initialization/DefaultSettings_DecoratedCustomizer> (0x00000000edc6a470) 
thrown [s\src\hotspot\share\classfile\systemDictionary.cpp, line 313]
Event: 657.081 Thread 0x00000273abb80620 Exception <a 'java/lang/ClassNotFoundException'{0x00000000edb20b50}: org/gradle/initialization/DefaultProjectDescriptorBeanInfo> (0x00000000edb20b50) 
thrown [s\src\hotspot\share\classfile\systemDictionary.cpp, line 313]
Event: 657.084 Thread 0x00000273abb80620 Exception <a 'java/lang/ClassNotFoundException'{0x00000000edb2e820}: org/gradle/initialization/DefaultProjectDescriptorCustomizer> (0x00000000edb2e820) 
thrown [s\src\hotspot\share\classfile\systemDictionary.cpp, line 313]
Event: 665.451 Thread 0x00000273abb80620 Exception <a 'java/lang/IncompatibleClassChangeError'{0x00000000ecf3fe68}: Found class java.lang.Object, but interface was expected> (0x00000000ecf3fe68) 
thrown [s\src\hotspot\share\interpreter\linkResolver.cpp, line 840]
Event: 666.474 Thread 0x00000273abb80620 Exception <a 'java/lang/ClassNotFoundException'{0x00000000ece0e120}: org/gradle/internal/metaobject/ConfigureDelegateBeanInfo> (0x00000000ece0e120) 
thrown [s\src\hotspot\share\classfile\systemDictionary.cpp, line 313]
Event: 666.477 Thread 0x00000273abb80620 Exception <a 'java/lang/ClassNotFoundException'{0x00000000ece1ae40}: org/gradle/internal/metaobject/ConfigureDelegateCustomizer> (0x00000000ece1ae40) 
thrown [s\src\hotspot\share\classfile\systemDictionary.cpp, line 313]
Event: 667.861 Thread 0x00000273abb80620 Exception <a 'java/lang/ClassNotFoundException'{0x00000000ecda6e90}: org/gradle/api/internal/project/DefaultProject_DecoratedBeanInfo> (0x00000000ecda6e90) 
thrown [s\src\hotspot\share\classfile\systemDictionary.cpp, line 313]
Event: 667.875 Thread 0x00000273abb80620 Exception <a 'java/lang/ClassNotFoundException'{0x00000000ecdb3a20}: org/gradle/api/internal/project/DefaultProjectBeanInfo> (0x00000000ecdb3a20) 
thrown [s\src\hotspot\share\classfile\systemDictionary.cpp, line 313]
Event: 667.883 Thread 0x00000273abb80620 Exception <a 'java/lang/ClassNotFoundException'{0x00000000ecdc06f8}: org/gradle/api/internal/project/DefaultProjectCustomizer> (0x00000000ecdc06f8) 
thrown [s\src\hotspot\share\classfile\systemDictionary.cpp, line 313]
Event: 668.559 Thread 0x00000273abb80620 Exception <a 'java/lang/ClassNotFoundException'{0x00000000ecc75f08}: org/gradle/api/internal/project/DefaultProject_DecoratedCustomizer> (0x00000000ecc75f08) 
thrown [s\src\hotspot\share\classfile\systemDictionary.cpp, line 313]
Event: 668.934 Thread 0x00000273abb80620 Exception <a 'java/lang/ClassNotFoundException'{0x00000000ecb16978}: org/gradle/configuration/internal/DefaultListenerBuildOperationDecorator$BuildOperationEmittingClosureBeanInfo> (0x00000000ecb16978) 
thrown [s\src\hotspot\share\classfile\systemDictionary.cpp, line 313]
Event: 668.945 Thread 0x00000273abb80620 Exception <a 'java/lang/ClassNotFoundException'{0x00000000ecb25848}: org/gradle/configuration/internal/DefaultListenerBuildOperationDecorator$BuildOperationEmittingClosureCustomizer> (0x00000000ecb25848) 
thrown [s\src\hotspot\share\classfile\systemDictionary.cpp, line 313]
Event: 673.241 Thread 0x00000273abb80620 Exception <a 'java/lang/NoSuchMethodError'{0x00000000ec5cefa8}: 'long java.lang.invoke.DirectMethodHandle$Holder.invokeStatic(java.lang.Object, long)'> (0x00000000ec5cefa8) 
thrown [s\src\hotspot\share\interpreter\linkResolver.cpp, line 773]
Event: 673.952 Thread 0x00000273abb80620 Exception <a 'java/lang/IncompatibleClassChangeError'{0x00000000ec337358}: Found class java.lang.Object, but interface was expected> (0x00000000ec337358) 
thrown [s\src\hotspot\share\interpreter\linkResolver.cpp, line 840]
Event: 685.237 Thread 0x00000273abb80620 Exception <a 'java/lang/NoSuchMethodError'{0x00000000eba91f98}: 'void java.lang.invoke.DirectMethodHandle$Holder.invokeStatic(java.lang.Object, java.lang.Object, java.lang.Object, java.lang.Object, java.lang.Object, java.lang.Object)'> (0x00000000eba91f98) 
thrown [s\src\hotspot\share\interpreter\linkResolver.cpp, line 773]

ZGC Phase Switch (0 events):
No events

VM Operations (20 events):
Event: 15286.719 Executing safepoint VM operation: Cleanup done
Event: 15295.438 Executing safepoint VM operation: G1CollectForAllocation (G1 Evacuation Pause)
Event: 15330.280 Executing safepoint VM operation: G1CollectForAllocation (G1 Evacuation Pause) done
Event: 15330.310 Executing safepoint VM operation: G1CollectForAllocation (G1 Evacuation Pause)
Event: 15339.284 Executing safepoint VM operation: G1CollectForAllocation (G1 Evacuation Pause) done
Event: 15340.295 Executing safepoint VM operation: Cleanup
Event: 15341.915 Executing safepoint VM operation: Cleanup done
Event: 15344.990 Executing safepoint VM operation: G1CollectForAllocation (G1 Evacuation Pause)
Event: 15346.486 Executing safepoint VM operation: G1CollectForAllocation (G1 Evacuation Pause) done
Event: 15347.946 Executing safepoint VM operation: G1CollectForAllocation (G1 Evacuation Pause)
Event: 15348.754 Executing safepoint VM operation: G1CollectForAllocation (G1 Evacuation Pause) done
Event: 15348.947 Executing safepoint VM operation: G1CollectForAllocation (G1 Evacuation Pause)
Event: 15350.690 Executing safepoint VM operation: G1CollectForAllocation (G1 Evacuation Pause) done
Event: 15350.812 Executing safepoint VM operation: G1CollectForAllocation (G1 Evacuation Pause)
Event: 15353.272 Executing safepoint VM operation: G1CollectForAllocation (G1 Evacuation Pause) done
Event: 15353.317 Executing safepoint VM operation: G1CollectForAllocation (G1 Evacuation Pause)
Event: 15354.626 Executing safepoint VM operation: G1CollectForAllocation (G1 Evacuation Pause) done
Event: 15354.702 Executing safepoint VM operation: G1CollectForAllocation (G1 Evacuation Pause)
Event: 15356.872 Executing safepoint VM operation: G1CollectForAllocation (G1 Evacuation Pause) done
Event: 15356.989 Executing safepoint VM operation: G1CollectForAllocation (G1 Evacuation Pause)

Memory protections (0 events):
No events

Nmethod flushes (20 events):
Event: 546.130 Thread 0x0000027391a753d0 flushing  nmethod 0x0000027380170910
Event: 546.130 Thread 0x0000027391a753d0 flushing  nmethod 0x0000027380173e10
Event: 546.130 Thread 0x0000027391a753d0 flushing  nmethod 0x0000027380174a10
Event: 546.130 Thread 0x0000027391a753d0 flushing  nmethod 0x0000027380183910
Event: 546.130 Thread 0x0000027391a753d0 flushing  nmethod 0x0000027380188f10
Event: 546.130 Thread 0x0000027391a753d0 flushing  nmethod 0x00000273802a8690
Event: 546.130 Thread 0x0000027391a753d0 flushing  nmethod 0x00000273803b5f10
Event: 546.130 Thread 0x0000027391a753d0 flushing  nmethod 0x00000273803b6790
Event: 546.130 Thread 0x0000027391a753d0 flushing  nmethod 0x00000273803f0a90
Event: 546.130 Thread 0x0000027391a753d0 flushing  nmethod 0x00000273803fc510
Event: 546.130 Thread 0x0000027391a753d0 flushing  nmethod 0x00000273803fca90
Event: 546.130 Thread 0x0000027391a753d0 flushing  nmethod 0x0000027380431b10
Event: 546.130 Thread 0x0000027391a753d0 flushing  nmethod 0x0000027380432390
Event: 546.130 Thread 0x0000027391a753d0 flushing  nmethod 0x0000027380434f10
Event: 546.130 Thread 0x0000027391a753d0 flushing  nmethod 0x0000027380463110
Event: 546.130 Thread 0x0000027391a753d0 flushing  nmethod 0x00000273804a4a10
Event: 546.130 Thread 0x0000027391a753d0 flushing  nmethod 0x00000273804a5410
Event: 546.130 Thread 0x0000027391a753d0 flushing  nmethod 0x00000273804a5910
Event: 546.130 Thread 0x0000027391a753d0 flushing  nmethod 0x00000273804a8710
Event: 546.130 Thread 0x0000027391a753d0 flushing  nmethod 0x0000027380502b90

Events (20 events):
Event: 452.326 Thread 0x00000273acf94150 Thread exited: 0x00000273acf94150
Event: 452.720 Thread 0x00000273ab92e790 Thread added: 0x00000273ab92cd50
Event: 452.730 Thread 0x00000273abb80620 Thread added: 0x00000273ab92b310
Event: 468.072 Thread 0x00000273abb80620 Thread added: 0x00000273acfa6140
Event: 468.528 Thread 0x00000273abb80620 Thread added: 0x00000273acfa8210
Event: 472.862 Thread 0x00000273abb80620 Thread added: 0x00000273acfa74f0
Event: 473.045 Thread 0x00000273abb80620 Thread added: 0x00000273acfa7b80
Event: 474.719 Thread 0x00000273abb80620 Thread added: 0x00000273acfa88a0
Event: 475.325 Thread 0x00000273abb80620 Thread added: 0x00000273acfa5420
Event: 478.501 Thread 0x00000273abb80620 Thread added: 0x00000273acfa8f30
Event: 479.009 Thread 0x00000273abb80620 Thread added: 0x00000273acfa67d0
Event: 505.674 Thread 0x00000273abb80620 Thread added: 0x00000273acfa6e60
Event: 536.902 Thread 0x00000273abb80620 Thread added: 0x00000273acfa5ab0
Event: 550.674 Thread 0x0000027391aac120 Thread added: 0x00000273abb5bff0
Event: 551.154 Thread 0x00000273abb5bff0 Thread exited: 0x00000273abb5bff0
Event: 563.450 Thread 0x00000273abb80620 Thread added: 0x00000273acfac3b0
Event: 627.188 Thread 0x00000273ab92cd50 Thread exited: 0x00000273ab92cd50
Event: 649.961 Thread 0x00000273ab92e790 Thread added: 0x00000273acfa95c0
Event: 650.002 Thread 0x00000273abb80620 Thread added: 0x00000273acfa9c50
Event: 15229.445 Thread 0x00000273acfa95c0 Thread exited: 0x00000273acfa95c0


Dynamic libraries:
0x00007ff7ad5d0000 - 0x00007ff7ad5de000 	C:\Users\pjoo6\.vscode\extensions\redhat.java-1.56.0-win32-x64\jre\21.0.12.1-win32-x86_64\bin\java.exe
0x00007ffe85b40000 - 0x00007ffe85da7000 	C:\WINDOWS\SYSTEM32\ntdll.dll
0x00007ffe83fa0000 - 0x00007ffe8406b000 	C:\WINDOWS\System32\KERNEL32.DLL
0x00007ffe83450000 - 0x00007ffe83852000 	C:\WINDOWS\System32\KERNELBASE.dll
0x00007ffe831a0000 - 0x00007ffe832ec000 	C:\WINDOWS\System32\ucrtbase.dll
0x00007ffe63b60000 - 0x00007ffe63b7e000 	C:\Users\pjoo6\.vscode\extensions\redhat.java-1.56.0-win32-x64\jre\21.0.12.1-win32-x86_64\bin\VCRUNTIME140.dll
0x00007ffe63b40000 - 0x00007ffe63b58000 	C:\Users\pjoo6\.vscode\extensions\redhat.java-1.56.0-win32-x64\jre\21.0.12.1-win32-x86_64\bin\jli.dll
0x00007ffe84370000 - 0x00007ffe8453f000 	C:\WINDOWS\System32\USER32.dll
0x00007ffe83170000 - 0x00007ffe83197000 	C:\WINDOWS\System32\win32u.dll
0x00007ffe84190000 - 0x00007ffe841bb000 	C:\WINDOWS\System32\GDI32.dll
0x00007ffe82eb0000 - 0x00007ffe82fd9000 	C:\WINDOWS\System32\gdi32full.dll
0x00007ffe82d40000 - 0x00007ffe82de3000 	C:\WINDOWS\System32\msvcp_win.dll
0x00007ffe59f50000 - 0x00007ffe5a1e0000 	C:\WINDOWS\WinSxS\amd64_microsoft.windows.common-controls_6595b64144ccf1df_6.0.26100.9278_none_3e0d1ba8e3303201\COMCTL32.dll
0x00007ffe847b0000 - 0x00007ffe84859000 	C:\WINDOWS\System32\msvcrt.dll
0x00007ffe841c0000 - 0x00007ffe841f1000 	C:\WINDOWS\System32\IMM32.DLL
0x00007ffe63b30000 - 0x00007ffe63b3c000 	C:\Users\pjoo6\.vscode\extensions\redhat.java-1.56.0-win32-x64\jre\21.0.12.1-win32-x86_64\bin\vcruntime140_1.dll
0x00007ffe63aa0000 - 0x00007ffe63b2d000 	C:\Users\pjoo6\.vscode\extensions\redhat.java-1.56.0-win32-x64\jre\21.0.12.1-win32-x86_64\bin\msvcp140.dll
0x00007ffdaaf20000 - 0x00007ffdabcc2000 	C:\Users\pjoo6\.vscode\extensions\redhat.java-1.56.0-win32-x64\jre\21.0.12.1-win32-x86_64\bin\server\jvm.dll
0x00007ffe83a90000 - 0x00007ffe83b4c000 	C:\WINDOWS\System32\ADVAPI32.dll
0x00007ffe84630000 - 0x00007ffe846d9000 	C:\WINDOWS\System32\sechost.dll
0x00007ffe84070000 - 0x00007ffe84188000 	C:\WINDOWS\System32\RPCRT4.dll
0x00007ffe849b0000 - 0x00007ffe84a30000 	C:\WINDOWS\System32\WS2_32.dll
0x00007ffe82ba0000 - 0x00007ffe82bfe000 	C:\WINDOWS\SYSTEM32\POWRPROF.dll
0x00007ffe77900000 - 0x00007ffe77936000 	C:\WINDOWS\SYSTEM32\WINMM.dll
0x00007ffe6dff0000 - 0x00007ffe6dffb000 	C:\WINDOWS\SYSTEM32\VERSION.dll
0x00007ffe82b80000 - 0x00007ffe82b95000 	C:\WINDOWS\SYSTEM32\UMPDC.dll
0x00007ffe81a10000 - 0x00007ffe81a2b000 	C:\WINDOWS\SYSTEM32\kernel.appcore.dll
0x00007ffe63a90000 - 0x00007ffe63a9a000 	C:\Users\pjoo6\.vscode\extensions\redhat.java-1.56.0-win32-x64\jre\21.0.12.1-win32-x86_64\bin\jimage.dll
0x00007ffe80280000 - 0x00007ffe804cc000 	C:\WINDOWS\SYSTEM32\DBGHELP.DLL
0x00007ffe83b60000 - 0x00007ffe83ee5000 	C:\WINDOWS\System32\combase.dll
0x00007ffe84550000 - 0x00007ffe84629000 	C:\WINDOWS\System32\OLEAUT32.dll
0x00007ffe58920000 - 0x00007ffe5895b000 	C:\WINDOWS\SYSTEM32\dbgcore.DLL
0x00007ffe83300000 - 0x00007ffe833ac000 	C:\WINDOWS\System32\bcryptPrimitives.dll
0x00007ffe5c060000 - 0x00007ffe5c06f000 	C:\Users\pjoo6\.vscode\extensions\redhat.java-1.56.0-win32-x64\jre\21.0.12.1-win32-x86_64\bin\instrument.dll
0x00007ffe638f0000 - 0x00007ffe63910000 	C:\Users\pjoo6\.vscode\extensions\redhat.java-1.56.0-win32-x64\jre\21.0.12.1-win32-x86_64\bin\java.dll
0x00007ffe84ba0000 - 0x00007ffe85338000 	C:\WINDOWS\System32\SHELL32.dll
0x00007ffe80770000 - 0x00007ffe8101e000 	C:\WINDOWS\SYSTEM32\windows.storage.dll
0x00007ffe84200000 - 0x00007ffe842fb000 	C:\WINDOWS\System32\SHCORE.dll
0x00007ffe84300000 - 0x00007ffe84366000 	C:\WINDOWS\System32\shlwapi.dll
0x00007ffe82c60000 - 0x00007ffe82c89000 	C:\WINDOWS\SYSTEM32\profapi.dll
0x00007ffe638d0000 - 0x00007ffe638e8000 	C:\Users\pjoo6\.vscode\extensions\redhat.java-1.56.0-win32-x64\jre\21.0.12.1-win32-x86_64\bin\zip.dll
0x00007ffe63a80000 - 0x00007ffe63a90000 	C:\Users\pjoo6\.vscode\extensions\redhat.java-1.56.0-win32-x64\jre\21.0.12.1-win32-x86_64\bin\net.dll
0x00007ffe76d70000 - 0x00007ffe76e9a000 	C:\WINDOWS\SYSTEM32\WINHTTP.dll
0x00007ffe81fd0000 - 0x00007ffe8203c000 	C:\WINDOWS\system32\mswsock.dll
0x00007ffe63820000 - 0x00007ffe63836000 	C:\Users\pjoo6\.vscode\extensions\redhat.java-1.56.0-win32-x64\jre\21.0.12.1-win32-x86_64\bin\nio.dll
0x00007ffe5c1d0000 - 0x00007ffe5c1e0000 	C:\Users\pjoo6\.vscode\extensions\redhat.java-1.56.0-win32-x64\jre\21.0.12.1-win32-x86_64\bin\verify.dll
0x00007ffe5c1f0000 - 0x00007ffe5c217000 	C:\Users\pjoo6\.gradle\native\660c5614fbf4a5f2a75b1949f50a0caf5cd603558e7d8a26e50b933a0cfb79d1\windows-amd64\native-platform.dll
0x00007ffe25f70000 - 0x00007ffe25fe7000 	C:\Users\pjoo6\.gradle\native\0.2.8\x86_64-windows-gnu\gradle-fileevents.dll
0x00007ffe5c1e0000 - 0x00007ffe5c1ea000 	C:\Users\pjoo6\.vscode\extensions\redhat.java-1.56.0-win32-x64\jre\21.0.12.1-win32-x86_64\bin\management.dll
0x00007ffe5c130000 - 0x00007ffe5c13c000 	C:\Users\pjoo6\.vscode\extensions\redhat.java-1.56.0-win32-x64\jre\21.0.12.1-win32-x86_64\bin\management_ext.dll
0x00007ffe85400000 - 0x00007ffe85408000 	C:\WINDOWS\System32\PSAPI.DLL
0x00007ffe81390000 - 0x00007ffe813c3000 	C:\WINDOWS\SYSTEM32\IPHLPAPI.DLL
0x00007ffe847a0000 - 0x00007ffe847aa000 	C:\WINDOWS\System32\NSI.dll
0x00007ffe63d20000 - 0x00007ffe63d29000 	C:\Users\pjoo6\.vscode\extensions\redhat.java-1.56.0-win32-x64\jre\21.0.12.1-win32-x86_64\bin\extnet.dll
0x00007ffe822e0000 - 0x00007ffe822fb000 	C:\WINDOWS\SYSTEM32\CRYPTSP.dll
0x00007ffe81970000 - 0x00007ffe819a9000 	C:\WINDOWS\system32\rsaenh.dll
0x00007ffe82080000 - 0x00007ffe820b4000 	C:\WINDOWS\SYSTEM32\USERENV.dll
0x00007ffe82c30000 - 0x00007ffe82c5a000 	C:\WINDOWS\SYSTEM32\bcrypt.dll
0x00007ffe822c0000 - 0x00007ffe822cc000 	C:\WINDOWS\SYSTEM32\CRYPTBASE.dll
0x00007ffe3a480000 - 0x00007ffe3a48e000 	C:\Users\pjoo6\.vscode\extensions\redhat.java-1.56.0-win32-x64\jre\21.0.12.1-win32-x86_64\bin\sunmscapi.dll
0x00007ffe82fe0000 - 0x00007ffe8315e000 	C:\WINDOWS\System32\CRYPT32.dll
0x00007ffe82500000 - 0x00007ffe82530000 	C:\WINDOWS\SYSTEM32\ncrypt.dll
0x00007ffe824b0000 - 0x00007ffe824ef000 	C:\WINDOWS\SYSTEM32\NTASN1.dll
0x00007ffe50a60000 - 0x00007ffe50a68000 	C:\WINDOWS\system32\wshunix.dll

JVMTI agents:
C:\Users\pjoo6\.gradle\wrapper\dists\gradle-9.7.1-bin\1w1c7tv4s851m17nbqdsro2tv\gradle-9.7.1\lib\agents\gradle-instrumentation-agent-9.7.1.jar path:C:\Users\pjoo6\.vscode\extensions\redhat.java-1.56.0-win32-x64\jre\21.0.12.1-win32-x86_64\bin\instrument.dll, loaded, initialized, instrumentlib options:none

dbghelp: loaded successfully - version: 4.0.5 - missing functions: none
symbol engine: initialized successfully - sym options: 0x614 - pdb path: .;C:\Users\pjoo6\.vscode\extensions\redhat.java-1.56.0-win32-x64\jre\21.0.12.1-win32-x86_64\bin;C:\WINDOWS\SYSTEM32;C:\WINDOWS\WinSxS\amd64_microsoft.windows.common-controls_6595b64144ccf1df_6.0.26100.9278_none_3e0d1ba8e3303201;C:\Users\pjoo6\.vscode\extensions\redhat.java-1.56.0-win32-x64\jre\21.0.12.1-win32-x86_64\bin\server;C:\Users\pjoo6\.gradle\native\660c5614fbf4a5f2a75b1949f50a0caf5cd603558e7d8a26e50b933a0cfb79d1\windows-amd64;C:\Users\pjoo6\.gradle\native\0.2.8\x86_64-windows-gnu

VM Arguments:
jvm_args: --add-opens=java.base/java.lang=ALL-UNNAMED --add-opens=java.base/java.lang.invoke=ALL-UNNAMED --add-opens=java.base/java.util=ALL-UNNAMED --add-opens=java.prefs/java.util.prefs=ALL-UNNAMED --add-exports=jdk.compiler/com.sun.tools.javac.api=ALL-UNNAMED --add-exports=jdk.compiler/com.sun.tools.javac.util=ALL-UNNAMED --add-opens=java.base/java.nio.charset=ALL-UNNAMED --add-opens=java.base/java.net=ALL-UNNAMED --add-opens=java.base/java.util.concurrent=ALL-UNNAMED --add-opens=java.base/java.util.concurrent.atomic=ALL-UNNAMED --add-opens=java.xml/javax.xml.namespace=ALL-UNNAMED --add-opens=java.base/java.time=ALL-UNNAMED -XX:MaxMetaspaceSize=384m -XX:+HeapDumpOnOutOfMemoryError -Xms256m -Xmx512m -Dfile.encoding=UTF-8 -Duser.country=KR -Duser.language=ko -Duser.variant -javaagent:C:\Users\pjoo6\.gradle\wrapper\dists\gradle-9.7.1-bin\1w1c7tv4s851m17nbqdsro2tv\gradle-9.7.1\lib\agents\gradle-instrumentation-agent-9.7.1.jar 
java_command: org.gradle.launcher.daemon.bootstrap.GradleDaemon 9.7.1
java_class_path (initial): C:\Users\pjoo6\.gradle\wrapper\dists\gradle-9.7.1-bin\1w1c7tv4s851m17nbqdsro2tv\gradle-9.7.1\lib\gradle-daemon-main-9.7.1.jar
Launcher Type: SUN_STANDARD

[Global flags]
     intx CICompilerCount                          = 4                                         {product} {ergonomic}
   size_t CompressedClassSpaceSize                 = 335544320                                 {product} {ergonomic}
     uint ConcGCThreads                            = 3                                         {product} {ergonomic}
     uint G1ConcRefinementThreads                  = 10                                        {product} {ergonomic}
   size_t G1HeapRegionSize                         = 1048576                                   {product} {ergonomic}
    uintx GCDrainStackTargetSize                   = 64                                        {product} {ergonomic}
     bool HeapDumpOnOutOfMemoryError               = true                                   {manageable} {command line}
   size_t InitialHeapSize                          = 268435456                                 {product} {command line}
   size_t MarkStackSize                            = 4194304                                   {product} {ergonomic}
   size_t MaxHeapSize                              = 536870912                                 {product} {command line}
   size_t MaxMetaspaceSize                         = 402653184                                 {product} {command line}
   size_t MaxNewSize                               = 321912832                                 {product} {ergonomic}
   size_t MinHeapDeltaBytes                        = 1048576                                   {product} {ergonomic}
   size_t MinHeapSize                              = 268435456                                 {product} {command line}
    uintx NonNMethodCodeHeapSize                   = 5839372                                {pd product} {ergonomic}
    uintx NonProfiledCodeHeapSize                  = 122909434                              {pd product} {ergonomic}
    uintx ProfiledCodeHeapSize                     = 122909434                              {pd product} {ergonomic}
    uintx ReservedCodeCacheSize                    = 251658240                              {pd product} {ergonomic}
     bool SegmentedCodeCache                       = true                                      {product} {ergonomic}
   size_t SoftMaxHeapSize                          = 536870912                              {manageable} {ergonomic}
     bool UseCompressedOops                        = true                           {product lp64_product} {ergonomic}
     bool UseG1GC                                  = true                                      {product} {ergonomic}
     bool UseLargePagesIndividualAllocation        = false                                  {pd product} {ergonomic}

Logging:
Log output configuration:
 #0: stdout all=warning uptime,level,tags foldmultilines=false
 #1: stderr all=off uptime,level,tags foldmultilines=false

Release file:
JAVA_VERSION="21.0.12.1" 
MODULES="java.base java.compiler java.datatransfer java.xml java.prefs java.desktop java.instrument java.logging java.management java.security.sasl java.naming java.rmi java.management.rmi java.net.http java.scripting java.security.jgss java.transaction.xa java.sql java.sql.rowset java.xml.crypto java.se java.smartcardio jdk.accessibility jdk.internal.jvmstat jdk.attach jdk.charsets jdk.internal.opt jdk.zipfs jdk.compiler jdk.crypto.ec jdk.crypto.cryptoki jdk.crypto.mscapi jdk.dynalink jdk.internal.ed jdk.editpad jdk.hotspot.agent jdk.httpserver jdk.internal.le jdk.internal.vm.ci jdk.internal.vm.compiler jdk.internal.vm.compiler.management jdk.jartool jdk.javadoc jdk.jcmd jdk.management jdk.management.agent jdk.jconsole jdk.jdeps jdk.jdwp.agent jdk.jdi jdk.jfr jdk.jshell jdk.jsobject jdk.jstatd jdk.localedata jdk.management.jfr jdk.naming.dns jdk.naming.rmi jdk.net jdk.nio.mapmode jdk.random jdk.sctp jdk.security.auth jdk.security.jgss jdk.unsupported jdk.unsupported.desktop jdk.xml.dom" 

Environment Variables:
JAVA_HOME=C:\Program Files\Eclipse Adoptium\jdk-21.0.12.101-hotspot\
PATH=C:\Program Files\Eclipse Adoptium\jdk-21.0.12.101-hotspot\bin;C:\Program Files\Common Files\Oracle\Java\javapath;C:\windows\system32;C:\windows;C:\windows\System32\Wbem;C:\windows\System32\WindowsPowerShell\v1.0\;C:\windows\System32\OpenSSH\;C:\WINDOWS\system32;C:\WINDOWS;C:\WINDOWS\System32\Wbem;C:\WINDOWS\System32\WindowsPowerShell\v1.0\;C:\WINDOWS\System32\OpenSSH\;C:\Program Files (x86)\IncrediBuild;C:\Program Files\Git\cmd;C:\Program Files\dotnet\;C:\Program Files\nodejs\;C:\Program Files (x86)\cloudflared\;C:\Users\pjoo6\AppData\Local\Programs\Python\Python39\Scripts\;C:\Users\pjoo6\AppData\Local\Programs\Python\Python39\;C:\Users\pjoo6\AppData\Local\Microsoft\WindowsApps;C:\Users\pjoo6\OneDrive\πŸ≈¡ »≠∏È\opencv\build\x64\vc15\bin;C:\Users\pjoo6\AppData\Local\Programs\Microsoft VS Code\bin;C:\Users\pjoo6\AppData\Roaming\npm
USERNAME=pjoo6
OS=Windows_NT
PROCESSOR_IDENTIFIER=Intel64 Family 6 Model 186 Stepping 3, GenuineIntel
TMP=C:\Users\pjoo6\AppData\Local\Temp
TEMP=C:\Users\pjoo6\AppData\Local\Temp




Periodic native trim disabled

---------------  S Y S T E M  ---------------

OS:
 Windows 11 , 64 bit Build 26100 (10.0.26100.9444)
OS uptime: 0 days 5:12 hours
Hyper-V role detected

CPU: total 12 (initial active 12) (6 cores per cpu, 2 threads per core) family 6 model 186 stepping 3 microcode 0x6134, cx8, cmov, fxsr, ht, mmx, 3dnowpref, sse, sse2, sse3, ssse3, sse4.1, sse4.2, popcnt, lzcnt, tsc, tscinvbit, avx, avx2, aes, erms, clmul, bmi1, bmi2, adx, sha, fma, vzeroupper, clflush, clflushopt, clwb, hv, serialize, rdtscp, rdpid, fsrm, f16c, cet_ibt, cet_ss
Processor Information for the first 12 processors :
  Max Mhz: 1300, Current Mhz: 1300, Mhz Limit: 1300

Memory: 4k page, system-wide physical 16027M (994M free)
TotalPageFile size 65179M (AvailPageFile size 101M)
current process WorkingSet (physical memory assigned to process): 51M, peak: 218M
current process commit charge ("private bytes"): 450M, peak: 485M

vm_info: OpenJDK 64-Bit Server VM (21.0.12.1+1-LTS) for windows-amd64 JRE (21.0.12.1+1-LTS), built on 2026-08-18T00:00:00Z by "admin" with MS VC++ 17.12 (VS2022)

END.
